Found 35 test(s).
docker : Creating test 
database for alias 
'default' ('test_mwt')...
En línea: 1 Carácter: 1
+ docker compose exec 
django python manage.py 
test apps.expedientes.tes 
...
+ ~~~~~~~~~~~~~~~~~~~~~~~~~
~~~~~~~~~~~~~~~~~~~~~~~~~~~
~~~~~~~~~~~~~~~~~
    + CategoryInfo         
     : NotSpecified: (Cre  
  ating test d...('test_   
 mwt')...:String) [], R    
emoteException
    + FullyQualifiedErrorI 
   d : NativeCommandError
 
Operations to perform:
  Synchronize unmigrated apps: corsheaders, drf_spectacular, messages, portal, postgres, rest_framework, rest_framework_simplejwt, staticfiles
  Apply all migrations: admin, agreements, audit, auth, brands, clientes, contenttypes, core, django_celery_beat, expedientes, inventario, knowledge, liquidations, orders, pricing, productos, qr, sessions, sizing, suppliers, token_blacklist, transfers, users
Synchronizing apps without migrations:
  Creating tables...
    Running deferred SQL...
Running migrations:
  Applying core.0001_initial... OK
  Applying core.0002_legalentity... OK
  Applying contenttypes.0001_initial... OK
  Applying contenttypes.0002_remove_content_type_name... OK
  Applying auth.0001_initial... OK
  Applying auth.0002_alter_permission_name_max_length... OK
  Applying auth.0003_alter_user_email_max_length... OK
  Applying auth.0004_alter_user_username_opts... OK
  Applying auth.0005_alter_user_last_login_null... OK
  Applying auth.0006_require_contenttypes_0002... OK
  Applying auth.0007_alter_validators_add_error_messages... OK
  Applying auth.0008_alter_user_username_max_length... OK
  Applying auth.0009_alter_user_last_name_max_length... OK
  Applying auth.0010_alter_group_name_max_length... OK
  Applying auth.0011_update_proxy_permissions... OK
  Applying auth.0012_alter_user_first_name_max_length... OK
  Applying users.0001_initial... OK
  Applying admin.0001_initial... OK
  Applying admin.0002_logentry_remove_auto_add... OK
  Applying admin.0003_logentry_add_action_flag_choices... OK
  Applying expedientes.0001_initial... OK
  Applying expedientes.0002_alter_artifactinstance_status... OK
  Applying expedientes.0003_alter_expediente_payment_status... OK
  Applying expedientes.0004_alter_eventlog_aggregate_type_and_more... OK
  Applying transfers.0001_initial... OK
  Applying expedientes.0005_sprint5_schema... OK
  Applying expedientes.0006_alter_logisticsoption_created_at_and_more... OK
  Applying brands.0001_initial... OK
  Applying expedientes.0007_expediente_destination_alter_expediente_brand... OK
  Applying expedientes.0008_legalentity_to_core... OK
  Applying transfers.0002_retarget_legalentity_fks_to_core... OK
  Applying expedientes.0009_retarget_legalentity_fks_to_core... OK
  Applying expedientes.0010_alter_artifactinstance_status_and_more... OK
  Applying expedientes.0011_costline_amount_base_currency_costline_base_currency_and_more... OK
  Applying expedientes.0012_expediente_nodo_destino... OK
  Applying expedientes.0013_remove_costline_behavior_remove_costline_category_and_more... OK
  Applying expedientes.0014_expediente_snapshot_commercial... OK
  Applying expedientes.0015_expediente_credit_blocked_expediente_credit_warning... OK
  Applying brands.0002_brandconfigversion_catalogversion... OK
  Applying agreements.0001_initial... OK
  Applying agreements.0002_creditexposure_reserved_amount_creditoverride... OK
  Applying agreements.0003_brandclientagreement_commission_and_more... OK
  Applying audit.0001_initial... OK
  Applying clientes.0001_initial... OK
  Applying clientes.0002_clientgroup_clientultimateparent_clientsubsidiary_and_more... OK
  Applying clientes.0003_clientsubsidiary_address_and_more... OK
  Applying django_celery_beat.0001_initial... OK
  Applying django_celery_beat.0002_auto_20161118_0346... OK
  Applying django_celery_beat.0003_auto_20161209_0049... OK
  Applying django_celery_beat.0004_auto_20170221_0000... OK
  Applying django_celery_beat.0005_add_solarschedule_events_choices... OK
  Applying django_celery_beat.0006_auto_20180322_0932... OK
  Applying django_celery_beat.0007_auto_20180521_0826... OK
  Applying django_celery_beat.0008_auto_20180914_1922... OK
  Applying django_celery_beat.0006_auto_20180210_1226... OK
  Applying django_celery_beat.0006_periodictask_priority... OK
  Applying django_celery_beat.0009_periodictask_headers... OK
  Applying django_celery_beat.0010_auto_20190429_0326... OK
  Applying django_celery_beat.0011_auto_20190508_0153... OK
  Applying django_celery_beat.0012_periodictask_expire_seconds... OK
  Applying django_celery_beat.0013_auto_20200609_0727... OK
  Applying django_celery_beat.0014_remove_clockedschedule_enabled... OK
  Applying django_celery_beat.0015_edit_solarschedule_events_choices... OK
  Applying django_celery_beat.0016_alter_crontabschedule_timezone... OK
  Applying django_celery_beat.0017_alter_crontabschedule_month_of_year... OK
  Applying django_celery_beat.0018_improve_crontab_helptext... OK
  Applying django_celery_beat.0019_alter_periodictasks_options... OK
  Applying productos.0001_initial... OK
  Applying productos.0002_alter_producto_created_at... OK
  Applying productos.0003_productmaster_productvariant... OK
  Applying pricing.0001_initial... OK
  Applying pricing.0002_pricelistitem_moq_per_size... OK
  Applying expedientes.0016_reopen_tracking... OK
  Applying expedientes.0017_sprint18_all... OK
  Applying expedientes.0018_sprint18_fields... OK
  Applying expedientes.0019_s20_proforma_fks... OK
  Applying inventario.0001_initial... OK
  Applying knowledge.0001_initial... OK
  Applying knowledge.0002_alter_conversationlog_user... OK
  Applying liquidations.0001_initial... OK
  Applying liquidations.0002_alter_liquidation_source_file_and_more... OK
  Applying orders.0001_initial... OK
  Applying qr.0001_initial... OK
  Applying sessions.0001_initial... OK
  Applying sizing.0001_initial... OK
  Applying sizing.0002_seed_rw_marluvas... OK
  Applying suppliers.0001_initial... OK
  Applying token_blacklist.0001_initial... OK
  Applying token_blacklist.0002_outstandingtoken_jti_hex... OK
  Applying token_blacklist.0003_auto_20171017_2007... OK
  Applying token_blacklist.0004_auto_20171017_2013... OK
  Applying token_blacklist.0005_remove_outstandingtoken_jti... OK
  Applying token_blacklist.0006_auto_20171017_2113... OK
  Applying token_blacklist.0007_auto_20171017_2214... OK
  Applying token_blacklist.0008_migrate_to_bigautofield... OK
  Applying token_blacklist.0010_fix_migrate_to_bigautofield... OK
  Applying token_blacklist.0011_linearizes_history... OK
  Applying token_blacklist.0012_alter_outstandingtoken_user... OK
  Applying users.0002_migrate_ceo... OK
  Applying users.0003_alter_mwtuser_groups... OK
  Applying users.0004_mwtuser_is_blocked... OK
  Applying users.0005_mwtuser_brand... OK
System check identified no issues (0 silenced).
test_create_empty (apps.exp
edientes.tests.test_proform
as.Test01CreateExpedienteEm
pty.test_create_empty) ... 
ok
test_two_proformas (apps.ex
pedientes.tests.test_profor
mas.Test02TwoProformasInSam
eExpediente.test_two_profor
mas) ... ok
test_assign_lines (apps.exp
edientes.tests.test_proform
as.Test03AssignLinesViaCrea
teProforma.test_assign_line
s) ... ERROR 2026-03-30 
15:08:31,930 log Internal 
Server Error: /api/expedien
tes/2d2346bf-612b-4772-a05b
-ac2f50676b76/proformas/
Traceback (most recent 
call last):
  File "/usr/local/lib/pyth
on3.12/site-packages/django
/db/backends/utils.py", 
line 105, in _execute
    return 
self.cursor.execute(sql, 
params)
           ^^^^^^^^^^^^^^^^
^^^^^^^^^^^^^^^^
psycopg2.errors.FeatureNotS
upported: FOR UPDATE 
cannot be applied to the 
nullable side of an outer 
join


The above exception was 
the direct cause of the 
following exception:

Traceback (most recent 
call last):
  File "/usr/local/lib/pyth
on3.12/site-packages/django
/core/handlers/exception.py
", line 55, in inner
    response = 
get_response(request)
               
^^^^^^^^^^^^^^^^^^^^^
  File "/usr/local/lib/pyth
on3.12/site-packages/django
/core/handlers/base.py", 
line 197, in _get_response
    response = 
wrapped_callback(request, 
*callback_args, 
**callback_kwargs)
               ^^^^^^^^^^^^
^^^^^^^^^^^^^^^^^^^^^^^^^^^
^^^^^^^^^^^^^^^^^^^^^
  File "/usr/local/lib/pyth
on3.12/site-packages/django
/views/decorators/csrf.py",
 line 65, in _view_wrapper
    return 
view_func(request, *args, 
**kwargs)
           ^^^^^^^^^^^^^^^^
^^^^^^^^^^^^^^^^^^^
  File "/usr/local/lib/pyth
on3.12/site-packages/django
/views/generic/base.py", 
line 104, in view
    return 
self.dispatch(request, 
*args, **kwargs)
           ^^^^^^^^^^^^^^^^
^^^^^^^^^^^^^^^^^^^^^^^
  File "/usr/local/lib/pyth
on3.12/site-packages/rest_f
ramework/views.py", line 
509, in dispatch
    response = 
self.handle_exception(exc)
               
^^^^^^^^^^^^^^^^^^^^^^^^^^
  File "/usr/local/lib/pyth
on3.12/site-packages/rest_f
ramework/views.py", line 
469, in handle_exception
    self.raise_uncaught_exc
eption(exc)
  File "/usr/local/lib/pyth
on3.12/site-packages/rest_f
ramework/views.py", line 
480, in 
raise_uncaught_exception
    raise exc
  File "/usr/local/lib/pyth
on3.12/site-packages/rest_f
ramework/views.py", line 
506, in dispatch
    response = 
handler(request, *args, 
**kwargs)
               ^^^^^^^^^^^^
^^^^^^^^^^^^^^^^^^^^^
  File "/app/apps/expedient
es/views_s20.py", line 78, 
in post
    .get(pk=pk)
     ^^^^^^^^^^
  File "/usr/local/lib/pyth
on3.12/site-packages/django
/db/models/query.py", line 
645, in get
    num = len(clone)
          ^^^^^^^^^^
  File "/usr/local/lib/pyth
on3.12/site-packages/django
/db/models/query.py", line 
382, in __len__
    self._fetch_all()
  File "/usr/local/lib/pyth
on3.12/site-packages/django
/db/models/query.py", line 
1928, in _fetch_all
    self._result_cache = li
st(self._iterable_class(sel
f))
                         ^^
^^^^^^^^^^^^^^^^^^^^^^^^^^^
^^^
  File "/usr/local/lib/pyth
on3.12/site-packages/django
/db/models/query.py", line 
91, in __iter__
    results = 
compiler.execute_sql(
              
^^^^^^^^^^^^^^^^^^^^^
  File "/usr/local/lib/pyth
on3.12/site-packages/django
/db/models/sql/compiler.py"
, line 1574, in execute_sql
    cursor.execute(sql, 
params)
  File "/usr/local/lib/pyth
on3.12/site-packages/django
/db/backends/utils.py", 
line 79, in execute
    return self._execute_wi
th_wrappers(
           ^^^^^^^^^^^^^^^^
^^^^^^^^^^^^
  File "/usr/local/lib/pyth
on3.12/site-packages/django
/db/backends/utils.py", 
line 92, in 
_execute_with_wrappers
    return executor(sql, 
params, many, context)
           ^^^^^^^^^^^^^^^^
^^^^^^^^^^^^^^^^^^^^
  File "/usr/local/lib/pyth
on3.12/site-packages/django
/db/backends/utils.py", 
line 100, in _execute
    with self.db.wrap_datab
ase_errors:
         ^^^^^^^^^^^^^^^^^^
^^^^^^^^^^
  File "/usr/local/lib/pyth
on3.12/site-packages/django
/db/utils.py", line 91, in 
__exit__
    raise dj_exc_value.with
_traceback(traceback) from 
exc_value
  File "/usr/local/lib/pyth
on3.12/site-packages/django
/db/backends/utils.py", 
line 105, in _execute
    return 
self.cursor.execute(sql, 
params)
           ^^^^^^^^^^^^^^^^
^^^^^^^^^^^^^^^^
django.db.utils.NotSupporte
dError: FOR UPDATE cannot 
be applied to the nullable 
side of an outer join

ERROR
test_c5_gate (apps.expedien
tes.tests.test_proformas.Te
st04C5BlocksLineWithoutProf
orma.test_c5_gate) ... 
WARNING 2026-03-30 
15:08:32,106 log Bad 
Request: /api/expedientes/5
9bb3e6f-cd66-407c-84c6-6361
b76efb37/command/C5/
ok
test_rana_walk_no_arts (app
s.expedientes.tests.test_pr
oformas.Test05RanaWalkPolic
y.test_rana_walk_no_arts) 
... ok
test_reassign_ok (apps.expe
dientes.tests.test_proforma
s.Test06ReassignLineRegistr
o.test_reassign_ok) ... 
WARNING 2026-03-30 
15:08:32,399 log Bad 
Request: /api/expedientes/5
49f9401-8f0e-4b5f-9fdb-0494
bb0eb4e5/command/C_REASSIGN
_LINE/
ok
test_reassign_blocked_in_pr
oduccion (apps.expedientes.
tests.test_proformas.Test07
ReassignLineProduccion.test
_reassign_blocked_in_produc
cion) ... WARNING 
2026-03-30 15:08:32,546 
log Bad Request: /api/exped
ientes/9e3eda16-da66-4455-9
177-ef39dbb23d69/command/C_
REASSIGN_LINE/
ok
test_zero_proformas (apps.e
xpedientes.tests.test_profo
rmas.Test08PolicyZeroProfor
mas.test_zero_proformas) 
... ok
test_mixed_mode_union (apps
.expedientes.tests.test_pro
formas.Test09PolicyMixedMod
e.test_mixed_mode_union) 
... ok
test_unknown_brand_fallback
 (apps.expedientes.tests.te
st_proformas.Test10PolicyUn
knownBrand.test_unknown_bra
nd_fallback) ... ok
test_normalization (apps.ex
pedientes.tests.test_profor
mas.Test11NormalizationRequ
iredBeatsOptional.test_norm
alization) ... ok
test_gate_subset (apps.expe
dientes.tests.test_proforma
s.Test12GateSubsetOfRequire
d.test_gate_subset) ... ok
test_c1_minimal (apps.exped
ientes.tests.test_proformas
.Test13C1OnlyClientBrand.te
st_c1_minimal) ... ERROR
test_c1_full (apps.expedien
tes.tests.test_proformas.Te
st14C1FullPayload.test_c1_f
ull) ... ERROR
test_art05_two_proformas (a
pps.expedientes.tests.test_
proformas.Test15Art05Linked
TwoProformas.test_art05_two
_proformas) ... ok
test_art05_foreign_proforma
 (apps.expedientes.tests.te
st_proformas.Test16Art05Pro
formaOtherExpediente.test_a
rt05_foreign_proforma) ... 
ok
test_void_art10 (apps.exped
ientes.tests.test_proformas
.Test17ChangeModeB2C_VoidAR
T10.test_void_art10) ... ok
test_mode_b_to_default_reje
cted (apps.expedientes.test
s.test_proformas.Test18Marl
uvasModeB2DefaultRejected.t
est_mode_b_to_default_rejec
ted) ... ok
test_preview_no_execute (ap
ps.expedientes.tests.test_p
roformas.Test19ChangeModeNo
ConfirmPreview.test_preview
_no_execute) ... ok
test_line_not_found (apps.e
xpedientes.tests.test_profo
rmas.Test20CreateProformaLi
neNotFound.test_line_not_fo
und) ... ERROR 2026-03-30 
15:08:34,416 log Internal 
Server Error: /api/expedien
tes/0c8b7d36-138b-4b38-a678
-03b7e4b47f5d/proformas/
Traceback (most recent 
call last):
  File "/usr/local/lib/pyth
on3.12/site-packages/django
/db/backends/utils.py", 
line 105, in _execute
    return 
self.cursor.execute(sql, 
params)
           ^^^^^^^^^^^^^^^^
^^^^^^^^^^^^^^^^
psycopg2.errors.FeatureNotS
upported: FOR UPDATE 
cannot be applied to the 
nullable side of an outer 
join


The above exception was 
the direct cause of the 
following exception:

Traceback (most recent 
call last):
  File "/usr/local/lib/pyth
on3.12/site-packages/django
/core/handlers/exception.py
", line 55, in inner
    response = 
get_response(request)
               
^^^^^^^^^^^^^^^^^^^^^
  File "/usr/local/lib/pyth
on3.12/site-packages/django
/core/handlers/base.py", 
line 197, in _get_response
    response = 
wrapped_callback(request, 
*callback_args, 
**callback_kwargs)
               ^^^^^^^^^^^^
^^^^^^^^^^^^^^^^^^^^^^^^^^^
^^^^^^^^^^^^^^^^^^^^^
  File "/usr/local/lib/pyth
on3.12/site-packages/django
/views/decorators/csrf.py",
 line 65, in _view_wrapper
    return 
view_func(request, *args, 
**kwargs)
           ^^^^^^^^^^^^^^^^
^^^^^^^^^^^^^^^^^^^
  File "/usr/local/lib/pyth
on3.12/site-packages/django
/views/generic/base.py", 
line 104, in view
    return 
self.dispatch(request, 
*args, **kwargs)
           ^^^^^^^^^^^^^^^^
^^^^^^^^^^^^^^^^^^^^^^^
  File "/usr/local/lib/pyth
on3.12/site-packages/rest_f
ramework/views.py", line 
509, in dispatch
    response = 
self.handle_exception(exc)
               
^^^^^^^^^^^^^^^^^^^^^^^^^^
  File "/usr/local/lib/pyth
on3.12/site-packages/rest_f
ramework/views.py", line 
469, in handle_exception
    self.raise_uncaught_exc
eption(exc)
  File "/usr/local/lib/pyth
on3.12/site-packages/rest_f
ramework/views.py", line 
480, in 
raise_uncaught_exception
    raise exc
  File "/usr/local/lib/pyth
on3.12/site-packages/rest_f
ramework/views.py", line 
506, in dispatch
    response = 
handler(request, *args, 
**kwargs)
               ^^^^^^^^^^^^
^^^^^^^^^^^^^^^^^^^^^
  File "/app/apps/expedient
es/views_s20.py", line 78, 
in post
    .get(pk=pk)
     ^^^^^^^^^^
  File "/usr/local/lib/pyth
on3.12/site-packages/django
/db/models/query.py", line 
645, in get
    num = len(clone)
          ^^^^^^^^^^
  File "/usr/local/lib/pyth
on3.12/site-packages/django
/db/models/query.py", line 
382, in __len__
    self._fetch_all()
  File "/usr/local/lib/pyth
on3.12/site-packages/django
/db/models/query.py", line 
1928, in _fetch_all
    self._result_cache = li
st(self._iterable_class(sel
f))
                         ^^
^^^^^^^^^^^^^^^^^^^^^^^^^^^
^^^
  File "/usr/local/lib/pyth
on3.12/site-packages/django
/db/models/query.py", line 
91, in __iter__
    results = 
compiler.execute_sql(
              
^^^^^^^^^^^^^^^^^^^^^
  File "/usr/local/lib/pyth
on3.12/site-packages/django
/db/models/sql/compiler.py"
, line 1574, in execute_sql
    cursor.execute(sql, 
params)
  File "/usr/local/lib/pyth
on3.12/site-packages/django
/db/backends/utils.py", 
line 79, in execute
    return self._execute_wi
th_wrappers(
           ^^^^^^^^^^^^^^^^
^^^^^^^^^^^^
  File "/usr/local/lib/pyth
on3.12/site-packages/django
/db/backends/utils.py", 
line 92, in 
_execute_with_wrappers
    return executor(sql, 
params, many, context)
           ^^^^^^^^^^^^^^^^
^^^^^^^^^^^^^^^^^^^^
  File "/usr/local/lib/pyth
on3.12/site-packages/django
/db/backends/utils.py", 
line 100, in _execute
    with self.db.wrap_datab
ase_errors:
         ^^^^^^^^^^^^^^^^^^
^^^^^^^^^^
  File "/usr/local/lib/pyth
on3.12/site-packages/django
/db/utils.py", line 91, in 
__exit__
    raise dj_exc_value.with
_traceback(traceback) from 
exc_value
  File "/usr/local/lib/pyth
on3.12/site-packages/django
/db/backends/utils.py", 
line 105, in _execute
    return 
self.cursor.execute(sql, 
params)
           ^^^^^^^^^^^^^^^^
^^^^^^^^^^^^^^^^
django.db.utils.NotSupporte
dError: FOR UPDATE cannot 
be applied to the nullable 
side of an outer join

ERROR
test_line_already_assigned 
(apps.expedientes.tests.tes
t_proformas.Test21CreatePro
formaLineAlreadyAssigned.te
st_line_already_assigned) 
... ERROR 2026-03-30 
15:08:34,567 log Internal 
Server Error: /api/expedien
tes/65b4eb16-e942-417e-a249
-6e44270ecb40/proformas/
Traceback (most recent 
call last):
  File "/usr/local/lib/pyth
on3.12/site-packages/django
/db/backends/utils.py", 
line 105, in _execute
    return 
self.cursor.execute(sql, 
params)
           ^^^^^^^^^^^^^^^^
^^^^^^^^^^^^^^^^
psycopg2.errors.FeatureNotS
upported: FOR UPDATE 
cannot be applied to the 
nullable side of an outer 
join


The above exception was 
the direct cause of the 
following exception:

Traceback (most recent 
call last):
  File "/usr/local/lib/pyth
on3.12/site-packages/django
/core/handlers/exception.py
", line 55, in inner
    response = 
get_response(request)
               
^^^^^^^^^^^^^^^^^^^^^
  File "/usr/local/lib/pyth
on3.12/site-packages/django
/core/handlers/base.py", 
line 197, in _get_response
    response = 
wrapped_callback(request, 
*callback_args, 
**callback_kwargs)
               ^^^^^^^^^^^^
^^^^^^^^^^^^^^^^^^^^^^^^^^^
^^^^^^^^^^^^^^^^^^^^^
  File "/usr/local/lib/pyth
on3.12/site-packages/django
/views/decorators/csrf.py",
 line 65, in _view_wrapper
    return 
view_func(request, *args, 
**kwargs)
           ^^^^^^^^^^^^^^^^
^^^^^^^^^^^^^^^^^^^
  File "/usr/local/lib/pyth
on3.12/site-packages/django
/views/generic/base.py", 
line 104, in view
    return 
self.dispatch(request, 
*args, **kwargs)
           ^^^^^^^^^^^^^^^^
^^^^^^^^^^^^^^^^^^^^^^^
  File "/usr/local/lib/pyth
on3.12/site-packages/rest_f
ramework/views.py", line 
509, in dispatch
    response = 
self.handle_exception(exc)
               
^^^^^^^^^^^^^^^^^^^^^^^^^^
  File "/usr/local/lib/pyth
on3.12/site-packages/rest_f
ramework/views.py", line 
469, in handle_exception
    self.raise_uncaught_exc
eption(exc)
  File "/usr/local/lib/pyth
on3.12/site-packages/rest_f
ramework/views.py", line 
480, in 
raise_uncaught_exception
    raise exc
  File "/usr/local/lib/pyth
on3.12/site-packages/rest_f
ramework/views.py", line 
506, in dispatch
    response = 
handler(request, *args, 
**kwargs)
               ^^^^^^^^^^^^
^^^^^^^^^^^^^^^^^^^^^
  File "/app/apps/expedient
es/views_s20.py", line 78, 
in post
    .get(pk=pk)
     ^^^^^^^^^^
  File "/usr/local/lib/pyth
on3.12/site-packages/django
/db/models/query.py", line 
645, in get
    num = len(clone)
          ^^^^^^^^^^
  File "/usr/local/lib/pyth
on3.12/site-packages/django
/db/models/query.py", line 
382, in __len__
    self._fetch_all()
  File "/usr/local/lib/pyth
on3.12/site-packages/django
/db/models/query.py", line 
1928, in _fetch_all
    self._result_cache = li
st(self._iterable_class(sel
f))
                         ^^
^^^^^^^^^^^^^^^^^^^^^^^^^^^
^^^
  File "/usr/local/lib/pyth
on3.12/site-packages/django
/db/models/query.py", line 
91, in __iter__
    results = 
compiler.execute_sql(
              
^^^^^^^^^^^^^^^^^^^^^
  File "/usr/local/lib/pyth
on3.12/site-packages/django
/db/models/sql/compiler.py"
, line 1574, in execute_sql
    cursor.execute(sql, 
params)
  File "/usr/local/lib/pyth
on3.12/site-packages/django
/db/backends/utils.py", 
line 79, in execute
    return self._execute_wi
th_wrappers(
           ^^^^^^^^^^^^^^^^
^^^^^^^^^^^^
  File "/usr/local/lib/pyth
on3.12/site-packages/django
/db/backends/utils.py", 
line 92, in 
_execute_with_wrappers
    return executor(sql, 
params, many, context)
           ^^^^^^^^^^^^^^^^
^^^^^^^^^^^^^^^^^^^^
  File "/usr/local/lib/pyth
on3.12/site-packages/django
/db/backends/utils.py", 
line 100, in _execute
    with self.db.wrap_datab
ase_errors:
         ^^^^^^^^^^^^^^^^^^
^^^^^^^^^^
  File "/usr/local/lib/pyth
on3.12/site-packages/django
/db/utils.py", line 91, in 
__exit__
    raise dj_exc_value.with
_traceback(traceback) from 
exc_value
  File "/usr/local/lib/pyth
on3.12/site-packages/django
/db/backends/utils.py", 
line 105, in _execute
    return 
self.cursor.execute(sql, 
params)
           ^^^^^^^^^^^^^^^^
^^^^^^^^^^^^^^^^
django.db.utils.NotSupporte
dError: FOR UPDATE cannot 
be applied to the nullable 
side of an outer join

ERROR
test_dedup_lines (apps.expe
dientes.tests.test_proforma
s.Test22CreateProformaLines
DuplicateDedup.test_dedup_l
ines) ... ERROR 2026-03-30 
15:08:34,713 log Internal 
Server Error: /api/expedien
tes/a997df5d-5795-4760-b895
-33bd3eb4bdfe/proformas/
Traceback (most recent 
call last):
  File "/usr/local/lib/pyth
on3.12/site-packages/django
/db/backends/utils.py", 
line 105, in _execute
    return 
self.cursor.execute(sql, 
params)
           ^^^^^^^^^^^^^^^^
^^^^^^^^^^^^^^^^
psycopg2.errors.FeatureNotS
upported: FOR UPDATE 
cannot be applied to the 
nullable side of an outer 
join


The above exception was 
the direct cause of the 
following exception:

Traceback (most recent 
call last):
  File "/usr/local/lib/pyth
on3.12/site-packages/django
/core/handlers/exception.py
", line 55, in inner
    response = 
get_response(request)
               
^^^^^^^^^^^^^^^^^^^^^
  File "/usr/local/lib/pyth
on3.12/site-packages/django
/core/handlers/base.py", 
line 197, in _get_response
    response = 
wrapped_callback(request, 
*callback_args, 
**callback_kwargs)
               ^^^^^^^^^^^^
^^^^^^^^^^^^^^^^^^^^^^^^^^^
^^^^^^^^^^^^^^^^^^^^^
  File "/usr/local/lib/pyth
on3.12/site-packages/django
/views/decorators/csrf.py",
 line 65, in _view_wrapper
    return 
view_func(request, *args, 
**kwargs)
           ^^^^^^^^^^^^^^^^
^^^^^^^^^^^^^^^^^^^
  File "/usr/local/lib/pyth
on3.12/site-packages/django
/views/generic/base.py", 
line 104, in view
    return 
self.dispatch(request, 
*args, **kwargs)
           ^^^^^^^^^^^^^^^^
^^^^^^^^^^^^^^^^^^^^^^^
  File "/usr/local/lib/pyth
on3.12/site-packages/rest_f
ramework/views.py", line 
509, in dispatch
    response = 
self.handle_exception(exc)
               
^^^^^^^^^^^^^^^^^^^^^^^^^^
  File "/usr/local/lib/pyth
on3.12/site-packages/rest_f
ramework/views.py", line 
469, in handle_exception
    self.raise_uncaught_exc
eption(exc)
  File "/usr/local/lib/pyth
on3.12/site-packages/rest_f
ramework/views.py", line 
480, in 
raise_uncaught_exception
    raise exc
  File "/usr/local/lib/pyth
on3.12/site-packages/rest_f
ramework/views.py", line 
506, in dispatch
    response = 
handler(request, *args, 
**kwargs)
               ^^^^^^^^^^^^
^^^^^^^^^^^^^^^^^^^^^
  File "/app/apps/expedient
es/views_s20.py", line 78, 
in post
    .get(pk=pk)
     ^^^^^^^^^^
  File "/usr/local/lib/pyth
on3.12/site-packages/django
/db/models/query.py", line 
645, in get
    num = len(clone)
          ^^^^^^^^^^
  File "/usr/local/lib/pyth
on3.12/site-packages/django
/db/models/query.py", line 
382, in __len__
    self._fetch_all()
  File "/usr/local/lib/pyth
on3.12/site-packages/django
/db/models/query.py", line 
1928, in _fetch_all
    self._result_cache = li
st(self._iterable_class(sel
f))
                         ^^
^^^^^^^^^^^^^^^^^^^^^^^^^^^
^^^
  File "/usr/local/lib/pyth
on3.12/site-packages/django
/db/models/query.py", line 
91, in __iter__
    results = 
compiler.execute_sql(
              
^^^^^^^^^^^^^^^^^^^^^
  File "/usr/local/lib/pyth
on3.12/site-packages/django
/db/models/sql/compiler.py"
, line 1574, in execute_sql
    cursor.execute(sql, 
params)
  File "/usr/local/lib/pyth
on3.12/site-packages/django
/db/backends/utils.py", 
line 79, in execute
    return self._execute_wi
th_wrappers(
           ^^^^^^^^^^^^^^^^
^^^^^^^^^^^^
  File "/usr/local/lib/pyth
on3.12/site-packages/django
/db/backends/utils.py", 
line 92, in 
_execute_with_wrappers
    return executor(sql, 
params, many, context)
           ^^^^^^^^^^^^^^^^
^^^^^^^^^^^^^^^^^^^^
  File "/usr/local/lib/pyth
on3.12/site-packages/django
/db/backends/utils.py", 
line 100, in _execute
    with self.db.wrap_datab
ase_errors:
         ^^^^^^^^^^^^^^^^^^
^^^^^^^^^^
  File "/usr/local/lib/pyth
on3.12/site-packages/django
/db/utils.py", line 91, in 
__exit__
    raise dj_exc_value.with
_traceback(traceback) from 
exc_value
  File "/usr/local/lib/pyth
on3.12/site-packages/django
/db/backends/utils.py", 
line 105, in _execute
    return 
self.cursor.execute(sql, 
params)
           ^^^^^^^^^^^^^^^^
^^^^^^^^^^^^^^^^
django.db.utils.NotSupporte
dError: FOR UPDATE cannot 
be applied to the nullable 
side of an outer join

ERROR
test_bundle_has_policy (app
s.expedientes.tests.test_pr
oformas.Test23BundleInclude
sArtifactPolicy.test_bundle
_has_policy) ... ok
test_parent_proforma_fk (ap
ps.expedientes.tests.test_p
roformas.Test24ParentProfor
maFK.test_parent_proforma_f
k) ... ok
test_legacy_c5_fails (apps.
expedientes.tests.test_prof
ormas.Test25LegacyExpedient
eC5Fails.test_legacy_c5_fai
ls) ... WARNING 2026-03-30 
15:08:35,165 log Bad 
Request: /api/expedientes/8
e085623-11aa-445e-a6cd-424e
e7e48cc5/command/C5/
ok
test_mode_b_rana_walk_rejec
ted (apps.expedientes.tests
.test_proformas.Test26Creat
eProformaModeB_RanaWalk.tes
t_mode_b_rana_walk_rejected
) ... ERROR 2026-03-30 
15:08:35,311 log Internal 
Server Error: /api/expedien
tes/cd79ae30-a692-4546-8ca1
-8c438f02d594/proformas/
Traceback (most recent 
call last):
  File "/usr/local/lib/pyth
on3.12/site-packages/django
/db/backends/utils.py", 
line 105, in _execute
    return 
self.cursor.execute(sql, 
params)
           ^^^^^^^^^^^^^^^^
^^^^^^^^^^^^^^^^
psycopg2.errors.FeatureNotS
upported: FOR UPDATE 
cannot be applied to the 
nullable side of an outer 
join


The above exception was 
the direct cause of the 
following exception:

Traceback (most recent 
call last):
  File "/usr/local/lib/pyth
on3.12/site-packages/django
/core/handlers/exception.py
", line 55, in inner
    response = 
get_response(request)
               
^^^^^^^^^^^^^^^^^^^^^
  File "/usr/local/lib/pyth
on3.12/site-packages/django
/core/handlers/base.py", 
line 197, in _get_response
    response = 
wrapped_callback(request, 
*callback_args, 
**callback_kwargs)
               ^^^^^^^^^^^^
^^^^^^^^^^^^^^^^^^^^^^^^^^^
^^^^^^^^^^^^^^^^^^^^^
  File "/usr/local/lib/pyth
on3.12/site-packages/django
/views/decorators/csrf.py",
 line 65, in _view_wrapper
    return 
view_func(request, *args, 
**kwargs)
           ^^^^^^^^^^^^^^^^
^^^^^^^^^^^^^^^^^^^
  File "/usr/local/lib/pyth
on3.12/site-packages/django
/views/generic/base.py", 
line 104, in view
    return 
self.dispatch(request, 
*args, **kwargs)
           ^^^^^^^^^^^^^^^^
^^^^^^^^^^^^^^^^^^^^^^^
  File "/usr/local/lib/pyth
on3.12/site-packages/rest_f
ramework/views.py", line 
509, in dispatch
    response = 
self.handle_exception(exc)
               
^^^^^^^^^^^^^^^^^^^^^^^^^^
  File "/usr/local/lib/pyth
on3.12/site-packages/rest_f
ramework/views.py", line 
469, in handle_exception
    self.raise_uncaught_exc
eption(exc)
  File "/usr/local/lib/pyth
on3.12/site-packages/rest_f
ramework/views.py", line 
480, in 
raise_uncaught_exception
    raise exc
  File "/usr/local/lib/pyth
on3.12/site-packages/rest_f
ramework/views.py", line 
506, in dispatch
    response = 
handler(request, *args, 
**kwargs)
               ^^^^^^^^^^^^
^^^^^^^^^^^^^^^^^^^^^
  File "/app/apps/expedient
es/views_s20.py", line 78, 
in post
    .get(pk=pk)
     ^^^^^^^^^^
  File "/usr/local/lib/pyth
on3.12/site-packages/django
/db/models/query.py", line 
645, in get
    num = len(clone)
          ^^^^^^^^^^
  File "/usr/local/lib/pyth
on3.12/site-packages/django
/db/models/query.py", line 
382, in __len__
    self._fetch_all()
  File "/usr/local/lib/pyth
on3.12/site-packages/django
/db/models/query.py", line 
1928, in _fetch_all
    self._result_cache = li
st(self._iterable_class(sel
f))
                         ^^
^^^^^^^^^^^^^^^^^^^^^^^^^^^
^^^
  File "/usr/local/lib/pyth
on3.12/site-packages/django
/db/models/query.py", line 
91, in __iter__
    results = 
compiler.execute_sql(
              
^^^^^^^^^^^^^^^^^^^^^
  File "/usr/local/lib/pyth
on3.12/site-packages/django
/db/models/sql/compiler.py"
, line 1574, in execute_sql
    cursor.execute(sql, 
params)
  File "/usr/local/lib/pyth
on3.12/site-packages/django
/db/backends/utils.py", 
line 79, in execute
    return self._execute_wi
th_wrappers(
           ^^^^^^^^^^^^^^^^
^^^^^^^^^^^^
  File "/usr/local/lib/pyth
on3.12/site-packages/django
/db/backends/utils.py", 
line 92, in 
_execute_with_wrappers
    return executor(sql, 
params, many, context)
           ^^^^^^^^^^^^^^^^
^^^^^^^^^^^^^^^^^^^^
  File "/usr/local/lib/pyth
on3.12/site-packages/django
/db/backends/utils.py", 
line 100, in _execute
    with self.db.wrap_datab
ase_errors:
         ^^^^^^^^^^^^^^^^^^
^^^^^^^^^^
  File "/usr/local/lib/pyth
on3.12/site-packages/django
/db/utils.py", line 91, in 
__exit__
    raise dj_exc_value.with
_traceback(traceback) from 
exc_value
  File "/usr/local/lib/pyth
on3.12/site-packages/django
/db/backends/utils.py", 
line 105, in _execute
    return 
self.cursor.execute(sql, 
params)
           ^^^^^^^^^^^^^^^^
^^^^^^^^^^^^^^^^
django.db.utils.NotSupporte
dError: FOR UPDATE cannot 
be applied to the nullable 
side of an outer join

ERROR
test_rana_walk_mode_c_rejec
ted (apps.expedientes.tests
.test_proformas.Test27Chang
eModeRanaWalk_Default2ModeC
.test_rana_walk_mode_c_reje
cted) ... ok
test_unknown_brand_with_pro
formas (apps.expedientes.te
sts.test_proformas.Test28Un
knownBrandWithProformasFall
back.test_unknown_brand_wit
h_proformas) ... ok
test_line_ids_null (apps.ex
pedientes.tests.test_profor
mas.Test29LineIdsNull.test_
line_ids_null) ... ERROR 
2026-03-30 15:08:35,768 
log Internal Server Error: 
/api/expedientes/c1bc4c35-1
b9d-44d9-bedc-ef3004bf8352/
proformas/
Traceback (most recent 
call last):
  File "/usr/local/lib/pyth
on3.12/site-packages/django
/db/backends/utils.py", 
line 105, in _execute
    return 
self.cursor.execute(sql, 
params)
           ^^^^^^^^^^^^^^^^
^^^^^^^^^^^^^^^^
psycopg2.errors.FeatureNotS
upported: FOR UPDATE 
cannot be applied to the 
nullable side of an outer 
join


The above exception was 
the direct cause of the 
following exception:

Traceback (most recent 
call last):
  File "/usr/local/lib/pyth
on3.12/site-packages/django
/core/handlers/exception.py
", line 55, in inner
    response = 
get_response(request)
               
^^^^^^^^^^^^^^^^^^^^^
  File "/usr/local/lib/pyth
on3.12/site-packages/django
/core/handlers/base.py", 
line 197, in _get_response
    response = 
wrapped_callback(request, 
*callback_args, 
**callback_kwargs)
               ^^^^^^^^^^^^
^^^^^^^^^^^^^^^^^^^^^^^^^^^
^^^^^^^^^^^^^^^^^^^^^
  File "/usr/local/lib/pyth
on3.12/site-packages/django
/views/decorators/csrf.py",
 line 65, in _view_wrapper
    return 
view_func(request, *args, 
**kwargs)
           ^^^^^^^^^^^^^^^^
^^^^^^^^^^^^^^^^^^^
  File "/usr/local/lib/pyth
on3.12/site-packages/django
/views/generic/base.py", 
line 104, in view
    return 
self.dispatch(request, 
*args, **kwargs)
           ^^^^^^^^^^^^^^^^
^^^^^^^^^^^^^^^^^^^^^^^
  File "/usr/local/lib/pyth
on3.12/site-packages/rest_f
ramework/views.py", line 
509, in dispatch
    response = 
self.handle_exception(exc)
               
^^^^^^^^^^^^^^^^^^^^^^^^^^
  File "/usr/local/lib/pyth
on3.12/site-packages/rest_f
ramework/views.py", line 
469, in handle_exception
    self.raise_uncaught_exc
eption(exc)
  File "/usr/local/lib/pyth
on3.12/site-packages/rest_f
ramework/views.py", line 
480, in 
raise_uncaught_exception
    raise exc
  File "/usr/local/lib/pyth
on3.12/site-packages/rest_f
ramework/views.py", line 
506, in dispatch
    response = 
handler(request, *args, 
**kwargs)
               ^^^^^^^^^^^^
^^^^^^^^^^^^^^^^^^^^^
  File "/app/apps/expedient
es/views_s20.py", line 78, 
in post
    .get(pk=pk)
     ^^^^^^^^^^
  File "/usr/local/lib/pyth
on3.12/site-packages/django
/db/models/query.py", line 
645, in get
    num = len(clone)
          ^^^^^^^^^^
  File "/usr/local/lib/pyth
on3.12/site-packages/django
/db/models/query.py", line 
382, in __len__
    self._fetch_all()
  File "/usr/local/lib/pyth
on3.12/site-packages/django
/db/models/query.py", line 
1928, in _fetch_all
    self._result_cache = li
st(self._iterable_class(sel
f))
                         ^^
^^^^^^^^^^^^^^^^^^^^^^^^^^^
^^^
  File "/usr/local/lib/pyth
on3.12/site-packages/django
/db/models/query.py", line 
91, in __iter__
    results = 
compiler.execute_sql(
              
^^^^^^^^^^^^^^^^^^^^^
  File "/usr/local/lib/pyth
on3.12/site-packages/django
/db/models/sql/compiler.py"
, line 1574, in execute_sql
    cursor.execute(sql, 
params)
  File "/usr/local/lib/pyth
on3.12/site-packages/django
/db/backends/utils.py", 
line 79, in execute
    return self._execute_wi
th_wrappers(
           ^^^^^^^^^^^^^^^^
^^^^^^^^^^^^
  File "/usr/local/lib/pyth
on3.12/site-packages/django
/db/backends/utils.py", 
line 92, in 
_execute_with_wrappers
    return executor(sql, 
params, many, context)
           ^^^^^^^^^^^^^^^^
^^^^^^^^^^^^^^^^^^^^
  File "/usr/local/lib/pyth
on3.12/site-packages/django
/db/backends/utils.py", 
line 100, in _execute
    with self.db.wrap_datab
ase_errors:
         ^^^^^^^^^^^^^^^^^^
^^^^^^^^^^
  File "/usr/local/lib/pyth
on3.12/site-packages/django
/db/utils.py", line 91, in 
__exit__
    raise dj_exc_value.with
_traceback(traceback) from 
exc_value
  File "/usr/local/lib/pyth
on3.12/site-packages/django
/db/backends/utils.py", 
line 105, in _execute
    return 
self.cursor.execute(sql, 
params)
           ^^^^^^^^^^^^^^^^
^^^^^^^^^^^^^^^^
django.db.utils.NotSupporte
dError: FOR UPDATE cannot 
be applied to the nullable 
side of an outer join

ERROR
test_line_ids_string (apps.
expedientes.tests.test_prof
ormas.Test30LineIdsString.t
est_line_ids_string) ... 
WARNING 2026-03-30 
15:08:35,913 log Bad 
Request: /api/expedientes/4
a29276f-20ec-4054-b687-4743
8ba94d1f/proformas/
ok
test_void_art09 (apps.exped
ientes.tests.test_proformas
.Test31ChangeModeC2B_VoidAR
T09.test_void_art09) ... ok
test_boolean_in_line_ids (a
pps.expedientes.tests.test_
proformas.Test32LineIdsBool
eanError.test_boolean_in_li
ne_ids) ... WARNING 
2026-03-30 15:08:36,205 
log Bad Request: /api/exped
ientes/1e136436-e6d0-4f93-a
1cf-0d1408e2569e/proformas/
ok
test_string_elements_in_lin
e_ids (apps.expedientes.tes
ts.test_proformas.Test33Lin
eIdsStringElements.test_str
ing_elements_in_line_ids) 
... WARNING 2026-03-30 
15:08:36,350 log Bad 
Request: /api/expedientes/4
713457e-624a-4a58-bdf7-abac
c961772c/proformas/
ok
test_unknown_brand_rejected
 (apps.expedientes.tests.te
st_proformas.Test34CreatePr
oformaUnknownBrand.test_unk
nown_brand_rejected) ... 
ERROR 2026-03-30 
15:08:36,493 log Internal 
Server Error: /api/expedien
tes/90797167-8353-41a3-93c3
-6e703ece1d5d/proformas/
Traceback (most recent 
call last):
  File "/usr/local/lib/pyth
on3.12/site-packages/django
/db/backends/utils.py", 
line 105, in _execute
    return 
self.cursor.execute(sql, 
params)
           ^^^^^^^^^^^^^^^^
^^^^^^^^^^^^^^^^
psycopg2.errors.FeatureNotS
upported: FOR UPDATE 
cannot be applied to the 
nullable side of an outer 
join


The above exception was 
the direct cause of the 
following exception:

Traceback (most recent 
call last):
  File "/usr/local/lib/pyth
on3.12/site-packages/django
/core/handlers/exception.py
", line 55, in inner
    response = 
get_response(request)
               
^^^^^^^^^^^^^^^^^^^^^
  File "/usr/local/lib/pyth
on3.12/site-packages/django
/core/handlers/base.py", 
line 197, in _get_response
    response = 
wrapped_callback(request, 
*callback_args, 
**callback_kwargs)
               ^^^^^^^^^^^^
^^^^^^^^^^^^^^^^^^^^^^^^^^^
^^^^^^^^^^^^^^^^^^^^^
  File "/usr/local/lib/pyth
on3.12/site-packages/django
/views/decorators/csrf.py",
 line 65, in _view_wrapper
    return 
view_func(request, *args, 
**kwargs)
           ^^^^^^^^^^^^^^^^
^^^^^^^^^^^^^^^^^^^
  File "/usr/local/lib/pyth
on3.12/site-packages/django
/views/generic/base.py", 
line 104, in view
    return 
self.dispatch(request, 
*args, **kwargs)
           ^^^^^^^^^^^^^^^^
^^^^^^^^^^^^^^^^^^^^^^^
  File "/usr/local/lib/pyth
on3.12/site-packages/rest_f
ramework/views.py", line 
509, in dispatch
    response = 
self.handle_exception(exc)
               
^^^^^^^^^^^^^^^^^^^^^^^^^^
  File "/usr/local/lib/pyth
on3.12/site-packages/rest_f
ramework/views.py", line 
469, in handle_exception
    self.raise_uncaught_exc
eption(exc)
  File "/usr/local/lib/pyth
on3.12/site-packages/rest_f
ramework/views.py", line 
480, in 
raise_uncaught_exception
    raise exc
  File "/usr/local/lib/pyth
on3.12/site-packages/rest_f
ramework/views.py", line 
506, in dispatch
    response = 
handler(request, *args, 
**kwargs)
               ^^^^^^^^^^^^
^^^^^^^^^^^^^^^^^^^^^
  File "/app/apps/expedient
es/views_s20.py", line 78, 
in post
    .get(pk=pk)
     ^^^^^^^^^^
  File "/usr/local/lib/pyth
on3.12/site-packages/django
/db/models/query.py", line 
645, in get
    num = len(clone)
          ^^^^^^^^^^
  File "/usr/local/lib/pyth
on3.12/site-packages/django
/db/models/query.py", line 
382, in __len__
    self._fetch_all()
  File "/usr/local/lib/pyth
on3.12/site-packages/django
/db/models/query.py", line 
1928, in _fetch_all
    self._result_cache = li
st(self._iterable_class(sel
f))
                         ^^
^^^^^^^^^^^^^^^^^^^^^^^^^^^
^^^
  File "/usr/local/lib/pyth
on3.12/site-packages/django
/db/models/query.py", line 
91, in __iter__
    results = 
compiler.execute_sql(
              
^^^^^^^^^^^^^^^^^^^^^
  File "/usr/local/lib/pyth
on3.12/site-packages/django
/db/models/sql/compiler.py"
, line 1574, in execute_sql
    cursor.execute(sql, 
params)
  File "/usr/local/lib/pyth
on3.12/site-packages/django
/db/backends/utils.py", 
line 79, in execute
    return self._execute_wi
th_wrappers(
           ^^^^^^^^^^^^^^^^
^^^^^^^^^^^^
  File "/usr/local/lib/pyth
on3.12/site-packages/django
/db/backends/utils.py", 
line 92, in 
_execute_with_wrappers
    return executor(sql, 
params, many, context)
           ^^^^^^^^^^^^^^^^
^^^^^^^^^^^^^^^^^^^^
  File "/usr/local/lib/pyth
on3.12/site-packages/django
/db/backends/utils.py", 
line 100, in _execute
    with self.db.wrap_datab
ase_errors:
         ^^^^^^^^^^^^^^^^^^
^^^^^^^^^^
  File "/usr/local/lib/pyth
on3.12/site-packages/django
/db/utils.py", line 91, in 
__exit__
    raise dj_exc_value.with
_traceback(traceback) from 
exc_value
  File "/usr/local/lib/pyth
on3.12/site-packages/django
/db/backends/utils.py", 
line 105, in _execute
    return 
self.cursor.execute(sql, 
params)
           ^^^^^^^^^^^^^^^^
^^^^^^^^^^^^^^^^
django.db.utils.NotSupporte
dError: FOR UPDATE cannot 
be applied to the nullable 
side of an outer join

ERROR
test_unknown_brand_change_m
ode (apps.expedientes.tests
.test_proformas.Test35Chang
eModeUnknownBrand.test_unkn
own_brand_change_mode) ... 
ok

===========================
===========================
================
ERROR: test_assign_lines (a
pps.expedientes.tests.test_
proformas.Test03AssignLines
ViaCreateProforma.test_assi
gn_lines)
---------------------------
---------------------------
----------------
Traceback (most recent 
call last):
  File "/usr/local/lib/pyth
on3.12/site-packages/django
/db/backends/utils.py", 
line 105, in _execute
    return 
self.cursor.execute(sql, 
params)
           ^^^^^^^^^^^^^^^^
^^^^^^^^^^^^^^^^
psycopg2.errors.FeatureNotS
upported: FOR UPDATE 
cannot be applied to the 
nullable side of an outer 
join


The above exception was 
the direct cause of the 
following exception:

Traceback (most recent 
call last):
  File "/app/apps/expedient
es/tests/test_proformas.py"
, line 113, in 
test_assign_lines
    resp = 
client.post(url, {
           
^^^^^^^^^^^^^^^^^^
  File "/usr/local/lib/pyth
on3.12/site-packages/rest_f
ramework/test.py", line 
295, in post
    response = 
super().post(
               
^^^^^^^^^^^^^
  File "/usr/local/lib/pyth
on3.12/site-packages/rest_f
ramework/test.py", line 
209, in post
    return 
self.generic('POST', path, 
data, content_type, 
**extra)
           ^^^^^^^^^^^^^^^^
^^^^^^^^^^^^^^^^^^^^^^^^^^^
^^^^^^^^^^^^
  File "/usr/local/lib/pyth
on3.12/site-packages/rest_f
ramework/test.py", line 
233, in generic
    return super().generic(
           ^^^^^^^^^^^^^^^^
  File "/usr/local/lib/pyth
on3.12/site-packages/django
/test/client.py", line 
676, in generic
    return 
self.request(**r)
           
^^^^^^^^^^^^^^^^^
  File "/usr/local/lib/pyth
on3.12/site-packages/rest_f
ramework/test.py", line 
285, in request
    return 
super().request(**kwargs)
           
^^^^^^^^^^^^^^^^^^^^^^^^^
  File "/usr/local/lib/pyth
on3.12/site-packages/rest_f
ramework/test.py", line 
237, in request
    request = 
super().request(**kwargs)
              
^^^^^^^^^^^^^^^^^^^^^^^^^
  File "/usr/local/lib/pyth
on3.12/site-packages/django
/test/client.py", line 
1092, in request
    self.check_exception(re
sponse)
  File "/usr/local/lib/pyth
on3.12/site-packages/django
/test/client.py", line 
805, in check_exception
    raise exc_value
  File "/usr/local/lib/pyth
on3.12/site-packages/django
/core/handlers/exception.py
", line 55, in inner
    response = 
get_response(request)
               
^^^^^^^^^^^^^^^^^^^^^
  File "/usr/local/lib/pyth
on3.12/site-packages/django
/core/handlers/base.py", 
line 197, in _get_response
    response = 
wrapped_callback(request, 
*callback_args, 
**callback_kwargs)
               ^^^^^^^^^^^^
^^^^^^^^^^^^^^^^^^^^^^^^^^^
^^^^^^^^^^^^^^^^^^^^^
  File "/usr/local/lib/pyth
on3.12/site-packages/django
/views/decorators/csrf.py",
 line 65, in _view_wrapper
    return 
view_func(request, *args, 
**kwargs)
           ^^^^^^^^^^^^^^^^
^^^^^^^^^^^^^^^^^^^
  File "/usr/local/lib/pyth
on3.12/site-packages/django
/views/generic/base.py", 
line 104, in view
    return 
self.dispatch(request, 
*args, **kwargs)
           ^^^^^^^^^^^^^^^^
^^^^^^^^^^^^^^^^^^^^^^^
  File "/usr/local/lib/pyth
on3.12/site-packages/rest_f
ramework/views.py", line 
509, in dispatch
    response = 
self.handle_exception(exc)
               
^^^^^^^^^^^^^^^^^^^^^^^^^^
  File "/usr/local/lib/pyth
on3.12/site-packages/rest_f
ramework/views.py", line 
469, in handle_exception
    self.raise_uncaught_exc
eption(exc)
  File "/usr/local/lib/pyth
on3.12/site-packages/rest_f
ramework/views.py", line 
480, in 
raise_uncaught_exception
    raise exc
  File "/usr/local/lib/pyth
on3.12/site-packages/rest_f
ramework/views.py", line 
506, in dispatch
    response = 
handler(request, *args, 
**kwargs)
               ^^^^^^^^^^^^
^^^^^^^^^^^^^^^^^^^^^
  File "/app/apps/expedient
es/views_s20.py", line 78, 
in post
    .get(pk=pk)
     ^^^^^^^^^^
  File "/usr/local/lib/pyth
on3.12/site-packages/django
/db/models/query.py", line 
645, in get
    num = len(clone)
          ^^^^^^^^^^
  File "/usr/local/lib/pyth
on3.12/site-packages/django
/db/models/query.py", line 
382, in __len__
    self._fetch_all()
  File "/usr/local/lib/pyth
on3.12/site-packages/django
/db/models/query.py", line 
1928, in _fetch_all
    self._result_cache = li
st(self._iterable_class(sel
f))
                         ^^
^^^^^^^^^^^^^^^^^^^^^^^^^^^
^^^
  File "/usr/local/lib/pyth
on3.12/site-packages/django
/db/models/query.py", line 
91, in __iter__
    results = 
compiler.execute_sql(
              
^^^^^^^^^^^^^^^^^^^^^
  File "/usr/local/lib/pyth
on3.12/site-packages/django
/db/models/sql/compiler.py"
, line 1574, in execute_sql
    cursor.execute(sql, 
params)
  File "/usr/local/lib/pyth
on3.12/site-packages/django
/db/backends/utils.py", 
line 79, in execute
    return self._execute_wi
th_wrappers(
           ^^^^^^^^^^^^^^^^
^^^^^^^^^^^^
  File "/usr/local/lib/pyth
on3.12/site-packages/django
/db/backends/utils.py", 
line 92, in 
_execute_with_wrappers
    return executor(sql, 
params, many, context)
           ^^^^^^^^^^^^^^^^
^^^^^^^^^^^^^^^^^^^^
  File "/usr/local/lib/pyth
on3.12/site-packages/django
/db/backends/utils.py", 
line 100, in _execute
    with self.db.wrap_datab
ase_errors:
         ^^^^^^^^^^^^^^^^^^
^^^^^^^^^^
  File "/usr/local/lib/pyth
on3.12/site-packages/django
/db/utils.py", line 91, in 
__exit__
    raise dj_exc_value.with
_traceback(traceback) from 
exc_value
  File "/usr/local/lib/pyth
on3.12/site-packages/django
/db/backends/utils.py", 
line 105, in _execute
    return 
self.cursor.execute(sql, 
params)
           ^^^^^^^^^^^^^^^^
^^^^^^^^^^^^^^^^
django.db.utils.NotSupporte
dError: FOR UPDATE cannot 
be applied to the nullable 
side of an outer join


===========================
===========================
================
ERROR: test_c1_minimal (app
s.expedientes.tests.test_pr
oformas.Test13C1OnlyClientB
rand.test_c1_minimal)
---------------------------
---------------------------
----------------
Traceback (most recent 
call last):
  File "/app/apps/expedient
es/tests/test_proformas.py"
, line 270, in 
test_c1_minimal
    'brand_id': str(self.br
and_marluvas.id),
                    
^^^^^^^^^^^^^^^^^^^^^^
AttributeError: 'Brand' 
object has no attribute 
'id'

===========================
===========================
================
ERROR: test_c1_full (apps.e
xpedientes.tests.test_profo
rmas.Test14C1FullPayload.te
st_c1_full)
---------------------------
---------------------------
----------------
Traceback (most recent 
call last):
  File "/app/apps/expedient
es/tests/test_proformas.py"
, line 283, in test_c1_full
    'brand_id': str(self.br
and_marluvas.id),
                    
^^^^^^^^^^^^^^^^^^^^^^
AttributeError: 'Brand' 
object has no attribute 
'id'

===========================
===========================
================
ERROR: test_line_not_found 
(apps.expedientes.tests.tes
t_proformas.Test20CreatePro
formaLineNotFound.test_line
_not_found)
---------------------------
---------------------------
----------------
Traceback (most recent 
call last):
  File "/usr/local/lib/pyth
on3.12/site-packages/django
/db/backends/utils.py", 
line 105, in _execute
    return 
self.cursor.execute(sql, 
params)
           ^^^^^^^^^^^^^^^^
^^^^^^^^^^^^^^^^
psycopg2.errors.FeatureNotS
upported: FOR UPDATE 
cannot be applied to the 
nullable side of an outer 
join


The above exception was 
the direct cause of the 
following exception:

Traceback (most recent 
call last):
  File "/app/apps/expedient
es/tests/test_proformas.py"
, line 377, in 
test_line_not_found
    resp = 
client.post(url, {
           
^^^^^^^^^^^^^^^^^^
  File "/usr/local/lib/pyth
on3.12/site-packages/rest_f
ramework/test.py", line 
295, in post
    response = 
super().post(
               
^^^^^^^^^^^^^
  File "/usr/local/lib/pyth
on3.12/site-packages/rest_f
ramework/test.py", line 
209, in post
    return 
self.generic('POST', path, 
data, content_type, 
**extra)
           ^^^^^^^^^^^^^^^^
^^^^^^^^^^^^^^^^^^^^^^^^^^^
^^^^^^^^^^^^
  File "/usr/local/lib/pyth
on3.12/site-packages/rest_f
ramework/test.py", line 
233, in generic
    return super().generic(
           ^^^^^^^^^^^^^^^^
  File "/usr/local/lib/pyth
on3.12/site-packages/django
/test/client.py", line 
676, in generic
    return 
self.request(**r)
           
^^^^^^^^^^^^^^^^^
  File "/usr/local/lib/pyth
on3.12/site-packages/rest_f
ramework/test.py", line 
285, in request
    return 
super().request(**kwargs)
           
^^^^^^^^^^^^^^^^^^^^^^^^^
  File "/usr/local/lib/pyth
on3.12/site-packages/rest_f
ramework/test.py", line 
237, in request
    request = 
super().request(**kwargs)
              
^^^^^^^^^^^^^^^^^^^^^^^^^
  File "/usr/local/lib/pyth
on3.12/site-packages/django
/test/client.py", line 
1092, in request
    self.check_exception(re
sponse)
  File "/usr/local/lib/pyth
on3.12/site-packages/django
/test/client.py", line 
805, in check_exception
    raise exc_value
  File "/usr/local/lib/pyth
on3.12/site-packages/django
/core/handlers/exception.py
", line 55, in inner
    response = 
get_response(request)
               
^^^^^^^^^^^^^^^^^^^^^
  File "/usr/local/lib/pyth
on3.12/site-packages/django
/core/handlers/base.py", 
line 197, in _get_response
    response = 
wrapped_callback(request, 
*callback_args, 
**callback_kwargs)
               ^^^^^^^^^^^^
^^^^^^^^^^^^^^^^^^^^^^^^^^^
^^^^^^^^^^^^^^^^^^^^^
  File "/usr/local/lib/pyth
on3.12/site-packages/django
/views/decorators/csrf.py",
 line 65, in _view_wrapper
    return 
view_func(request, *args, 
**kwargs)
           ^^^^^^^^^^^^^^^^
^^^^^^^^^^^^^^^^^^^
  File "/usr/local/lib/pyth
on3.12/site-packages/django
/views/generic/base.py", 
line 104, in view
    return 
self.dispatch(request, 
*args, **kwargs)
           ^^^^^^^^^^^^^^^^
^^^^^^^^^^^^^^^^^^^^^^^
  File "/usr/local/lib/pyth
on3.12/site-packages/rest_f
ramework/views.py", line 
509, in dispatch
    response = 
self.handle_exception(exc)
               
^^^^^^^^^^^^^^^^^^^^^^^^^^
  File "/usr/local/lib/pyth
on3.12/site-packages/rest_f
ramework/views.py", line 
469, in handle_exception
    self.raise_uncaught_exc
eption(exc)
  File "/usr/local/lib/pyth
on3.12/site-packages/rest_f
ramework/views.py", line 
480, in 
raise_uncaught_exception
    raise exc
  File "/usr/local/lib/pyth
on3.12/site-packages/rest_f
ramework/views.py", line 
506, in dispatch
    response = 
handler(request, *args, 
**kwargs)
               ^^^^^^^^^^^^
^^^^^^^^^^^^^^^^^^^^^
  File "/app/apps/expedient
es/views_s20.py", line 78, 
in post
    .get(pk=pk)
     ^^^^^^^^^^
  File "/usr/local/lib/pyth
on3.12/site-packages/django
/db/models/query.py", line 
645, in get
    num = len(clone)
          ^^^^^^^^^^
  File "/usr/local/lib/pyth
on3.12/site-packages/django
/db/models/query.py", line 
382, in __len__
    self._fetch_all()
  File "/usr/local/lib/pyth
on3.12/site-packages/django
/db/models/query.py", line 
1928, in _fetch_all
    self._result_cache = li
st(self._iterable_class(sel
f))
                         ^^
^^^^^^^^^^^^^^^^^^^^^^^^^^^
^^^
  File "/usr/local/lib/pyth
on3.12/site-packages/django
/db/models/query.py", line 
91, in __iter__
    results = 
compiler.execute_sql(
              
^^^^^^^^^^^^^^^^^^^^^
  File "/usr/local/lib/pyth
on3.12/site-packages/django
/db/models/sql/compiler.py"
, line 1574, in execute_sql
    cursor.execute(sql, 
params)
  File "/usr/local/lib/pyth
on3.12/site-packages/django
/db/backends/utils.py", 
line 79, in execute
    return self._execute_wi
th_wrappers(
           ^^^^^^^^^^^^^^^^
^^^^^^^^^^^^
  File "/usr/local/lib/pyth
on3.12/site-packages/django
/db/backends/utils.py", 
line 92, in 
_execute_with_wrappers
    return executor(sql, 
params, many, context)
           ^^^^^^^^^^^^^^^^
^^^^^^^^^^^^^^^^^^^^
  File "/usr/local/lib/pyth
on3.12/site-packages/django
/db/backends/utils.py", 
line 100, in _execute
    with self.db.wrap_datab
ase_errors:
         ^^^^^^^^^^^^^^^^^^
^^^^^^^^^^
  File "/usr/local/lib/pyth
on3.12/site-packages/django
/db/utils.py", line 91, in 
__exit__
    raise dj_exc_value.with
_traceback(traceback) from 
exc_value
  File "/usr/local/lib/pyth
on3.12/site-packages/django
/db/backends/utils.py", 
line 105, in _execute
    return 
self.cursor.execute(sql, 
params)
           ^^^^^^^^^^^^^^^^
^^^^^^^^^^^^^^^^
django.db.utils.NotSupporte
dError: FOR UPDATE cannot 
be applied to the nullable 
side of an outer join


===========================
===========================
================
ERROR: 
test_line_already_assigned 
(apps.expedientes.tests.tes
t_proformas.Test21CreatePro
formaLineAlreadyAssigned.te
st_line_already_assigned)
---------------------------
---------------------------
----------------
Traceback (most recent 
call last):
  File "/usr/local/lib/pyth
on3.12/site-packages/django
/db/backends/utils.py", 
line 105, in _execute
    return 
self.cursor.execute(sql, 
params)
           ^^^^^^^^^^^^^^^^
^^^^^^^^^^^^^^^^
psycopg2.errors.FeatureNotS
upported: FOR UPDATE 
cannot be applied to the 
nullable side of an outer 
join


The above exception was 
the direct cause of the 
following exception:

Traceback (most recent 
call last):
  File "/app/apps/expedient
es/tests/test_proformas.py"
, line 395, in 
test_line_already_assigned
    resp = 
client.post(url, {
           
^^^^^^^^^^^^^^^^^^
  File "/usr/local/lib/pyth
on3.12/site-packages/rest_f
ramework/test.py", line 
295, in post
    response = 
super().post(
               
^^^^^^^^^^^^^
  File "/usr/local/lib/pyth
on3.12/site-packages/rest_f
ramework/test.py", line 
209, in post
    return 
self.generic('POST', path, 
data, content_type, 
**extra)
           ^^^^^^^^^^^^^^^^
^^^^^^^^^^^^^^^^^^^^^^^^^^^
^^^^^^^^^^^^
  File "/usr/local/lib/pyth
on3.12/site-packages/rest_f
ramework/test.py", line 
233, in generic
    return super().generic(
           ^^^^^^^^^^^^^^^^
  File "/usr/local/lib/pyth
on3.12/site-packages/django
/test/client.py", line 
676, in generic
    return 
self.request(**r)
           
^^^^^^^^^^^^^^^^^
  File "/usr/local/lib/pyth
on3.12/site-packages/rest_f
ramework/test.py", line 
285, in request
    return 
super().request(**kwargs)
           
^^^^^^^^^^^^^^^^^^^^^^^^^
  File "/usr/local/lib/pyth
on3.12/site-packages/rest_f
ramework/test.py", line 
237, in request
    request = 
super().request(**kwargs)
              
^^^^^^^^^^^^^^^^^^^^^^^^^
  File "/usr/local/lib/pyth
on3.12/site-packages/django
/test/client.py", line 
1092, in request
    self.check_exception(re
sponse)
  File "/usr/local/lib/pyth
on3.12/site-packages/django
/test/client.py", line 
805, in check_exception
    raise exc_value
  File "/usr/local/lib/pyth
on3.12/site-packages/django
/core/handlers/exception.py
", line 55, in inner
    response = 
get_response(request)
               
^^^^^^^^^^^^^^^^^^^^^
  File "/usr/local/lib/pyth
on3.12/site-packages/django
/core/handlers/base.py", 
line 197, in _get_response
    response = 
wrapped_callback(request, 
*callback_args, 
**callback_kwargs)
               ^^^^^^^^^^^^
^^^^^^^^^^^^^^^^^^^^^^^^^^^
^^^^^^^^^^^^^^^^^^^^^
  File "/usr/local/lib/pyth
on3.12/site-packages/django
/views/decorators/csrf.py",
 line 65, in _view_wrapper
    return 
view_func(request, *args, 
**kwargs)
           ^^^^^^^^^^^^^^^^
^^^^^^^^^^^^^^^^^^^
  File "/usr/local/lib/pyth
on3.12/site-packages/django
/views/generic/base.py", 
line 104, in view
    return 
self.dispatch(request, 
*args, **kwargs)
           ^^^^^^^^^^^^^^^^
^^^^^^^^^^^^^^^^^^^^^^^
  File "/usr/local/lib/pyth
on3.12/site-packages/rest_f
ramework/views.py", line 
509, in dispatch
    response = 
self.handle_exception(exc)
               
^^^^^^^^^^^^^^^^^^^^^^^^^^
  File "/usr/local/lib/pyth
on3.12/site-packages/rest_f
ramework/views.py", line 
469, in handle_exception
    self.raise_uncaught_exc
eption(exc)
  File "/usr/local/lib/pyth
on3.12/site-packages/rest_f
ramework/views.py", line 
480, in 
raise_uncaught_exception
    raise exc
  File "/usr/local/lib/pyth
on3.12/site-packages/rest_f
ramework/views.py", line 
506, in dispatch
    response = 
handler(request, *args, 
**kwargs)
               ^^^^^^^^^^^^
^^^^^^^^^^^^^^^^^^^^^
  File "/app/apps/expedient
es/views_s20.py", line 78, 
in post
    .get(pk=pk)
     ^^^^^^^^^^
  File "/usr/local/lib/pyth
on3.12/site-packages/django
/db/models/query.py", line 
645, in get
    num = len(clone)
          ^^^^^^^^^^
  File "/usr/local/lib/pyth
on3.12/site-packages/django
/db/models/query.py", line 
382, in __len__
    self._fetch_all()
  File "/usr/local/lib/pyth
on3.12/site-packages/django
/db/models/query.py", line 
1928, in _fetch_all
    self._result_cache = li
st(self._iterable_class(sel
f))
                         ^^
^^^^^^^^^^^^^^^^^^^^^^^^^^^
^^^
  File "/usr/local/lib/pyth
on3.12/site-packages/django
/db/models/query.py", line 
91, in __iter__
    results = 
compiler.execute_sql(
              
^^^^^^^^^^^^^^^^^^^^^
  File "/usr/local/lib/pyth
on3.12/site-packages/django
/db/models/sql/compiler.py"
, line 1574, in execute_sql
    cursor.execute(sql, 
params)
  File "/usr/local/lib/pyth
on3.12/site-packages/django
/db/backends/utils.py", 
line 79, in execute
    return self._execute_wi
th_wrappers(
           ^^^^^^^^^^^^^^^^
^^^^^^^^^^^^
  File "/usr/local/lib/pyth
on3.12/site-packages/django
/db/backends/utils.py", 
line 92, in 
_execute_with_wrappers
    return executor(sql, 
params, many, context)
           ^^^^^^^^^^^^^^^^
^^^^^^^^^^^^^^^^^^^^
  File "/usr/local/lib/pyth
on3.12/site-packages/django
/db/backends/utils.py", 
line 100, in _execute
    with self.db.wrap_datab
ase_errors:
         ^^^^^^^^^^^^^^^^^^
^^^^^^^^^^
  File "/usr/local/lib/pyth
on3.12/site-packages/django
/db/utils.py", line 91, in 
__exit__
    raise dj_exc_value.with
_traceback(traceback) from 
exc_value
  File "/usr/local/lib/pyth
on3.12/site-packages/django
/db/backends/utils.py", 
line 105, in _execute
    return 
self.cursor.execute(sql, 
params)
           ^^^^^^^^^^^^^^^^
^^^^^^^^^^^^^^^^
django.db.utils.NotSupporte
dError: FOR UPDATE cannot 
be applied to the nullable 
side of an outer join


===========================
===========================
================
ERROR: test_dedup_lines (ap
ps.expedientes.tests.test_p
roformas.Test22CreateProfor
maLinesDuplicateDedup.test_
dedup_lines)
---------------------------
---------------------------
----------------
Traceback (most recent 
call last):
  File "/usr/local/lib/pyth
on3.12/site-packages/django
/db/backends/utils.py", 
line 105, in _execute
    return 
self.cursor.execute(sql, 
params)
           ^^^^^^^^^^^^^^^^
^^^^^^^^^^^^^^^^
psycopg2.errors.FeatureNotS
upported: FOR UPDATE 
cannot be applied to the 
nullable side of an outer 
join


The above exception was 
the direct cause of the 
following exception:

Traceback (most recent 
call last):
  File "/app/apps/expedient
es/tests/test_proformas.py"
, line 411, in 
test_dedup_lines
    resp = 
client.post(url, {
           
^^^^^^^^^^^^^^^^^^
  File "/usr/local/lib/pyth
on3.12/site-packages/rest_f
ramework/test.py", line 
295, in post
    response = 
super().post(
               
^^^^^^^^^^^^^
  File "/usr/local/lib/pyth
on3.12/site-packages/rest_f
ramework/test.py", line 
209, in post
    return 
self.generic('POST', path, 
data, content_type, 
**extra)
           ^^^^^^^^^^^^^^^^
^^^^^^^^^^^^^^^^^^^^^^^^^^^
^^^^^^^^^^^^
  File "/usr/local/lib/pyth
on3.12/site-packages/rest_f
ramework/test.py", line 
233, in generic
    return super().generic(
           ^^^^^^^^^^^^^^^^
  File "/usr/local/lib/pyth
on3.12/site-packages/django
/test/client.py", line 
676, in generic
    return 
self.request(**r)
           
^^^^^^^^^^^^^^^^^
  File "/usr/local/lib/pyth
on3.12/site-packages/rest_f
ramework/test.py", line 
285, in request
    return 
super().request(**kwargs)
           
^^^^^^^^^^^^^^^^^^^^^^^^^
  File "/usr/local/lib/pyth
on3.12/site-packages/rest_f
ramework/test.py", line 
237, in request
    request = 
super().request(**kwargs)
              
^^^^^^^^^^^^^^^^^^^^^^^^^
  File "/usr/local/lib/pyth
on3.12/site-packages/django
/test/client.py", line 
1092, in request
    self.check_exception(re
sponse)
  File "/usr/local/lib/pyth
on3.12/site-packages/django
/test/client.py", line 
805, in check_exception
    raise exc_value
  File "/usr/local/lib/pyth
on3.12/site-packages/django
/core/handlers/exception.py
", line 55, in inner
    response = 
get_response(request)
               
^^^^^^^^^^^^^^^^^^^^^
  File "/usr/local/lib/pyth
on3.12/site-packages/django
/core/handlers/base.py", 
line 197, in _get_response
    response = 
wrapped_callback(request, 
*callback_args, 
**callback_kwargs)
               ^^^^^^^^^^^^
^^^^^^^^^^^^^^^^^^^^^^^^^^^
^^^^^^^^^^^^^^^^^^^^^
  File "/usr/local/lib/pyth
on3.12/site-packages/django
/views/decorators/csrf.py",
 line 65, in _view_wrapper
    return 
view_func(request, *args, 
**kwargs)
           ^^^^^^^^^^^^^^^^
^^^^^^^^^^^^^^^^^^^
  File "/usr/local/lib/pyth
on3.12/site-packages/django
/views/generic/base.py", 
line 104, in view
    return 
self.dispatch(request, 
*args, **kwargs)
           ^^^^^^^^^^^^^^^^
^^^^^^^^^^^^^^^^^^^^^^^
  File "/usr/local/lib/pyth
on3.12/site-packages/rest_f
ramework/views.py", line 
509, in dispatch
    response = 
self.handle_exception(exc)
               
^^^^^^^^^^^^^^^^^^^^^^^^^^
  File "/usr/local/lib/pyth
on3.12/site-packages/rest_f
ramework/views.py", line 
469, in handle_exception
    self.raise_uncaught_exc
eption(exc)
  File "/usr/local/lib/pyth
on3.12/site-packages/rest_f
ramework/views.py", line 
480, in 
raise_uncaught_exception
    raise exc
  File "/usr/local/lib/pyth
on3.12/site-packages/rest_f
ramework/views.py", line 
506, in dispatch
    response = 
handler(request, *args, 
**kwargs)
               ^^^^^^^^^^^^
^^^^^^^^^^^^^^^^^^^^^
  File "/app/apps/expedient
es/views_s20.py", line 78, 
in post
    .get(pk=pk)
     ^^^^^^^^^^
  File "/usr/local/lib/pyth
on3.12/site-packages/django
/db/models/query.py", line 
645, in get
    num = len(clone)
          ^^^^^^^^^^
  File "/usr/local/lib/pyth
on3.12/site-packages/django
/db/models/query.py", line 
382, in __len__
    self._fetch_all()
  File "/usr/local/lib/pyth
on3.12/site-packages/django
/db/models/query.py", line 
1928, in _fetch_all
    self._result_cache = li
st(self._iterable_class(sel
f))
                         ^^
^^^^^^^^^^^^^^^^^^^^^^^^^^^
^^^
  File "/usr/local/lib/pyth
on3.12/site-packages/django
/db/models/query.py", line 
91, in __iter__
    results = 
compiler.execute_sql(
              
^^^^^^^^^^^^^^^^^^^^^
  File "/usr/local/lib/pyth
on3.12/site-packages/django
/db/models/sql/compiler.py"
, line 1574, in execute_sql
    cursor.execute(sql, 
params)
  File "/usr/local/lib/pyth
on3.12/site-packages/django
/db/backends/utils.py", 
line 79, in execute
    return self._execute_wi
th_wrappers(
           ^^^^^^^^^^^^^^^^
^^^^^^^^^^^^
  File "/usr/local/lib/pyth
on3.12/site-packages/django
/db/backends/utils.py", 
line 92, in 
_execute_with_wrappers
    return executor(sql, 
params, many, context)
           ^^^^^^^^^^^^^^^^
^^^^^^^^^^^^^^^^^^^^
  File "/usr/local/lib/pyth
on3.12/site-packages/django
/db/backends/utils.py", 
line 100, in _execute
    with self.db.wrap_datab
ase_errors:
         ^^^^^^^^^^^^^^^^^^
^^^^^^^^^^
  File "/usr/local/lib/pyth
on3.12/site-packages/django
/db/utils.py", line 91, in 
__exit__
    raise dj_exc_value.with
_traceback(traceback) from 
exc_value
  File "/usr/local/lib/pyth
on3.12/site-packages/django
/db/backends/utils.py", 
line 105, in _execute
    return 
self.cursor.execute(sql, 
params)
           ^^^^^^^^^^^^^^^^
^^^^^^^^^^^^^^^^
django.db.utils.NotSupporte
dError: FOR UPDATE cannot 
be applied to the nullable 
side of an outer join


===========================
===========================
================
ERROR: test_mode_b_rana_wal
k_rejected (apps.expediente
s.tests.test_proformas.Test
26CreateProformaModeB_RanaW
alk.test_mode_b_rana_walk_r
ejected)
---------------------------
---------------------------
----------------
Traceback (most recent 
call last):
  File "/usr/local/lib/pyth
on3.12/site-packages/django
/db/backends/utils.py", 
line 105, in _execute
    return 
self.cursor.execute(sql, 
params)
           ^^^^^^^^^^^^^^^^
^^^^^^^^^^^^^^^^
psycopg2.errors.FeatureNotS
upported: FOR UPDATE 
cannot be applied to the 
nullable side of an outer 
join


The above exception was 
the direct cause of the 
following exception:

Traceback (most recent 
call last):
  File "/app/apps/expedient
es/tests/test_proformas.py"
, line 472, in test_mode_b_
rana_walk_rejected
    resp = 
client.post(url, {
           
^^^^^^^^^^^^^^^^^^
  File "/usr/local/lib/pyth
on3.12/site-packages/rest_f
ramework/test.py", line 
295, in post
    response = 
super().post(
               
^^^^^^^^^^^^^
  File "/usr/local/lib/pyth
on3.12/site-packages/rest_f
ramework/test.py", line 
209, in post
    return 
self.generic('POST', path, 
data, content_type, 
**extra)
           ^^^^^^^^^^^^^^^^
^^^^^^^^^^^^^^^^^^^^^^^^^^^
^^^^^^^^^^^^
  File "/usr/local/lib/pyth
on3.12/site-packages/rest_f
ramework/test.py", line 
233, in generic
    return super().generic(
           ^^^^^^^^^^^^^^^^
  File "/usr/local/lib/pyth
on3.12/site-packages/django
/test/client.py", line 
676, in generic
    return 
self.request(**r)
           
^^^^^^^^^^^^^^^^^
  File "/usr/local/lib/pyth
on3.12/site-packages/rest_f
ramework/test.py", line 
285, in request
    return 
super().request(**kwargs)
           
^^^^^^^^^^^^^^^^^^^^^^^^^
  File "/usr/local/lib/pyth
on3.12/site-packages/rest_f
ramework/test.py", line 
237, in request
    request = 
super().request(**kwargs)
              
^^^^^^^^^^^^^^^^^^^^^^^^^
  File "/usr/local/lib/pyth
on3.12/site-packages/django
/test/client.py", line 
1092, in request
    self.check_exception(re
sponse)
  File "/usr/local/lib/pyth
on3.12/site-packages/django
/test/client.py", line 
805, in check_exception
    raise exc_value
  File "/usr/local/lib/pyth
on3.12/site-packages/django
/core/handlers/exception.py
", line 55, in inner
    response = 
get_response(request)
               
^^^^^^^^^^^^^^^^^^^^^
  File "/usr/local/lib/pyth
on3.12/site-packages/django
/core/handlers/base.py", 
line 197, in _get_response
    response = 
wrapped_callback(request, 
*callback_args, 
**callback_kwargs)
               ^^^^^^^^^^^^
^^^^^^^^^^^^^^^^^^^^^^^^^^^
^^^^^^^^^^^^^^^^^^^^^
  File "/usr/local/lib/pyth
on3.12/site-packages/django
/views/decorators/csrf.py",
 line 65, in _view_wrapper
    return 
view_func(request, *args, 
**kwargs)
           ^^^^^^^^^^^^^^^^
^^^^^^^^^^^^^^^^^^^
  File "/usr/local/lib/pyth
on3.12/site-packages/django
/views/generic/base.py", 
line 104, in view
    return 
self.dispatch(request, 
*args, **kwargs)
           ^^^^^^^^^^^^^^^^
^^^^^^^^^^^^^^^^^^^^^^^
  File "/usr/local/lib/pyth
on3.12/site-packages/rest_f
ramework/views.py", line 
509, in dispatch
    response = 
self.handle_exception(exc)
               
^^^^^^^^^^^^^^^^^^^^^^^^^^
  File "/usr/local/lib/pyth
on3.12/site-packages/rest_f
ramework/views.py", line 
469, in handle_exception
    self.raise_uncaught_exc
eption(exc)
  File "/usr/local/lib/pyth
on3.12/site-packages/rest_f
ramework/views.py", line 
480, in 
raise_uncaught_exception
    raise exc
  File "/usr/local/lib/pyth
on3.12/site-packages/rest_f
ramework/views.py", line 
506, in dispatch
    response = 
handler(request, *args, 
**kwargs)
               ^^^^^^^^^^^^
^^^^^^^^^^^^^^^^^^^^^
  File "/app/apps/expedient
es/views_s20.py", line 78, 
in post
    .get(pk=pk)
     ^^^^^^^^^^
  File "/usr/local/lib/pyth
on3.12/site-packages/django
/db/models/query.py", line 
645, in get
    num = len(clone)
          ^^^^^^^^^^
  File "/usr/local/lib/pyth
on3.12/site-packages/django
/db/models/query.py", line 
382, in __len__
    self._fetch_all()
  File "/usr/local/lib/pyth
on3.12/site-packages/django
/db/models/query.py", line 
1928, in _fetch_all
    self._result_cache = li
st(self._iterable_class(sel
f))
                         ^^
^^^^^^^^^^^^^^^^^^^^^^^^^^^
^^^
  File "/usr/local/lib/pyth
on3.12/site-packages/django
/db/models/query.py", line 
91, in __iter__
    results = 
compiler.execute_sql(
              
^^^^^^^^^^^^^^^^^^^^^
  File "/usr/local/lib/pyth
on3.12/site-packages/django
/db/models/sql/compiler.py"
, line 1574, in execute_sql
    cursor.execute(sql, 
params)
  File "/usr/local/lib/pyth
on3.12/site-packages/django
/db/backends/utils.py", 
line 79, in execute
    return self._execute_wi
th_wrappers(
           ^^^^^^^^^^^^^^^^
^^^^^^^^^^^^
  File "/usr/local/lib/pyth
on3.12/site-packages/django
/db/backends/utils.py", 
line 92, in 
_execute_with_wrappers
    return executor(sql, 
params, many, context)
           ^^^^^^^^^^^^^^^^
^^^^^^^^^^^^^^^^^^^^
  File "/usr/local/lib/pyth
on3.12/site-packages/django
/db/backends/utils.py", 
line 100, in _execute
    with self.db.wrap_datab
ase_errors:
         ^^^^^^^^^^^^^^^^^^
^^^^^^^^^^
  File "/usr/local/lib/pyth
on3.12/site-packages/django
/db/utils.py", line 91, in 
__exit__
    raise dj_exc_value.with
_traceback(traceback) from 
exc_value
  File "/usr/local/lib/pyth
on3.12/site-packages/django
/db/backends/utils.py", 
line 105, in _execute
    return 
self.cursor.execute(sql, 
params)
           ^^^^^^^^^^^^^^^^
^^^^^^^^^^^^^^^^
django.db.utils.NotSupporte
dError: FOR UPDATE cannot 
be applied to the nullable 
side of an outer join


===========================
===========================
================
ERROR: test_line_ids_null (
apps.expedientes.tests.test
_proformas.Test29LineIdsNul
l.test_line_ids_null)
---------------------------
---------------------------
----------------
Traceback (most recent 
call last):
  File "/usr/local/lib/pyth
on3.12/site-packages/django
/db/backends/utils.py", 
line 105, in _execute
    return 
self.cursor.execute(sql, 
params)
           ^^^^^^^^^^^^^^^^
^^^^^^^^^^^^^^^^
psycopg2.errors.FeatureNotS
upported: FOR UPDATE 
cannot be applied to the 
nullable side of an outer 
join


The above exception was 
the direct cause of the 
following exception:

Traceback (most recent 
call last):
  File "/app/apps/expedient
es/tests/test_proformas.py"
, line 515, in 
test_line_ids_null
    resp = 
client.post(url, {
           
^^^^^^^^^^^^^^^^^^
  File "/usr/local/lib/pyth
on3.12/site-packages/rest_f
ramework/test.py", line 
295, in post
    response = 
super().post(
               
^^^^^^^^^^^^^
  File "/usr/local/lib/pyth
on3.12/site-packages/rest_f
ramework/test.py", line 
209, in post
    return 
self.generic('POST', path, 
data, content_type, 
**extra)
           ^^^^^^^^^^^^^^^^
^^^^^^^^^^^^^^^^^^^^^^^^^^^
^^^^^^^^^^^^
  File "/usr/local/lib/pyth
on3.12/site-packages/rest_f
ramework/test.py", line 
233, in generic
    return super().generic(
           ^^^^^^^^^^^^^^^^
  File "/usr/local/lib/pyth
on3.12/site-packages/django
/test/client.py", line 
676, in generic
    return 
self.request(**r)
           
^^^^^^^^^^^^^^^^^
  File "/usr/local/lib/pyth
on3.12/site-packages/rest_f
ramework/test.py", line 
285, in request
    return 
super().request(**kwargs)
           
^^^^^^^^^^^^^^^^^^^^^^^^^
  File "/usr/local/lib/pyth
on3.12/site-packages/rest_f
ramework/test.py", line 
237, in request
    request = 
super().request(**kwargs)
              
^^^^^^^^^^^^^^^^^^^^^^^^^
  File "/usr/local/lib/pyth
on3.12/site-packages/django
/test/client.py", line 
1092, in request
    self.check_exception(re
sponse)
  File "/usr/local/lib/pyth
on3.12/site-packages/django
/test/client.py", line 
805, in check_exception
    raise exc_value
  File "/usr/local/lib/pyth
on3.12/site-packages/django
/core/handlers/exception.py
", line 55, in inner
    response = 
get_response(request)
               
^^^^^^^^^^^^^^^^^^^^^
  File "/usr/local/lib/pyth
on3.12/site-packages/django
/core/handlers/base.py", 
line 197, in _get_response
    response = 
wrapped_callback(request, 
*callback_args, 
**callback_kwargs)
               ^^^^^^^^^^^^
^^^^^^^^^^^^^^^^^^^^^^^^^^^
^^^^^^^^^^^^^^^^^^^^^
  File "/usr/local/lib/pyth
on3.12/site-packages/django
/views/decorators/csrf.py",
 line 65, in _view_wrapper
    return 
view_func(request, *args, 
**kwargs)
           ^^^^^^^^^^^^^^^^
^^^^^^^^^^^^^^^^^^^
  File "/usr/local/lib/pyth
on3.12/site-packages/django
/views/generic/base.py", 
line 104, in view
    return 
self.dispatch(request, 
*args, **kwargs)
           ^^^^^^^^^^^^^^^^
^^^^^^^^^^^^^^^^^^^^^^^
  File "/usr/local/lib/pyth
on3.12/site-packages/rest_f
ramework/views.py", line 
509, in dispatch
    response = 
self.handle_exception(exc)
               
^^^^^^^^^^^^^^^^^^^^^^^^^^
  File "/usr/local/lib/pyth
on3.12/site-packages/rest_f
ramework/views.py", line 
469, in handle_exception
    self.raise_uncaught_exc
eption(exc)
  File "/usr/local/lib/pyth
on3.12/site-packages/rest_f
ramework/views.py", line 
480, in 
raise_uncaught_exception
    raise exc
  File "/usr/local/lib/pyth
on3.12/site-packages/rest_f
ramework/views.py", line 
506, in dispatch
    response = 
handler(request, *args, 
**kwargs)
               ^^^^^^^^^^^^
^^^^^^^^^^^^^^^^^^^^^
  File "/app/apps/expedient
es/views_s20.py", line 78, 
in post
    .get(pk=pk)
     ^^^^^^^^^^
  File "/usr/local/lib/pyth
on3.12/site-packages/django
/db/models/query.py", line 
645, in get
    num = len(clone)
          ^^^^^^^^^^
  File "/usr/local/lib/pyth
on3.12/site-packages/django
/db/models/query.py", line 
382, in __len__
    self._fetch_all()
  File "/usr/local/lib/pyth
on3.12/site-packages/django
/db/models/query.py", line 
1928, in _fetch_all
    self._result_cache = li
st(self._iterable_class(sel
f))
                         ^^
^^^^^^^^^^^^^^^^^^^^^^^^^^^
^^^
  File "/usr/local/lib/pyth
on3.12/site-packages/django
/db/models/query.py", line 
91, in __iter__
    results = 
compiler.execute_sql(
              
^^^^^^^^^^^^^^^^^^^^^
  File "/usr/local/lib/pyth
on3.12/site-packages/django
/db/models/sql/compiler.py"
, line 1574, in execute_sql
    cursor.execute(sql, 
params)
  File "/usr/local/lib/pyth
on3.12/site-packages/django
/db/backends/utils.py", 
line 79, in execute
    return self._execute_wi
th_wrappers(
           ^^^^^^^^^^^^^^^^
^^^^^^^^^^^^
  File "/usr/local/lib/pyth
on3.12/site-packages/django
/db/backends/utils.py", 
line 92, in 
_execute_with_wrappers
    return executor(sql, 
params, many, context)
           ^^^^^^^^^^^^^^^^
^^^^^^^^^^^^^^^^^^^^
  File "/usr/local/lib/pyth
on3.12/site-packages/django
/db/backends/utils.py", 
line 100, in _execute
    with self.db.wrap_datab
ase_errors:
         ^^^^^^^^^^^^^^^^^^
^^^^^^^^^^
  File "/usr/local/lib/pyth
on3.12/site-packages/django
/db/utils.py", line 91, in 
__exit__
    raise dj_exc_value.with
_traceback(traceback) from 
exc_value
  File "/usr/local/lib/pyth
on3.12/site-packages/django
/db/backends/utils.py", 
line 105, in _execute
    return 
self.cursor.execute(sql, 
params)
           ^^^^^^^^^^^^^^^^
^^^^^^^^^^^^^^^^
django.db.utils.NotSupporte
dError: FOR UPDATE cannot 
be applied to the nullable 
side of an outer join


===========================
===========================
================
ERROR: test_unknown_brand_r
ejected (apps.expedientes.t
ests.test_proformas.Test34C
reateProformaUnknownBrand.t
est_unknown_brand_rejected)
---------------------------
---------------------------
----------------
Traceback (most recent 
call last):
  File "/usr/local/lib/pyth
on3.12/site-packages/django
/db/backends/utils.py", 
line 105, in _execute
    return 
self.cursor.execute(sql, 
params)
           ^^^^^^^^^^^^^^^^
^^^^^^^^^^^^^^^^
psycopg2.errors.FeatureNotS
upported: FOR UPDATE 
cannot be applied to the 
nullable side of an outer 
join


The above exception was 
the direct cause of the 
following exception:

Traceback (most recent 
call last):
  File "/app/apps/expedient
es/tests/test_proformas.py"
, line 590, in 
test_unknown_brand_rejected
    resp = 
client.post(url, {
           
^^^^^^^^^^^^^^^^^^
  File "/usr/local/lib/pyth
on3.12/site-packages/rest_f
ramework/test.py", line 
295, in post
    response = 
super().post(
               
^^^^^^^^^^^^^
  File "/usr/local/lib/pyth
on3.12/site-packages/rest_f
ramework/test.py", line 
209, in post
    return 
self.generic('POST', path, 
data, content_type, 
**extra)
           ^^^^^^^^^^^^^^^^
^^^^^^^^^^^^^^^^^^^^^^^^^^^
^^^^^^^^^^^^
  File "/usr/local/lib/pyth
on3.12/site-packages/rest_f
ramework/test.py", line 
233, in generic
    return super().generic(
           ^^^^^^^^^^^^^^^^
  File "/usr/local/lib/pyth
on3.12/site-packages/django
/test/client.py", line 
676, in generic
    return 
self.request(**r)
           
^^^^^^^^^^^^^^^^^
  File "/usr/local/lib/pyth
on3.12/site-packages/rest_f
ramework/test.py", line 
285, in request
    return 
super().request(**kwargs)
           
^^^^^^^^^^^^^^^^^^^^^^^^^
  File "/usr/local/lib/pyth
on3.12/site-packages/rest_f
ramework/test.py", line 
237, in request
    request = 
super().request(**kwargs)
              
^^^^^^^^^^^^^^^^^^^^^^^^^
  File "/usr/local/lib/pyth
on3.12/site-packages/django
/test/client.py", line 
1092, in request
    self.check_exception(re
sponse)
  File "/usr/local/lib/pyth
on3.12/site-packages/django
/test/client.py", line 
805, in check_exception
    raise exc_value
  File "/usr/local/lib/pyth
on3.12/site-packages/django
/core/handlers/exception.py
", line 55, in inner
    response = 
get_response(request)
               
^^^^^^^^^^^^^^^^^^^^^
  File "/usr/local/lib/pyth
on3.12/site-packages/django
/core/handlers/base.py", 
line 197, in _get_response
    response = 
wrapped_callback(request, 
*callback_args, 
**callback_kwargs)
               ^^^^^^^^^^^^
^^^^^^^^^^^^^^^^^^^^^^^^^^^
^^^^^^^^^^^^^^^^^^^^^
  File "/usr/local/lib/pyth
on3.12/site-packages/django
/views/decorators/csrf.py",
 line 65, in _view_wrapper
    return 
view_func(request, *args, 
**kwargs)
           ^^^^^^^^^^^^^^^^
^^^^^^^^^^^^^^^^^^^
  File "/usr/local/lib/pyth
on3.12/site-packages/django
/views/generic/base.py", 
line 104, in view
    return 
self.dispatch(request, 
*args, **kwargs)
           ^^^^^^^^^^^^^^^^
^^^^^^^^^^^^^^^^^^^^^^^
  File "/usr/local/lib/pyth
on3.12/site-packages/rest_f
ramework/views.py", line 
509, in dispatch
    response = 
self.handle_exception(exc)
               
^^^^^^^^^^^^^^^^^^^^^^^^^^
  File "/usr/local/lib/pyth
on3.12/site-packages/rest_f
ramework/views.py", line 
469, in handle_exception
    self.raise_uncaught_exc
eption(exc)
  File "/usr/local/lib/pyth
on3.12/site-packages/rest_f
ramework/views.py", line 
480, in 
raise_uncaught_exception
    raise exc
  File "/usr/local/lib/pyth
on3.12/site-packages/rest_f
ramework/views.py", line 
506, in dispatch
    response = 
handler(request, *args, 
**kwargs)
               ^^^^^^^^^^^^
^^^^^^^^^^^^^^^^^^^^^
  File "/app/apps/expedient
es/views_s20.py", line 78, 
in post
    .get(pk=pk)
     ^^^^^^^^^^
  File "/usr/local/lib/pyth
on3.12/site-packages/django
/db/models/query.py", line 
645, in get
    num = len(clone)
          ^^^^^^^^^^
  File "/usr/local/lib/pyth
on3.12/site-packages/django
/db/models/query.py", line 
382, in __len__
    self._fetch_all()
  File "/usr/local/lib/pyth
on3.12/site-packages/django
/db/models/query.py", line 
1928, in _fetch_all
    self._result_cache = li
st(self._iterable_class(sel
f))
                         ^^
^^^^^^^^^^^^^^^^^^^^^^^^^^^
^^^
  File "/usr/local/lib/pyth
on3.12/site-packages/django
/db/models/query.py", line 
91, in __iter__
    results = 
compiler.execute_sql(
              
^^^^^^^^^^^^^^^^^^^^^
  File "/usr/local/lib/pyth
on3.12/site-packages/django
/db/models/sql/compiler.py"
, line 1574, in execute_sql
    cursor.execute(sql, 
params)
  File "/usr/local/lib/pyth
on3.12/site-packages/django
/db/backends/utils.py", 
line 79, in execute
    return self._execute_wi
th_wrappers(
           ^^^^^^^^^^^^^^^^
^^^^^^^^^^^^
  File "/usr/local/lib/pyth
on3.12/site-packages/django
/db/backends/utils.py", 
line 92, in 
_execute_with_wrappers
    return executor(sql, 
params, many, context)
           ^^^^^^^^^^^^^^^^
^^^^^^^^^^^^^^^^^^^^
  File "/usr/local/lib/pyth
on3.12/site-packages/django
/db/backends/utils.py", 
line 100, in _execute
    with self.db.wrap_datab
ase_errors:
         ^^^^^^^^^^^^^^^^^^
^^^^^^^^^^
  File "/usr/local/lib/pyth
on3.12/site-packages/django
/db/utils.py", line 91, in 
__exit__
    raise dj_exc_value.with
_traceback(traceback) from 
exc_value
  File "/usr/local/lib/pyth
on3.12/site-packages/django
/db/backends/utils.py", 
line 105, in _execute
    return 
self.cursor.execute(sql, 
params)
           ^^^^^^^^^^^^^^^^
^^^^^^^^^^^^^^^^
django.db.utils.NotSupporte
dError: FOR UPDATE cannot 
be applied to the nullable 
side of an outer join


---------------------------
---------------------------
----------------
Ran 35 tests in 5.272s

FAILED (errors=9)
Destroying test database 
for alias 'default' 
('test_mwt')...
