============================= test session starts ==============================
platform linux -- Python 3.12.12, pytest-8.3.2, pluggy-1.6.0 -- /usr/local/bin/python3.12
cachedir: .pytest_cache
django: version: 5.1.5, settings: config.settings.base (from env)
rootdir: /app
configfile: pytest.ini
plugins: django-4.9.0
collecting ... collected 24 items

apps/expedientes/tests/test_activity_feed.py::TestEventLogCamposS21::test_01_command_c1_event_tiene_user_y_action_source ERROR [  4%]
apps/expedientes/tests/test_activity_feed.py::TestEventLogCamposS21::test_02_command_c5_tiene_status_transition ERROR [  8%]
apps/expedientes/tests/test_activity_feed.py::TestEventLogCamposS21::test_03_create_proforma_tiene_proforma_fk ERROR [ 12%]
apps/expedientes/tests/test_activity_feed.py::TestEventLogCamposS21::test_04_change_mode_action_source ERROR [ 16%]
apps/expedientes/tests/test_activity_feed.py::TestEventLogCamposS21::test_05_celery_credit_clock_user_null ERROR [ 20%]
apps/expedientes/tests/test_activity_feed.py::TestEventLogCamposS21::test_06_eventlog_pre_s21_campos_nuevos_null ERROR [ 25%]
apps/expedientes/tests/test_activity_feed.py::TestUserNotificationState::test_07_primera_visita_get_or_create_last_seen_none ERROR [ 29%]
apps/expedientes/tests/test_activity_feed.py::TestUserNotificationState::test_08_mark_seen_retorna_campos_correctos ERROR [ 33%]
apps/expedientes/tests/test_activity_feed.py::TestUserNotificationState::test_09_segundo_mark_seen_last_seen_avanza ERROR [ 37%]
apps/expedientes/tests/test_activity_feed.py::TestActivityFeedEndpoints::test_10_get_feed_sin_filtros_paginado ERROR [ 41%]
apps/expedientes/tests/test_activity_feed.py::TestActivityFeedEndpoints::test_11_get_feed_filtro_expediente ERROR [ 45%]
apps/expedientes/tests/test_activity_feed.py::TestActivityFeedEndpoints::test_12_get_feed_filtro_event_type ERROR [ 50%]
apps/expedientes/tests/test_activity_feed.py::TestActivityFeedEndpoints::test_13_get_feed_unread_only ERROR [ 54%]
apps/expedientes/tests/test_activity_feed.py::TestActivityFeedEndpoints::test_14_mark_seen_no_tiene_campo_marked ERROR [ 58%]
apps/expedientes/tests/test_activity_feed.py::TestActivityFeedEndpoints::test_15_mark_seen_avanza_al_max_visible ERROR [ 62%]
apps/expedientes/tests/test_activity_feed.py::TestActivityFeedPermisos::test_16_client_solo_ve_su_subsidiaria ERROR [ 66%]
apps/expedientes/tests/test_activity_feed.py::TestActivityFeedPermisos::test_17_client_no_ve_cost_registered ERROR [ 70%]
apps/expedientes/tests/test_activity_feed.py::TestActivityFeedPermisos::test_18_agent_solo_expedientes_que_opero ERROR [ 75%]
apps/expedientes/tests/test_activity_feed.py::TestActivityFeedPermisos::test_19_ceo_ve_todo ERROR [ 79%]
apps/expedientes/tests/test_activity_feed.py::TestActivityFeedAuth::test_20_no_autenticado_401 ERROR [ 83%]
apps/expedientes/tests/test_activity_feed.py::TestActivityFeedCount::test_21_count_unread_correcto ERROR [ 87%]
apps/expedientes/tests/test_activity_feed.py::TestActivityFeedCount::test_22_count_150_eventos_cap_99 ERROR [ 91%]
apps/expedientes/tests/test_activity_feed.py::TestActivityFeedCount::test_23_count_cero_sin_has_more ERROR [ 95%]
apps/expedientes/tests/test_activity_feed.py::TestBackwardCompat::test_24_eventlog_create_sin_campos_s21_no_explota ERROR [100%]

==================================== ERRORS ====================================
_ ERROR at setup of TestEventLogCamposS21.test_01_command_c1_event_tiene_user_y_action_source _

self = <django.db.backends.utils.CursorWrapper object at 0x76408e401580>
sql = 'SELECT "clientes_clientsubsidiary"."id", "clientes_clientsubsidiary"."group_id", "clientes_clientsubsidiary"."alias",...clientes_clientsubsidiary"."updated_at" FROM "clientes_clientsubsidiary" ORDER BY "clientes_clientsubsidiary"."id" ASC'
params = ()
ignored_wrapper_args = (False, {'connection': <DatabaseWrapper vendor='postgresql' alias='default'>, 'cursor': <django.db.backends.utils.CursorWrapper object at 0x76408e401580>})

    def _execute(self, sql, params, *ignored_wrapper_args):
        # Raise a warning during app initialization (stored_app_configs is only
        # ever set during testing).
        if not apps.ready and not apps.stored_app_configs:
            warnings.warn(self.APPS_NOT_READY_WARNING_MSG, category=RuntimeWarning)
        self.db.validate_no_broken_transaction()
        with self.db.wrap_database_errors:
            if params is None:
                # params default might be backend specific.
                return self.cursor.execute(sql)
            else:
>               return self.cursor.execute(sql, params)
E               psycopg2.errors.UndefinedColumn: column clientes_clientsubsidiary.payment_grace_days does not exist
E               LINE 1: ...ss", "clientes_clientsubsidiary"."email_billing", "clientes_...
E                                                                            ^

/usr/local/lib/python3.12/site-packages/django/db/backends/utils.py:105: UndefinedColumn

The above exception was the direct cause of the following exception:

self = <SQLCompiler model=ClientSubsidiary connection=<DatabaseWrapper vendor='postgresql' alias='default'> using='default'>
result_type = 'multi', chunked_fetch = True, chunk_size = 2000

    def execute_sql(
        self, result_type=MULTI, chunked_fetch=False, chunk_size=GET_ITERATOR_CHUNK_SIZE
    ):
        """
        Run the query against the database and return the result(s). The
        return value is a single data item if result_type is SINGLE, or an
        iterator over the results if the result_type is MULTI.
    
        result_type is either MULTI (use fetchmany() to retrieve all rows),
        SINGLE (only retrieve a single row), or None. In this last case, the
        cursor is returned if any query is executed, since it's used by
        subclasses such as InsertQuery). It's possible, however, that no query
        is needed, as the filters describe an empty set. In that case, None is
        returned, to avoid any unnecessary database interaction.
        """
        result_type = result_type or NO_RESULTS
        try:
            sql, params = self.as_sql()
            if not sql:
                raise EmptyResultSet
        except EmptyResultSet:
            if result_type == MULTI:
                return iter([])
            else:
                return
        if chunked_fetch:
            cursor = self.connection.chunked_cursor()
        else:
            cursor = self.connection.cursor()
        try:
>           cursor.execute(sql, params)

/usr/local/lib/python3.12/site-packages/django/db/models/sql/compiler.py:1574: 
_ _ _ _ _ _ _ _ _ _ _ _ _ _ _ _ _ _ _ _ _ _ _ _ _ _ _ _ _ _ _ _ _ _ _ _ _ _ _ _ 
/usr/local/lib/python3.12/site-packages/django/db/backends/utils.py:79: in execute
    return self._execute_with_wrappers(
/usr/local/lib/python3.12/site-packages/django/db/backends/utils.py:92: in _execute_with_wrappers
    return executor(sql, params, many, context)
/usr/local/lib/python3.12/site-packages/django/db/backends/utils.py:100: in _execute
    with self.db.wrap_database_errors:
/usr/local/lib/python3.12/site-packages/django/db/utils.py:91: in __exit__
    raise dj_exc_value.with_traceback(traceback) from exc_value
_ _ _ _ _ _ _ _ _ _ _ _ _ _ _ _ _ _ _ _ _ _ _ _ _ _ _ _ _ _ _ _ _ _ _ _ _ _ _ _ 

self = <django.db.backends.utils.CursorWrapper object at 0x76408e401580>
sql = 'SELECT "clientes_clientsubsidiary"."id", "clientes_clientsubsidiary"."group_id", "clientes_clientsubsidiary"."alias",...clientes_clientsubsidiary"."updated_at" FROM "clientes_clientsubsidiary" ORDER BY "clientes_clientsubsidiary"."id" ASC'
params = ()
ignored_wrapper_args = (False, {'connection': <DatabaseWrapper vendor='postgresql' alias='default'>, 'cursor': <django.db.backends.utils.CursorWrapper object at 0x76408e401580>})

    def _execute(self, sql, params, *ignored_wrapper_args):
        # Raise a warning during app initialization (stored_app_configs is only
        # ever set during testing).
        if not apps.ready and not apps.stored_app_configs:
            warnings.warn(self.APPS_NOT_READY_WARNING_MSG, category=RuntimeWarning)
        self.db.validate_no_broken_transaction()
        with self.db.wrap_database_errors:
            if params is None:
                # params default might be backend specific.
                return self.cursor.execute(sql)
            else:
>               return self.cursor.execute(sql, params)
E               django.db.utils.ProgrammingError: column clientes_clientsubsidiary.payment_grace_days does not exist
E               LINE 1: ...ss", "clientes_clientsubsidiary"."email_billing", "clientes_...
E                                                                            ^

/usr/local/lib/python3.12/site-packages/django/db/backends/utils.py:105: ProgrammingError

During handling of the above exception, another exception occurred:

request = <SubRequest '_django_setup_unittest' for <TestCaseFunction test_01_command_c1_event_tiene_user_y_action_source>>
django_db_blocker = <pytest_django.plugin.DjangoDbBlocker object at 0x7640925f01d0>

    @pytest.fixture(autouse=True, scope="class")
    def _django_setup_unittest(
        request: pytest.FixtureRequest,
        django_db_blocker: DjangoDbBlocker,
    ) -> Generator[None, None, None]:
        """Setup a django unittest, internal to pytest-django."""
        if not django_settings_is_configured() or not is_django_unittest(request):
            yield
            return
    
        # Fix/patch pytest.
        # Before pytest 5.4: https://github.com/pytest-dev/pytest/issues/5991
        # After pytest 5.4: https://github.com/pytest-dev/pytest-django/issues/824
        from _pytest.unittest import TestCaseFunction
    
        original_runtest = TestCaseFunction.runtest
    
        def non_debugging_runtest(self) -> None:
            self._testcase(result=self)
    
        from django.test import SimpleTestCase
    
        assert issubclass(request.cls, SimpleTestCase)  # Guarded by 'is_django_unittest'
        try:
            TestCaseFunction.runtest = non_debugging_runtest  # type: ignore[method-assign]
    
            # Don't set up the DB if the unittest does not require DB.
            # The `databases` propery seems like the best indicator for that.
            if request.cls.databases:
>               request.getfixturevalue("django_db_setup")

/usr/local/lib/python3.12/site-packages/pytest_django/plugin.py:565: 
_ _ _ _ _ _ _ _ _ _ _ _ _ _ _ _ _ _ _ _ _ _ _ _ _ _ _ _ _ _ _ _ _ _ _ _ _ _ _ _ 
/usr/local/lib/python3.12/site-packages/pytest_django/fixtures.py:144: in django_db_setup
    db_cfg = setup_databases(
/usr/local/lib/python3.12/site-packages/django/test/utils.py:206: in setup_databases
    connection.creation.create_test_db(
/usr/local/lib/python3.12/site-packages/django/db/backends/base/creation.py:94: in create_test_db
    self.connection._test_serialized_contents = self.serialize_db_to_string()
/usr/local/lib/python3.12/site-packages/django/db/backends/base/creation.py:145: in serialize_db_to_string
    serializers.serialize("json", get_objects(), indent=None, stream=out)
/usr/local/lib/python3.12/site-packages/django/core/serializers/__init__.py:134: in serialize
    s.serialize(queryset, **options)
/usr/local/lib/python3.12/site-packages/django/core/serializers/base.py:109: in serialize
    for count, obj in enumerate(queryset, start=1):
/usr/local/lib/python3.12/site-packages/django/db/backends/base/creation.py:141: in get_objects
    yield from queryset.iterator(chunk_size=chunk_size)
/usr/local/lib/python3.12/site-packages/django/db/models/query.py:518: in _iterator
    yield from iterable
/usr/local/lib/python3.12/site-packages/django/db/models/query.py:91: in __iter__
    results = compiler.execute_sql(
_ _ _ _ _ _ _ _ _ _ _ _ _ _ _ _ _ _ _ _ _ _ _ _ _ _ _ _ _ _ _ _ _ _ _ _ _ _ _ _ 

self = <SQLCompiler model=ClientSubsidiary connection=<DatabaseWrapper vendor='postgresql' alias='default'> using='default'>
result_type = 'multi', chunked_fetch = True, chunk_size = 2000

    def execute_sql(
        self, result_type=MULTI, chunked_fetch=False, chunk_size=GET_ITERATOR_CHUNK_SIZE
    ):
        """
        Run the query against the database and return the result(s). The
        return value is a single data item if result_type is SINGLE, or an
        iterator over the results if the result_type is MULTI.
    
        result_type is either MULTI (use fetchmany() to retrieve all rows),
        SINGLE (only retrieve a single row), or None. In this last case, the
        cursor is returned if any query is executed, since it's used by
        subclasses such as InsertQuery). It's possible, however, that no query
        is needed, as the filters describe an empty set. In that case, None is
        returned, to avoid any unnecessary database interaction.
        """
        result_type = result_type or NO_RESULTS
        try:
            sql, params = self.as_sql()
            if not sql:
                raise EmptyResultSet
        except EmptyResultSet:
            if result_type == MULTI:
                return iter([])
            else:
                return
        if chunked_fetch:
            cursor = self.connection.chunked_cursor()
        else:
            cursor = self.connection.cursor()
        try:
            cursor.execute(sql, params)
        except Exception:
            # Might fail for server-side cursors (e.g. connection closed)
>           cursor.close()
E           psycopg2.errors.InvalidCursorName: cursor "_django_curs_130019719265152_sync_49" does not exist

/usr/local/lib/python3.12/site-packages/django/db/models/sql/compiler.py:1577: InvalidCursorName
---------------------------- Captured stdout setup -----------------------------
Operations to perform:
  Synchronize unmigrated apps: corsheaders, drf_spectacular, messages, portal, postgres, rest_framework, rest_framework_simplejwt, staticfiles
  Apply all migrations: admin, agreements, audit, auth, brands, clientes, contenttypes, core, django_celery_beat, expedientes, inventario, knowledge, liquidations, orders, pricing, productos, qr, sessions, sizing, suppliers, token_blacklist, transfers, users
Synchronizing apps without migrations:
  Creating tables...
    Running deferred SQL...
Running migrations:
  No migrations to apply.
  Your models in app(s): 'agreements', 'clientes' have changes that are not yet reflected in a migration, and so won't be applied.
  Run 'manage.py makemigrations' to make new migrations, and then re-run 'manage.py migrate' to apply them.
---------------------------- Captured stderr setup -----------------------------
Using existing test database for alias 'default' ('test_mwt')...
_ ERROR at setup of TestEventLogCamposS21.test_02_command_c5_tiene_status_transition _

self = <django.db.backends.utils.CursorWrapper object at 0x76408e401580>
sql = 'SELECT "clientes_clientsubsidiary"."id", "clientes_clientsubsidiary"."group_id", "clientes_clientsubsidiary"."alias",...clientes_clientsubsidiary"."updated_at" FROM "clientes_clientsubsidiary" ORDER BY "clientes_clientsubsidiary"."id" ASC'
params = ()
ignored_wrapper_args = (False, {'connection': <DatabaseWrapper vendor='postgresql' alias='default'>, 'cursor': <django.db.backends.utils.CursorWrapper object at 0x76408e401580>})

    def _execute(self, sql, params, *ignored_wrapper_args):
        # Raise a warning during app initialization (stored_app_configs is only
        # ever set during testing).
        if not apps.ready and not apps.stored_app_configs:
            warnings.warn(self.APPS_NOT_READY_WARNING_MSG, category=RuntimeWarning)
        self.db.validate_no_broken_transaction()
        with self.db.wrap_database_errors:
            if params is None:
                # params default might be backend specific.
                return self.cursor.execute(sql)
            else:
>               return self.cursor.execute(sql, params)
E               psycopg2.errors.UndefinedColumn: column clientes_clientsubsidiary.payment_grace_days does not exist
E               LINE 1: ...ss", "clientes_clientsubsidiary"."email_billing", "clientes_...
E                                                                            ^

/usr/local/lib/python3.12/site-packages/django/db/backends/utils.py:105: UndefinedColumn

The above exception was the direct cause of the following exception:

self = <SQLCompiler model=ClientSubsidiary connection=<DatabaseWrapper vendor='postgresql' alias='default'> using='default'>
result_type = 'multi', chunked_fetch = True, chunk_size = 2000

    def execute_sql(
        self, result_type=MULTI, chunked_fetch=False, chunk_size=GET_ITERATOR_CHUNK_SIZE
    ):
        """
        Run the query against the database and return the result(s). The
        return value is a single data item if result_type is SINGLE, or an
        iterator over the results if the result_type is MULTI.
    
        result_type is either MULTI (use fetchmany() to retrieve all rows),
        SINGLE (only retrieve a single row), or None. In this last case, the
        cursor is returned if any query is executed, since it's used by
        subclasses such as InsertQuery). It's possible, however, that no query
        is needed, as the filters describe an empty set. In that case, None is
        returned, to avoid any unnecessary database interaction.
        """
        result_type = result_type or NO_RESULTS
        try:
            sql, params = self.as_sql()
            if not sql:
                raise EmptyResultSet
        except EmptyResultSet:
            if result_type == MULTI:
                return iter([])
            else:
                return
        if chunked_fetch:
            cursor = self.connection.chunked_cursor()
        else:
            cursor = self.connection.cursor()
        try:
>           cursor.execute(sql, params)

/usr/local/lib/python3.12/site-packages/django/db/models/sql/compiler.py:1574: 
_ _ _ _ _ _ _ _ _ _ _ _ _ _ _ _ _ _ _ _ _ _ _ _ _ _ _ _ _ _ _ _ _ _ _ _ _ _ _ _ 
/usr/local/lib/python3.12/site-packages/django/db/backends/utils.py:79: in execute
    return self._execute_with_wrappers(
/usr/local/lib/python3.12/site-packages/django/db/backends/utils.py:92: in _execute_with_wrappers
    return executor(sql, params, many, context)
/usr/local/lib/python3.12/site-packages/django/db/backends/utils.py:100: in _execute
    with self.db.wrap_database_errors:
/usr/local/lib/python3.12/site-packages/django/db/utils.py:91: in __exit__
    raise dj_exc_value.with_traceback(traceback) from exc_value
_ _ _ _ _ _ _ _ _ _ _ _ _ _ _ _ _ _ _ _ _ _ _ _ _ _ _ _ _ _ _ _ _ _ _ _ _ _ _ _ 

self = <django.db.backends.utils.CursorWrapper object at 0x76408e401580>
sql = 'SELECT "clientes_clientsubsidiary"."id", "clientes_clientsubsidiary"."group_id", "clientes_clientsubsidiary"."alias",...clientes_clientsubsidiary"."updated_at" FROM "clientes_clientsubsidiary" ORDER BY "clientes_clientsubsidiary"."id" ASC'
params = ()
ignored_wrapper_args = (False, {'connection': <DatabaseWrapper vendor='postgresql' alias='default'>, 'cursor': <django.db.backends.utils.CursorWrapper object at 0x76408e401580>})

    def _execute(self, sql, params, *ignored_wrapper_args):
        # Raise a warning during app initialization (stored_app_configs is only
        # ever set during testing).
        if not apps.ready and not apps.stored_app_configs:
            warnings.warn(self.APPS_NOT_READY_WARNING_MSG, category=RuntimeWarning)
        self.db.validate_no_broken_transaction()
        with self.db.wrap_database_errors:
            if params is None:
                # params default might be backend specific.
                return self.cursor.execute(sql)
            else:
>               return self.cursor.execute(sql, params)
E               django.db.utils.ProgrammingError: column clientes_clientsubsidiary.payment_grace_days does not exist
E               LINE 1: ...ss", "clientes_clientsubsidiary"."email_billing", "clientes_...
E                                                                            ^

/usr/local/lib/python3.12/site-packages/django/db/backends/utils.py:105: ProgrammingError

During handling of the above exception, another exception occurred:

request = <SubRequest '_django_setup_unittest' for <TestCaseFunction test_01_command_c1_event_tiene_user_y_action_source>>
django_db_blocker = <pytest_django.plugin.DjangoDbBlocker object at 0x7640925f01d0>

    @pytest.fixture(autouse=True, scope="class")
    def _django_setup_unittest(
        request: pytest.FixtureRequest,
        django_db_blocker: DjangoDbBlocker,
    ) -> Generator[None, None, None]:
        """Setup a django unittest, internal to pytest-django."""
        if not django_settings_is_configured() or not is_django_unittest(request):
            yield
            return
    
        # Fix/patch pytest.
        # Before pytest 5.4: https://github.com/pytest-dev/pytest/issues/5991
        # After pytest 5.4: https://github.com/pytest-dev/pytest-django/issues/824
        from _pytest.unittest import TestCaseFunction
    
        original_runtest = TestCaseFunction.runtest
    
        def non_debugging_runtest(self) -> None:
            self._testcase(result=self)
    
        from django.test import SimpleTestCase
    
        assert issubclass(request.cls, SimpleTestCase)  # Guarded by 'is_django_unittest'
        try:
            TestCaseFunction.runtest = non_debugging_runtest  # type: ignore[method-assign]
    
            # Don't set up the DB if the unittest does not require DB.
            # The `databases` propery seems like the best indicator for that.
            if request.cls.databases:
>               request.getfixturevalue("django_db_setup")

/usr/local/lib/python3.12/site-packages/pytest_django/plugin.py:565: 
_ _ _ _ _ _ _ _ _ _ _ _ _ _ _ _ _ _ _ _ _ _ _ _ _ _ _ _ _ _ _ _ _ _ _ _ _ _ _ _ 
/usr/local/lib/python3.12/site-packages/pytest_django/fixtures.py:144: in django_db_setup
    db_cfg = setup_databases(
/usr/local/lib/python3.12/site-packages/django/test/utils.py:206: in setup_databases
    connection.creation.create_test_db(
/usr/local/lib/python3.12/site-packages/django/db/backends/base/creation.py:94: in create_test_db
    self.connection._test_serialized_contents = self.serialize_db_to_string()
/usr/local/lib/python3.12/site-packages/django/db/backends/base/creation.py:145: in serialize_db_to_string
    serializers.serialize("json", get_objects(), indent=None, stream=out)
/usr/local/lib/python3.12/site-packages/django/core/serializers/__init__.py:134: in serialize
    s.serialize(queryset, **options)
/usr/local/lib/python3.12/site-packages/django/core/serializers/base.py:109: in serialize
    for count, obj in enumerate(queryset, start=1):
/usr/local/lib/python3.12/site-packages/django/db/backends/base/creation.py:141: in get_objects
    yield from queryset.iterator(chunk_size=chunk_size)
/usr/local/lib/python3.12/site-packages/django/db/models/query.py:518: in _iterator
    yield from iterable
/usr/local/lib/python3.12/site-packages/django/db/models/query.py:91: in __iter__
    results = compiler.execute_sql(
_ _ _ _ _ _ _ _ _ _ _ _ _ _ _ _ _ _ _ _ _ _ _ _ _ _ _ _ _ _ _ _ _ _ _ _ _ _ _ _ 

self = <SQLCompiler model=ClientSubsidiary connection=<DatabaseWrapper vendor='postgresql' alias='default'> using='default'>
result_type = 'multi', chunked_fetch = True, chunk_size = 2000

    def execute_sql(
        self, result_type=MULTI, chunked_fetch=False, chunk_size=GET_ITERATOR_CHUNK_SIZE
    ):
        """
        Run the query against the database and return the result(s). The
        return value is a single data item if result_type is SINGLE, or an
        iterator over the results if the result_type is MULTI.
    
        result_type is either MULTI (use fetchmany() to retrieve all rows),
        SINGLE (only retrieve a single row), or None. In this last case, the
        cursor is returned if any query is executed, since it's used by
        subclasses such as InsertQuery). It's possible, however, that no query
        is needed, as the filters describe an empty set. In that case, None is
        returned, to avoid any unnecessary database interaction.
        """
        result_type = result_type or NO_RESULTS
        try:
            sql, params = self.as_sql()
            if not sql:
                raise EmptyResultSet
        except EmptyResultSet:
            if result_type == MULTI:
                return iter([])
            else:
                return
        if chunked_fetch:
            cursor = self.connection.chunked_cursor()
        else:
            cursor = self.connection.cursor()
        try:
            cursor.execute(sql, params)
        except Exception:
            # Might fail for server-side cursors (e.g. connection closed)
>           cursor.close()
E           psycopg2.errors.InvalidCursorName: cursor "_django_curs_130019719265152_sync_49" does not exist

/usr/local/lib/python3.12/site-packages/django/db/models/sql/compiler.py:1577: InvalidCursorName
_ ERROR at setup of TestEventLogCamposS21.test_03_create_proforma_tiene_proforma_fk _

self = <django.db.backends.utils.CursorWrapper object at 0x76408e401580>
sql = 'SELECT "clientes_clientsubsidiary"."id", "clientes_clientsubsidiary"."group_id", "clientes_clientsubsidiary"."alias",...clientes_clientsubsidiary"."updated_at" FROM "clientes_clientsubsidiary" ORDER BY "clientes_clientsubsidiary"."id" ASC'
params = ()
ignored_wrapper_args = (False, {'connection': <DatabaseWrapper vendor='postgresql' alias='default'>, 'cursor': <django.db.backends.utils.CursorWrapper object at 0x76408e401580>})

    def _execute(self, sql, params, *ignored_wrapper_args):
        # Raise a warning during app initialization (stored_app_configs is only
        # ever set during testing).
        if not apps.ready and not apps.stored_app_configs:
            warnings.warn(self.APPS_NOT_READY_WARNING_MSG, category=RuntimeWarning)
        self.db.validate_no_broken_transaction()
        with self.db.wrap_database_errors:
            if params is None:
                # params default might be backend specific.
                return self.cursor.execute(sql)
            else:
>               return self.cursor.execute(sql, params)
E               psycopg2.errors.UndefinedColumn: column clientes_clientsubsidiary.payment_grace_days does not exist
E               LINE 1: ...ss", "clientes_clientsubsidiary"."email_billing", "clientes_...
E                                                                            ^

/usr/local/lib/python3.12/site-packages/django/db/backends/utils.py:105: UndefinedColumn

The above exception was the direct cause of the following exception:

self = <SQLCompiler model=ClientSubsidiary connection=<DatabaseWrapper vendor='postgresql' alias='default'> using='default'>
result_type = 'multi', chunked_fetch = True, chunk_size = 2000

    def execute_sql(
        self, result_type=MULTI, chunked_fetch=False, chunk_size=GET_ITERATOR_CHUNK_SIZE
    ):
        """
        Run the query against the database and return the result(s). The
        return value is a single data item if result_type is SINGLE, or an
        iterator over the results if the result_type is MULTI.
    
        result_type is either MULTI (use fetchmany() to retrieve all rows),
        SINGLE (only retrieve a single row), or None. In this last case, the
        cursor is returned if any query is executed, since it's used by
        subclasses such as InsertQuery). It's possible, however, that no query
        is needed, as the filters describe an empty set. In that case, None is
        returned, to avoid any unnecessary database interaction.
        """
        result_type = result_type or NO_RESULTS
        try:
            sql, params = self.as_sql()
            if not sql:
                raise EmptyResultSet
        except EmptyResultSet:
            if result_type == MULTI:
                return iter([])
            else:
                return
        if chunked_fetch:
            cursor = self.connection.chunked_cursor()
        else:
            cursor = self.connection.cursor()
        try:
>           cursor.execute(sql, params)

/usr/local/lib/python3.12/site-packages/django/db/models/sql/compiler.py:1574: 
_ _ _ _ _ _ _ _ _ _ _ _ _ _ _ _ _ _ _ _ _ _ _ _ _ _ _ _ _ _ _ _ _ _ _ _ _ _ _ _ 
/usr/local/lib/python3.12/site-packages/django/db/backends/utils.py:79: in execute
    return self._execute_with_wrappers(
/usr/local/lib/python3.12/site-packages/django/db/backends/utils.py:92: in _execute_with_wrappers
    return executor(sql, params, many, context)
/usr/local/lib/python3.12/site-packages/django/db/backends/utils.py:100: in _execute
    with self.db.wrap_database_errors:
/usr/local/lib/python3.12/site-packages/django/db/utils.py:91: in __exit__
    raise dj_exc_value.with_traceback(traceback) from exc_value
_ _ _ _ _ _ _ _ _ _ _ _ _ _ _ _ _ _ _ _ _ _ _ _ _ _ _ _ _ _ _ _ _ _ _ _ _ _ _ _ 

self = <django.db.backends.utils.CursorWrapper object at 0x76408e401580>
sql = 'SELECT "clientes_clientsubsidiary"."id", "clientes_clientsubsidiary"."group_id", "clientes_clientsubsidiary"."alias",...clientes_clientsubsidiary"."updated_at" FROM "clientes_clientsubsidiary" ORDER BY "clientes_clientsubsidiary"."id" ASC'
params = ()
ignored_wrapper_args = (False, {'connection': <DatabaseWrapper vendor='postgresql' alias='default'>, 'cursor': <django.db.backends.utils.CursorWrapper object at 0x76408e401580>})

    def _execute(self, sql, params, *ignored_wrapper_args):
        # Raise a warning during app initialization (stored_app_configs is only
        # ever set during testing).
        if not apps.ready and not apps.stored_app_configs:
            warnings.warn(self.APPS_NOT_READY_WARNING_MSG, category=RuntimeWarning)
        self.db.validate_no_broken_transaction()
        with self.db.wrap_database_errors:
            if params is None:
                # params default might be backend specific.
                return self.cursor.execute(sql)
            else:
>               return self.cursor.execute(sql, params)
E               django.db.utils.ProgrammingError: column clientes_clientsubsidiary.payment_grace_days does not exist
E               LINE 1: ...ss", "clientes_clientsubsidiary"."email_billing", "clientes_...
E                                                                            ^

/usr/local/lib/python3.12/site-packages/django/db/backends/utils.py:105: ProgrammingError

During handling of the above exception, another exception occurred:

request = <SubRequest '_django_setup_unittest' for <TestCaseFunction test_01_command_c1_event_tiene_user_y_action_source>>
django_db_blocker = <pytest_django.plugin.DjangoDbBlocker object at 0x7640925f01d0>

    @pytest.fixture(autouse=True, scope="class")
    def _django_setup_unittest(
        request: pytest.FixtureRequest,
        django_db_blocker: DjangoDbBlocker,
    ) -> Generator[None, None, None]:
        """Setup a django unittest, internal to pytest-django."""
        if not django_settings_is_configured() or not is_django_unittest(request):
            yield
            return
    
        # Fix/patch pytest.
        # Before pytest 5.4: https://github.com/pytest-dev/pytest/issues/5991
        # After pytest 5.4: https://github.com/pytest-dev/pytest-django/issues/824
        from _pytest.unittest import TestCaseFunction
    
        original_runtest = TestCaseFunction.runtest
    
        def non_debugging_runtest(self) -> None:
            self._testcase(result=self)
    
        from django.test import SimpleTestCase
    
        assert issubclass(request.cls, SimpleTestCase)  # Guarded by 'is_django_unittest'
        try:
            TestCaseFunction.runtest = non_debugging_runtest  # type: ignore[method-assign]
    
            # Don't set up the DB if the unittest does not require DB.
            # The `databases` propery seems like the best indicator for that.
            if request.cls.databases:
>               request.getfixturevalue("django_db_setup")

/usr/local/lib/python3.12/site-packages/pytest_django/plugin.py:565: 
_ _ _ _ _ _ _ _ _ _ _ _ _ _ _ _ _ _ _ _ _ _ _ _ _ _ _ _ _ _ _ _ _ _ _ _ _ _ _ _ 
/usr/local/lib/python3.12/site-packages/pytest_django/fixtures.py:144: in django_db_setup
    db_cfg = setup_databases(
/usr/local/lib/python3.12/site-packages/django/test/utils.py:206: in setup_databases
    connection.creation.create_test_db(
/usr/local/lib/python3.12/site-packages/django/db/backends/base/creation.py:94: in create_test_db
    self.connection._test_serialized_contents = self.serialize_db_to_string()
/usr/local/lib/python3.12/site-packages/django/db/backends/base/creation.py:145: in serialize_db_to_string
    serializers.serialize("json", get_objects(), indent=None, stream=out)
/usr/local/lib/python3.12/site-packages/django/core/serializers/__init__.py:134: in serialize
    s.serialize(queryset, **options)
/usr/local/lib/python3.12/site-packages/django/core/serializers/base.py:109: in serialize
    for count, obj in enumerate(queryset, start=1):
/usr/local/lib/python3.12/site-packages/django/db/backends/base/creation.py:141: in get_objects
    yield from queryset.iterator(chunk_size=chunk_size)
/usr/local/lib/python3.12/site-packages/django/db/models/query.py:518: in _iterator
    yield from iterable
/usr/local/lib/python3.12/site-packages/django/db/models/query.py:91: in __iter__
    results = compiler.execute_sql(
_ _ _ _ _ _ _ _ _ _ _ _ _ _ _ _ _ _ _ _ _ _ _ _ _ _ _ _ _ _ _ _ _ _ _ _ _ _ _ _ 

self = <SQLCompiler model=ClientSubsidiary connection=<DatabaseWrapper vendor='postgresql' alias='default'> using='default'>
result_type = 'multi', chunked_fetch = True, chunk_size = 2000

    def execute_sql(
        self, result_type=MULTI, chunked_fetch=False, chunk_size=GET_ITERATOR_CHUNK_SIZE
    ):
        """
        Run the query against the database and return the result(s). The
        return value is a single data item if result_type is SINGLE, or an
        iterator over the results if the result_type is MULTI.
    
        result_type is either MULTI (use fetchmany() to retrieve all rows),
        SINGLE (only retrieve a single row), or None. In this last case, the
        cursor is returned if any query is executed, since it's used by
        subclasses such as InsertQuery). It's possible, however, that no query
        is needed, as the filters describe an empty set. In that case, None is
        returned, to avoid any unnecessary database interaction.
        """
        result_type = result_type or NO_RESULTS
        try:
            sql, params = self.as_sql()
            if not sql:
                raise EmptyResultSet
        except EmptyResultSet:
            if result_type == MULTI:
                return iter([])
            else:
                return
        if chunked_fetch:
            cursor = self.connection.chunked_cursor()
        else:
            cursor = self.connection.cursor()
        try:
            cursor.execute(sql, params)
        except Exception:
            # Might fail for server-side cursors (e.g. connection closed)
>           cursor.close()
E           psycopg2.errors.InvalidCursorName: cursor "_django_curs_130019719265152_sync_49" does not exist

/usr/local/lib/python3.12/site-packages/django/db/models/sql/compiler.py:1577: InvalidCursorName
__ ERROR at setup of TestEventLogCamposS21.test_04_change_mode_action_source ___

self = <django.db.backends.utils.CursorWrapper object at 0x76408e401580>
sql = 'SELECT "clientes_clientsubsidiary"."id", "clientes_clientsubsidiary"."group_id", "clientes_clientsubsidiary"."alias",...clientes_clientsubsidiary"."updated_at" FROM "clientes_clientsubsidiary" ORDER BY "clientes_clientsubsidiary"."id" ASC'
params = ()
ignored_wrapper_args = (False, {'connection': <DatabaseWrapper vendor='postgresql' alias='default'>, 'cursor': <django.db.backends.utils.CursorWrapper object at 0x76408e401580>})

    def _execute(self, sql, params, *ignored_wrapper_args):
        # Raise a warning during app initialization (stored_app_configs is only
        # ever set during testing).
        if not apps.ready and not apps.stored_app_configs:
            warnings.warn(self.APPS_NOT_READY_WARNING_MSG, category=RuntimeWarning)
        self.db.validate_no_broken_transaction()
        with self.db.wrap_database_errors:
            if params is None:
                # params default might be backend specific.
                return self.cursor.execute(sql)
            else:
>               return self.cursor.execute(sql, params)
E               psycopg2.errors.UndefinedColumn: column clientes_clientsubsidiary.payment_grace_days does not exist
E               LINE 1: ...ss", "clientes_clientsubsidiary"."email_billing", "clientes_...
E                                                                            ^

/usr/local/lib/python3.12/site-packages/django/db/backends/utils.py:105: UndefinedColumn

The above exception was the direct cause of the following exception:

self = <SQLCompiler model=ClientSubsidiary connection=<DatabaseWrapper vendor='postgresql' alias='default'> using='default'>
result_type = 'multi', chunked_fetch = True, chunk_size = 2000

    def execute_sql(
        self, result_type=MULTI, chunked_fetch=False, chunk_size=GET_ITERATOR_CHUNK_SIZE
    ):
        """
        Run the query against the database and return the result(s). The
        return value is a single data item if result_type is SINGLE, or an
        iterator over the results if the result_type is MULTI.
    
        result_type is either MULTI (use fetchmany() to retrieve all rows),
        SINGLE (only retrieve a single row), or None. In this last case, the
        cursor is returned if any query is executed, since it's used by
        subclasses such as InsertQuery). It's possible, however, that no query
        is needed, as the filters describe an empty set. In that case, None is
        returned, to avoid any unnecessary database interaction.
        """
        result_type = result_type or NO_RESULTS
        try:
            sql, params = self.as_sql()
            if not sql:
                raise EmptyResultSet
        except EmptyResultSet:
            if result_type == MULTI:
                return iter([])
            else:
                return
        if chunked_fetch:
            cursor = self.connection.chunked_cursor()
        else:
            cursor = self.connection.cursor()
        try:
>           cursor.execute(sql, params)

/usr/local/lib/python3.12/site-packages/django/db/models/sql/compiler.py:1574: 
_ _ _ _ _ _ _ _ _ _ _ _ _ _ _ _ _ _ _ _ _ _ _ _ _ _ _ _ _ _ _ _ _ _ _ _ _ _ _ _ 
/usr/local/lib/python3.12/site-packages/django/db/backends/utils.py:79: in execute
    return self._execute_with_wrappers(
/usr/local/lib/python3.12/site-packages/django/db/backends/utils.py:92: in _execute_with_wrappers
    return executor(sql, params, many, context)
/usr/local/lib/python3.12/site-packages/django/db/backends/utils.py:100: in _execute
    with self.db.wrap_database_errors:
/usr/local/lib/python3.12/site-packages/django/db/utils.py:91: in __exit__
    raise dj_exc_value.with_traceback(traceback) from exc_value
_ _ _ _ _ _ _ _ _ _ _ _ _ _ _ _ _ _ _ _ _ _ _ _ _ _ _ _ _ _ _ _ _ _ _ _ _ _ _ _ 

self = <django.db.backends.utils.CursorWrapper object at 0x76408e401580>
sql = 'SELECT "clientes_clientsubsidiary"."id", "clientes_clientsubsidiary"."group_id", "clientes_clientsubsidiary"."alias",...clientes_clientsubsidiary"."updated_at" FROM "clientes_clientsubsidiary" ORDER BY "clientes_clientsubsidiary"."id" ASC'
params = ()
ignored_wrapper_args = (False, {'connection': <DatabaseWrapper vendor='postgresql' alias='default'>, 'cursor': <django.db.backends.utils.CursorWrapper object at 0x76408e401580>})

    def _execute(self, sql, params, *ignored_wrapper_args):
        # Raise a warning during app initialization (stored_app_configs is only
        # ever set during testing).
        if not apps.ready and not apps.stored_app_configs:
            warnings.warn(self.APPS_NOT_READY_WARNING_MSG, category=RuntimeWarning)
        self.db.validate_no_broken_transaction()
        with self.db.wrap_database_errors:
            if params is None:
                # params default might be backend specific.
                return self.cursor.execute(sql)
            else:
>               return self.cursor.execute(sql, params)
E               django.db.utils.ProgrammingError: column clientes_clientsubsidiary.payment_grace_days does not exist
E               LINE 1: ...ss", "clientes_clientsubsidiary"."email_billing", "clientes_...
E                                                                            ^

/usr/local/lib/python3.12/site-packages/django/db/backends/utils.py:105: ProgrammingError

During handling of the above exception, another exception occurred:

request = <SubRequest '_django_setup_unittest' for <TestCaseFunction test_01_command_c1_event_tiene_user_y_action_source>>
django_db_blocker = <pytest_django.plugin.DjangoDbBlocker object at 0x7640925f01d0>

    @pytest.fixture(autouse=True, scope="class")
    def _django_setup_unittest(
        request: pytest.FixtureRequest,
        django_db_blocker: DjangoDbBlocker,
    ) -> Generator[None, None, None]:
        """Setup a django unittest, internal to pytest-django."""
        if not django_settings_is_configured() or not is_django_unittest(request):
            yield
            return
    
        # Fix/patch pytest.
        # Before pytest 5.4: https://github.com/pytest-dev/pytest/issues/5991
        # After pytest 5.4: https://github.com/pytest-dev/pytest-django/issues/824
        from _pytest.unittest import TestCaseFunction
    
        original_runtest = TestCaseFunction.runtest
    
        def non_debugging_runtest(self) -> None:
            self._testcase(result=self)
    
        from django.test import SimpleTestCase
    
        assert issubclass(request.cls, SimpleTestCase)  # Guarded by 'is_django_unittest'
        try:
            TestCaseFunction.runtest = non_debugging_runtest  # type: ignore[method-assign]
    
            # Don't set up the DB if the unittest does not require DB.
            # The `databases` propery seems like the best indicator for that.
            if request.cls.databases:
>               request.getfixturevalue("django_db_setup")

/usr/local/lib/python3.12/site-packages/pytest_django/plugin.py:565: 
_ _ _ _ _ _ _ _ _ _ _ _ _ _ _ _ _ _ _ _ _ _ _ _ _ _ _ _ _ _ _ _ _ _ _ _ _ _ _ _ 
/usr/local/lib/python3.12/site-packages/pytest_django/fixtures.py:144: in django_db_setup
    db_cfg = setup_databases(
/usr/local/lib/python3.12/site-packages/django/test/utils.py:206: in setup_databases
    connection.creation.create_test_db(
/usr/local/lib/python3.12/site-packages/django/db/backends/base/creation.py:94: in create_test_db
    self.connection._test_serialized_contents = self.serialize_db_to_string()
/usr/local/lib/python3.12/site-packages/django/db/backends/base/creation.py:145: in serialize_db_to_string
    serializers.serialize("json", get_objects(), indent=None, stream=out)
/usr/local/lib/python3.12/site-packages/django/core/serializers/__init__.py:134: in serialize
    s.serialize(queryset, **options)
/usr/local/lib/python3.12/site-packages/django/core/serializers/base.py:109: in serialize
    for count, obj in enumerate(queryset, start=1):
/usr/local/lib/python3.12/site-packages/django/db/backends/base/creation.py:141: in get_objects
    yield from queryset.iterator(chunk_size=chunk_size)
/usr/local/lib/python3.12/site-packages/django/db/models/query.py:518: in _iterator
    yield from iterable
/usr/local/lib/python3.12/site-packages/django/db/models/query.py:91: in __iter__
    results = compiler.execute_sql(
_ _ _ _ _ _ _ _ _ _ _ _ _ _ _ _ _ _ _ _ _ _ _ _ _ _ _ _ _ _ _ _ _ _ _ _ _ _ _ _ 

self = <SQLCompiler model=ClientSubsidiary connection=<DatabaseWrapper vendor='postgresql' alias='default'> using='default'>
result_type = 'multi', chunked_fetch = True, chunk_size = 2000

    def execute_sql(
        self, result_type=MULTI, chunked_fetch=False, chunk_size=GET_ITERATOR_CHUNK_SIZE
    ):
        """
        Run the query against the database and return the result(s). The
        return value is a single data item if result_type is SINGLE, or an
        iterator over the results if the result_type is MULTI.
    
        result_type is either MULTI (use fetchmany() to retrieve all rows),
        SINGLE (only retrieve a single row), or None. In this last case, the
        cursor is returned if any query is executed, since it's used by
        subclasses such as InsertQuery). It's possible, however, that no query
        is needed, as the filters describe an empty set. In that case, None is
        returned, to avoid any unnecessary database interaction.
        """
        result_type = result_type or NO_RESULTS
        try:
            sql, params = self.as_sql()
            if not sql:
                raise EmptyResultSet
        except EmptyResultSet:
            if result_type == MULTI:
                return iter([])
            else:
                return
        if chunked_fetch:
            cursor = self.connection.chunked_cursor()
        else:
            cursor = self.connection.cursor()
        try:
            cursor.execute(sql, params)
        except Exception:
            # Might fail for server-side cursors (e.g. connection closed)
>           cursor.close()
E           psycopg2.errors.InvalidCursorName: cursor "_django_curs_130019719265152_sync_49" does not exist

/usr/local/lib/python3.12/site-packages/django/db/models/sql/compiler.py:1577: InvalidCursorName
_ ERROR at setup of TestEventLogCamposS21.test_05_celery_credit_clock_user_null _

self = <django.db.backends.utils.CursorWrapper object at 0x76408e401580>
sql = 'SELECT "clientes_clientsubsidiary"."id", "clientes_clientsubsidiary"."group_id", "clientes_clientsubsidiary"."alias",...clientes_clientsubsidiary"."updated_at" FROM "clientes_clientsubsidiary" ORDER BY "clientes_clientsubsidiary"."id" ASC'
params = ()
ignored_wrapper_args = (False, {'connection': <DatabaseWrapper vendor='postgresql' alias='default'>, 'cursor': <django.db.backends.utils.CursorWrapper object at 0x76408e401580>})

    def _execute(self, sql, params, *ignored_wrapper_args):
        # Raise a warning during app initialization (stored_app_configs is only
        # ever set during testing).
        if not apps.ready and not apps.stored_app_configs:
            warnings.warn(self.APPS_NOT_READY_WARNING_MSG, category=RuntimeWarning)
        self.db.validate_no_broken_transaction()
        with self.db.wrap_database_errors:
            if params is None:
                # params default might be backend specific.
                return self.cursor.execute(sql)
            else:
>               return self.cursor.execute(sql, params)
E               psycopg2.errors.UndefinedColumn: column clientes_clientsubsidiary.payment_grace_days does not exist
E               LINE 1: ...ss", "clientes_clientsubsidiary"."email_billing", "clientes_...
E                                                                            ^

/usr/local/lib/python3.12/site-packages/django/db/backends/utils.py:105: UndefinedColumn

The above exception was the direct cause of the following exception:

self = <SQLCompiler model=ClientSubsidiary connection=<DatabaseWrapper vendor='postgresql' alias='default'> using='default'>
result_type = 'multi', chunked_fetch = True, chunk_size = 2000

    def execute_sql(
        self, result_type=MULTI, chunked_fetch=False, chunk_size=GET_ITERATOR_CHUNK_SIZE
    ):
        """
        Run the query against the database and return the result(s). The
        return value is a single data item if result_type is SINGLE, or an
        iterator over the results if the result_type is MULTI.
    
        result_type is either MULTI (use fetchmany() to retrieve all rows),
        SINGLE (only retrieve a single row), or None. In this last case, the
        cursor is returned if any query is executed, since it's used by
        subclasses such as InsertQuery). It's possible, however, that no query
        is needed, as the filters describe an empty set. In that case, None is
        returned, to avoid any unnecessary database interaction.
        """
        result_type = result_type or NO_RESULTS
        try:
            sql, params = self.as_sql()
            if not sql:
                raise EmptyResultSet
        except EmptyResultSet:
            if result_type == MULTI:
                return iter([])
            else:
                return
        if chunked_fetch:
            cursor = self.connection.chunked_cursor()
        else:
            cursor = self.connection.cursor()
        try:
>           cursor.execute(sql, params)

/usr/local/lib/python3.12/site-packages/django/db/models/sql/compiler.py:1574: 
_ _ _ _ _ _ _ _ _ _ _ _ _ _ _ _ _ _ _ _ _ _ _ _ _ _ _ _ _ _ _ _ _ _ _ _ _ _ _ _ 
/usr/local/lib/python3.12/site-packages/django/db/backends/utils.py:79: in execute
    return self._execute_with_wrappers(
/usr/local/lib/python3.12/site-packages/django/db/backends/utils.py:92: in _execute_with_wrappers
    return executor(sql, params, many, context)
/usr/local/lib/python3.12/site-packages/django/db/backends/utils.py:100: in _execute
    with self.db.wrap_database_errors:
/usr/local/lib/python3.12/site-packages/django/db/utils.py:91: in __exit__
    raise dj_exc_value.with_traceback(traceback) from exc_value
_ _ _ _ _ _ _ _ _ _ _ _ _ _ _ _ _ _ _ _ _ _ _ _ _ _ _ _ _ _ _ _ _ _ _ _ _ _ _ _ 

self = <django.db.backends.utils.CursorWrapper object at 0x76408e401580>
sql = 'SELECT "clientes_clientsubsidiary"."id", "clientes_clientsubsidiary"."group_id", "clientes_clientsubsidiary"."alias",...clientes_clientsubsidiary"."updated_at" FROM "clientes_clientsubsidiary" ORDER BY "clientes_clientsubsidiary"."id" ASC'
params = ()
ignored_wrapper_args = (False, {'connection': <DatabaseWrapper vendor='postgresql' alias='default'>, 'cursor': <django.db.backends.utils.CursorWrapper object at 0x76408e401580>})

    def _execute(self, sql, params, *ignored_wrapper_args):
        # Raise a warning during app initialization (stored_app_configs is only
        # ever set during testing).
        if not apps.ready and not apps.stored_app_configs:
            warnings.warn(self.APPS_NOT_READY_WARNING_MSG, category=RuntimeWarning)
        self.db.validate_no_broken_transaction()
        with self.db.wrap_database_errors:
            if params is None:
                # params default might be backend specific.
                return self.cursor.execute(sql)
            else:
>               return self.cursor.execute(sql, params)
E               django.db.utils.ProgrammingError: column clientes_clientsubsidiary.payment_grace_days does not exist
E               LINE 1: ...ss", "clientes_clientsubsidiary"."email_billing", "clientes_...
E                                                                            ^

/usr/local/lib/python3.12/site-packages/django/db/backends/utils.py:105: ProgrammingError

During handling of the above exception, another exception occurred:

request = <SubRequest '_django_setup_unittest' for <TestCaseFunction test_01_command_c1_event_tiene_user_y_action_source>>
django_db_blocker = <pytest_django.plugin.DjangoDbBlocker object at 0x7640925f01d0>

    @pytest.fixture(autouse=True, scope="class")
    def _django_setup_unittest(
        request: pytest.FixtureRequest,
        django_db_blocker: DjangoDbBlocker,
    ) -> Generator[None, None, None]:
        """Setup a django unittest, internal to pytest-django."""
        if not django_settings_is_configured() or not is_django_unittest(request):
            yield
            return
    
        # Fix/patch pytest.
        # Before pytest 5.4: https://github.com/pytest-dev/pytest/issues/5991
        # After pytest 5.4: https://github.com/pytest-dev/pytest-django/issues/824
        from _pytest.unittest import TestCaseFunction
    
        original_runtest = TestCaseFunction.runtest
    
        def non_debugging_runtest(self) -> None:
            self._testcase(result=self)
    
        from django.test import SimpleTestCase
    
        assert issubclass(request.cls, SimpleTestCase)  # Guarded by 'is_django_unittest'
        try:
            TestCaseFunction.runtest = non_debugging_runtest  # type: ignore[method-assign]
    
            # Don't set up the DB if the unittest does not require DB.
            # The `databases` propery seems like the best indicator for that.
            if request.cls.databases:
>               request.getfixturevalue("django_db_setup")

/usr/local/lib/python3.12/site-packages/pytest_django/plugin.py:565: 
_ _ _ _ _ _ _ _ _ _ _ _ _ _ _ _ _ _ _ _ _ _ _ _ _ _ _ _ _ _ _ _ _ _ _ _ _ _ _ _ 
/usr/local/lib/python3.12/site-packages/pytest_django/fixtures.py:144: in django_db_setup
    db_cfg = setup_databases(
/usr/local/lib/python3.12/site-packages/django/test/utils.py:206: in setup_databases
    connection.creation.create_test_db(
/usr/local/lib/python3.12/site-packages/django/db/backends/base/creation.py:94: in create_test_db
    self.connection._test_serialized_contents = self.serialize_db_to_string()
/usr/local/lib/python3.12/site-packages/django/db/backends/base/creation.py:145: in serialize_db_to_string
    serializers.serialize("json", get_objects(), indent=None, stream=out)
/usr/local/lib/python3.12/site-packages/django/core/serializers/__init__.py:134: in serialize
    s.serialize(queryset, **options)
/usr/local/lib/python3.12/site-packages/django/core/serializers/base.py:109: in serialize
    for count, obj in enumerate(queryset, start=1):
/usr/local/lib/python3.12/site-packages/django/db/backends/base/creation.py:141: in get_objects
    yield from queryset.iterator(chunk_size=chunk_size)
/usr/local/lib/python3.12/site-packages/django/db/models/query.py:518: in _iterator
    yield from iterable
/usr/local/lib/python3.12/site-packages/django/db/models/query.py:91: in __iter__
    results = compiler.execute_sql(
_ _ _ _ _ _ _ _ _ _ _ _ _ _ _ _ _ _ _ _ _ _ _ _ _ _ _ _ _ _ _ _ _ _ _ _ _ _ _ _ 

self = <SQLCompiler model=ClientSubsidiary connection=<DatabaseWrapper vendor='postgresql' alias='default'> using='default'>
result_type = 'multi', chunked_fetch = True, chunk_size = 2000

    def execute_sql(
        self, result_type=MULTI, chunked_fetch=False, chunk_size=GET_ITERATOR_CHUNK_SIZE
    ):
        """
        Run the query against the database and return the result(s). The
        return value is a single data item if result_type is SINGLE, or an
        iterator over the results if the result_type is MULTI.
    
        result_type is either MULTI (use fetchmany() to retrieve all rows),
        SINGLE (only retrieve a single row), or None. In this last case, the
        cursor is returned if any query is executed, since it's used by
        subclasses such as InsertQuery). It's possible, however, that no query
        is needed, as the filters describe an empty set. In that case, None is
        returned, to avoid any unnecessary database interaction.
        """
        result_type = result_type or NO_RESULTS
        try:
            sql, params = self.as_sql()
            if not sql:
                raise EmptyResultSet
        except EmptyResultSet:
            if result_type == MULTI:
                return iter([])
            else:
                return
        if chunked_fetch:
            cursor = self.connection.chunked_cursor()
        else:
            cursor = self.connection.cursor()
        try:
            cursor.execute(sql, params)
        except Exception:
            # Might fail for server-side cursors (e.g. connection closed)
>           cursor.close()
E           psycopg2.errors.InvalidCursorName: cursor "_django_curs_130019719265152_sync_49" does not exist

/usr/local/lib/python3.12/site-packages/django/db/models/sql/compiler.py:1577: InvalidCursorName
_ ERROR at setup of TestEventLogCamposS21.test_06_eventlog_pre_s21_campos_nuevos_null _

self = <django.db.backends.utils.CursorWrapper object at 0x76408e401580>
sql = 'SELECT "clientes_clientsubsidiary"."id", "clientes_clientsubsidiary"."group_id", "clientes_clientsubsidiary"."alias",...clientes_clientsubsidiary"."updated_at" FROM "clientes_clientsubsidiary" ORDER BY "clientes_clientsubsidiary"."id" ASC'
params = ()
ignored_wrapper_args = (False, {'connection': <DatabaseWrapper vendor='postgresql' alias='default'>, 'cursor': <django.db.backends.utils.CursorWrapper object at 0x76408e401580>})

    def _execute(self, sql, params, *ignored_wrapper_args):
        # Raise a warning during app initialization (stored_app_configs is only
        # ever set during testing).
        if not apps.ready and not apps.stored_app_configs:
            warnings.warn(self.APPS_NOT_READY_WARNING_MSG, category=RuntimeWarning)
        self.db.validate_no_broken_transaction()
        with self.db.wrap_database_errors:
            if params is None:
                # params default might be backend specific.
                return self.cursor.execute(sql)
            else:
>               return self.cursor.execute(sql, params)
E               psycopg2.errors.UndefinedColumn: column clientes_clientsubsidiary.payment_grace_days does not exist
E               LINE 1: ...ss", "clientes_clientsubsidiary"."email_billing", "clientes_...
E                                                                            ^

/usr/local/lib/python3.12/site-packages/django/db/backends/utils.py:105: UndefinedColumn

The above exception was the direct cause of the following exception:

self = <SQLCompiler model=ClientSubsidiary connection=<DatabaseWrapper vendor='postgresql' alias='default'> using='default'>
result_type = 'multi', chunked_fetch = True, chunk_size = 2000

    def execute_sql(
        self, result_type=MULTI, chunked_fetch=False, chunk_size=GET_ITERATOR_CHUNK_SIZE
    ):
        """
        Run the query against the database and return the result(s). The
        return value is a single data item if result_type is SINGLE, or an
        iterator over the results if the result_type is MULTI.
    
        result_type is either MULTI (use fetchmany() to retrieve all rows),
        SINGLE (only retrieve a single row), or None. In this last case, the
        cursor is returned if any query is executed, since it's used by
        subclasses such as InsertQuery). It's possible, however, that no query
        is needed, as the filters describe an empty set. In that case, None is
        returned, to avoid any unnecessary database interaction.
        """
        result_type = result_type or NO_RESULTS
        try:
            sql, params = self.as_sql()
            if not sql:
                raise EmptyResultSet
        except EmptyResultSet:
            if result_type == MULTI:
                return iter([])
            else:
                return
        if chunked_fetch:
            cursor = self.connection.chunked_cursor()
        else:
            cursor = self.connection.cursor()
        try:
>           cursor.execute(sql, params)

/usr/local/lib/python3.12/site-packages/django/db/models/sql/compiler.py:1574: 
_ _ _ _ _ _ _ _ _ _ _ _ _ _ _ _ _ _ _ _ _ _ _ _ _ _ _ _ _ _ _ _ _ _ _ _ _ _ _ _ 
/usr/local/lib/python3.12/site-packages/django/db/backends/utils.py:79: in execute
    return self._execute_with_wrappers(
/usr/local/lib/python3.12/site-packages/django/db/backends/utils.py:92: in _execute_with_wrappers
    return executor(sql, params, many, context)
/usr/local/lib/python3.12/site-packages/django/db/backends/utils.py:100: in _execute
    with self.db.wrap_database_errors:
/usr/local/lib/python3.12/site-packages/django/db/utils.py:91: in __exit__
    raise dj_exc_value.with_traceback(traceback) from exc_value
_ _ _ _ _ _ _ _ _ _ _ _ _ _ _ _ _ _ _ _ _ _ _ _ _ _ _ _ _ _ _ _ _ _ _ _ _ _ _ _ 

self = <django.db.backends.utils.CursorWrapper object at 0x76408e401580>
sql = 'SELECT "clientes_clientsubsidiary"."id", "clientes_clientsubsidiary"."group_id", "clientes_clientsubsidiary"."alias",...clientes_clientsubsidiary"."updated_at" FROM "clientes_clientsubsidiary" ORDER BY "clientes_clientsubsidiary"."id" ASC'
params = ()
ignored_wrapper_args = (False, {'connection': <DatabaseWrapper vendor='postgresql' alias='default'>, 'cursor': <django.db.backends.utils.CursorWrapper object at 0x76408e401580>})

    def _execute(self, sql, params, *ignored_wrapper_args):
        # Raise a warning during app initialization (stored_app_configs is only
        # ever set during testing).
        if not apps.ready and not apps.stored_app_configs:
            warnings.warn(self.APPS_NOT_READY_WARNING_MSG, category=RuntimeWarning)
        self.db.validate_no_broken_transaction()
        with self.db.wrap_database_errors:
            if params is None:
                # params default might be backend specific.
                return self.cursor.execute(sql)
            else:
>               return self.cursor.execute(sql, params)
E               django.db.utils.ProgrammingError: column clientes_clientsubsidiary.payment_grace_days does not exist
E               LINE 1: ...ss", "clientes_clientsubsidiary"."email_billing", "clientes_...
E                                                                            ^

/usr/local/lib/python3.12/site-packages/django/db/backends/utils.py:105: ProgrammingError

During handling of the above exception, another exception occurred:

request = <SubRequest '_django_setup_unittest' for <TestCaseFunction test_01_command_c1_event_tiene_user_y_action_source>>
django_db_blocker = <pytest_django.plugin.DjangoDbBlocker object at 0x7640925f01d0>

    @pytest.fixture(autouse=True, scope="class")
    def _django_setup_unittest(
        request: pytest.FixtureRequest,
        django_db_blocker: DjangoDbBlocker,
    ) -> Generator[None, None, None]:
        """Setup a django unittest, internal to pytest-django."""
        if not django_settings_is_configured() or not is_django_unittest(request):
            yield
            return
    
        # Fix/patch pytest.
        # Before pytest 5.4: https://github.com/pytest-dev/pytest/issues/5991
        # After pytest 5.4: https://github.com/pytest-dev/pytest-django/issues/824
        from _pytest.unittest import TestCaseFunction
    
        original_runtest = TestCaseFunction.runtest
    
        def non_debugging_runtest(self) -> None:
            self._testcase(result=self)
    
        from django.test import SimpleTestCase
    
        assert issubclass(request.cls, SimpleTestCase)  # Guarded by 'is_django_unittest'
        try:
            TestCaseFunction.runtest = non_debugging_runtest  # type: ignore[method-assign]
    
            # Don't set up the DB if the unittest does not require DB.
            # The `databases` propery seems like the best indicator for that.
            if request.cls.databases:
>               request.getfixturevalue("django_db_setup")

/usr/local/lib/python3.12/site-packages/pytest_django/plugin.py:565: 
_ _ _ _ _ _ _ _ _ _ _ _ _ _ _ _ _ _ _ _ _ _ _ _ _ _ _ _ _ _ _ _ _ _ _ _ _ _ _ _ 
/usr/local/lib/python3.12/site-packages/pytest_django/fixtures.py:144: in django_db_setup
    db_cfg = setup_databases(
/usr/local/lib/python3.12/site-packages/django/test/utils.py:206: in setup_databases
    connection.creation.create_test_db(
/usr/local/lib/python3.12/site-packages/django/db/backends/base/creation.py:94: in create_test_db
    self.connection._test_serialized_contents = self.serialize_db_to_string()
/usr/local/lib/python3.12/site-packages/django/db/backends/base/creation.py:145: in serialize_db_to_string
    serializers.serialize("json", get_objects(), indent=None, stream=out)
/usr/local/lib/python3.12/site-packages/django/core/serializers/__init__.py:134: in serialize
    s.serialize(queryset, **options)
/usr/local/lib/python3.12/site-packages/django/core/serializers/base.py:109: in serialize
    for count, obj in enumerate(queryset, start=1):
/usr/local/lib/python3.12/site-packages/django/db/backends/base/creation.py:141: in get_objects
    yield from queryset.iterator(chunk_size=chunk_size)
/usr/local/lib/python3.12/site-packages/django/db/models/query.py:518: in _iterator
    yield from iterable
/usr/local/lib/python3.12/site-packages/django/db/models/query.py:91: in __iter__
    results = compiler.execute_sql(
_ _ _ _ _ _ _ _ _ _ _ _ _ _ _ _ _ _ _ _ _ _ _ _ _ _ _ _ _ _ _ _ _ _ _ _ _ _ _ _ 

self = <SQLCompiler model=ClientSubsidiary connection=<DatabaseWrapper vendor='postgresql' alias='default'> using='default'>
result_type = 'multi', chunked_fetch = True, chunk_size = 2000

    def execute_sql(
        self, result_type=MULTI, chunked_fetch=False, chunk_size=GET_ITERATOR_CHUNK_SIZE
    ):
        """
        Run the query against the database and return the result(s). The
        return value is a single data item if result_type is SINGLE, or an
        iterator over the results if the result_type is MULTI.
    
        result_type is either MULTI (use fetchmany() to retrieve all rows),
        SINGLE (only retrieve a single row), or None. In this last case, the
        cursor is returned if any query is executed, since it's used by
        subclasses such as InsertQuery). It's possible, however, that no query
        is needed, as the filters describe an empty set. In that case, None is
        returned, to avoid any unnecessary database interaction.
        """
        result_type = result_type or NO_RESULTS
        try:
            sql, params = self.as_sql()
            if not sql:
                raise EmptyResultSet
        except EmptyResultSet:
            if result_type == MULTI:
                return iter([])
            else:
                return
        if chunked_fetch:
            cursor = self.connection.chunked_cursor()
        else:
            cursor = self.connection.cursor()
        try:
            cursor.execute(sql, params)
        except Exception:
            # Might fail for server-side cursors (e.g. connection closed)
>           cursor.close()
E           psycopg2.errors.InvalidCursorName: cursor "_django_curs_130019719265152_sync_49" does not exist

/usr/local/lib/python3.12/site-packages/django/db/models/sql/compiler.py:1577: InvalidCursorName
_ ERROR at setup of TestUserNotificationState.test_07_primera_visita_get_or_create_last_seen_none _

self = <django.db.backends.utils.CursorWrapper object at 0x76408e401580>
sql = 'SELECT "clientes_clientsubsidiary"."id", "clientes_clientsubsidiary"."group_id", "clientes_clientsubsidiary"."alias",...clientes_clientsubsidiary"."updated_at" FROM "clientes_clientsubsidiary" ORDER BY "clientes_clientsubsidiary"."id" ASC'
params = ()
ignored_wrapper_args = (False, {'connection': <DatabaseWrapper vendor='postgresql' alias='default'>, 'cursor': <django.db.backends.utils.CursorWrapper object at 0x76408e401580>})

    def _execute(self, sql, params, *ignored_wrapper_args):
        # Raise a warning during app initialization (stored_app_configs is only
        # ever set during testing).
        if not apps.ready and not apps.stored_app_configs:
            warnings.warn(self.APPS_NOT_READY_WARNING_MSG, category=RuntimeWarning)
        self.db.validate_no_broken_transaction()
        with self.db.wrap_database_errors:
            if params is None:
                # params default might be backend specific.
                return self.cursor.execute(sql)
            else:
>               return self.cursor.execute(sql, params)
E               psycopg2.errors.UndefinedColumn: column clientes_clientsubsidiary.payment_grace_days does not exist
E               LINE 1: ...ss", "clientes_clientsubsidiary"."email_billing", "clientes_...
E                                                                            ^

/usr/local/lib/python3.12/site-packages/django/db/backends/utils.py:105: UndefinedColumn

The above exception was the direct cause of the following exception:

self = <SQLCompiler model=ClientSubsidiary connection=<DatabaseWrapper vendor='postgresql' alias='default'> using='default'>
result_type = 'multi', chunked_fetch = True, chunk_size = 2000

    def execute_sql(
        self, result_type=MULTI, chunked_fetch=False, chunk_size=GET_ITERATOR_CHUNK_SIZE
    ):
        """
        Run the query against the database and return the result(s). The
        return value is a single data item if result_type is SINGLE, or an
        iterator over the results if the result_type is MULTI.
    
        result_type is either MULTI (use fetchmany() to retrieve all rows),
        SINGLE (only retrieve a single row), or None. In this last case, the
        cursor is returned if any query is executed, since it's used by
        subclasses such as InsertQuery). It's possible, however, that no query
        is needed, as the filters describe an empty set. In that case, None is
        returned, to avoid any unnecessary database interaction.
        """
        result_type = result_type or NO_RESULTS
        try:
            sql, params = self.as_sql()
            if not sql:
                raise EmptyResultSet
        except EmptyResultSet:
            if result_type == MULTI:
                return iter([])
            else:
                return
        if chunked_fetch:
            cursor = self.connection.chunked_cursor()
        else:
            cursor = self.connection.cursor()
        try:
>           cursor.execute(sql, params)

/usr/local/lib/python3.12/site-packages/django/db/models/sql/compiler.py:1574: 
_ _ _ _ _ _ _ _ _ _ _ _ _ _ _ _ _ _ _ _ _ _ _ _ _ _ _ _ _ _ _ _ _ _ _ _ _ _ _ _ 
/usr/local/lib/python3.12/site-packages/django/db/backends/utils.py:79: in execute
    return self._execute_with_wrappers(
/usr/local/lib/python3.12/site-packages/django/db/backends/utils.py:92: in _execute_with_wrappers
    return executor(sql, params, many, context)
/usr/local/lib/python3.12/site-packages/django/db/backends/utils.py:100: in _execute
    with self.db.wrap_database_errors:
/usr/local/lib/python3.12/site-packages/django/db/utils.py:91: in __exit__
    raise dj_exc_value.with_traceback(traceback) from exc_value
_ _ _ _ _ _ _ _ _ _ _ _ _ _ _ _ _ _ _ _ _ _ _ _ _ _ _ _ _ _ _ _ _ _ _ _ _ _ _ _ 

self = <django.db.backends.utils.CursorWrapper object at 0x76408e401580>
sql = 'SELECT "clientes_clientsubsidiary"."id", "clientes_clientsubsidiary"."group_id", "clientes_clientsubsidiary"."alias",...clientes_clientsubsidiary"."updated_at" FROM "clientes_clientsubsidiary" ORDER BY "clientes_clientsubsidiary"."id" ASC'
params = ()
ignored_wrapper_args = (False, {'connection': <DatabaseWrapper vendor='postgresql' alias='default'>, 'cursor': <django.db.backends.utils.CursorWrapper object at 0x76408e401580>})

    def _execute(self, sql, params, *ignored_wrapper_args):
        # Raise a warning during app initialization (stored_app_configs is only
        # ever set during testing).
        if not apps.ready and not apps.stored_app_configs:
            warnings.warn(self.APPS_NOT_READY_WARNING_MSG, category=RuntimeWarning)
        self.db.validate_no_broken_transaction()
        with self.db.wrap_database_errors:
            if params is None:
                # params default might be backend specific.
                return self.cursor.execute(sql)
            else:
>               return self.cursor.execute(sql, params)
E               django.db.utils.ProgrammingError: column clientes_clientsubsidiary.payment_grace_days does not exist
E               LINE 1: ...ss", "clientes_clientsubsidiary"."email_billing", "clientes_...
E                                                                            ^

/usr/local/lib/python3.12/site-packages/django/db/backends/utils.py:105: ProgrammingError

During handling of the above exception, another exception occurred:

request = <SubRequest '_django_setup_unittest' for <TestCaseFunction test_07_primera_visita_get_or_create_last_seen_none>>
django_db_blocker = <pytest_django.plugin.DjangoDbBlocker object at 0x7640925f01d0>

    @pytest.fixture(autouse=True, scope="class")
    def _django_setup_unittest(
        request: pytest.FixtureRequest,
        django_db_blocker: DjangoDbBlocker,
    ) -> Generator[None, None, None]:
        """Setup a django unittest, internal to pytest-django."""
        if not django_settings_is_configured() or not is_django_unittest(request):
            yield
            return
    
        # Fix/patch pytest.
        # Before pytest 5.4: https://github.com/pytest-dev/pytest/issues/5991
        # After pytest 5.4: https://github.com/pytest-dev/pytest-django/issues/824
        from _pytest.unittest import TestCaseFunction
    
        original_runtest = TestCaseFunction.runtest
    
        def non_debugging_runtest(self) -> None:
            self._testcase(result=self)
    
        from django.test import SimpleTestCase
    
        assert issubclass(request.cls, SimpleTestCase)  # Guarded by 'is_django_unittest'
        try:
            TestCaseFunction.runtest = non_debugging_runtest  # type: ignore[method-assign]
    
            # Don't set up the DB if the unittest does not require DB.
            # The `databases` propery seems like the best indicator for that.
            if request.cls.databases:
>               request.getfixturevalue("django_db_setup")

/usr/local/lib/python3.12/site-packages/pytest_django/plugin.py:565: 
_ _ _ _ _ _ _ _ _ _ _ _ _ _ _ _ _ _ _ _ _ _ _ _ _ _ _ _ _ _ _ _ _ _ _ _ _ _ _ _ 
/usr/local/lib/python3.12/site-packages/pytest_django/fixtures.py:144: in django_db_setup
    db_cfg = setup_databases(
/usr/local/lib/python3.12/site-packages/django/test/utils.py:206: in setup_databases
    connection.creation.create_test_db(
/usr/local/lib/python3.12/site-packages/django/db/backends/base/creation.py:94: in create_test_db
    self.connection._test_serialized_contents = self.serialize_db_to_string()
/usr/local/lib/python3.12/site-packages/django/db/backends/base/creation.py:145: in serialize_db_to_string
    serializers.serialize("json", get_objects(), indent=None, stream=out)
/usr/local/lib/python3.12/site-packages/django/core/serializers/__init__.py:134: in serialize
    s.serialize(queryset, **options)
/usr/local/lib/python3.12/site-packages/django/core/serializers/base.py:109: in serialize
    for count, obj in enumerate(queryset, start=1):
/usr/local/lib/python3.12/site-packages/django/db/backends/base/creation.py:141: in get_objects
    yield from queryset.iterator(chunk_size=chunk_size)
/usr/local/lib/python3.12/site-packages/django/db/models/query.py:518: in _iterator
    yield from iterable
/usr/local/lib/python3.12/site-packages/django/db/models/query.py:91: in __iter__
    results = compiler.execute_sql(
_ _ _ _ _ _ _ _ _ _ _ _ _ _ _ _ _ _ _ _ _ _ _ _ _ _ _ _ _ _ _ _ _ _ _ _ _ _ _ _ 

self = <SQLCompiler model=ClientSubsidiary connection=<DatabaseWrapper vendor='postgresql' alias='default'> using='default'>
result_type = 'multi', chunked_fetch = True, chunk_size = 2000

    def execute_sql(
        self, result_type=MULTI, chunked_fetch=False, chunk_size=GET_ITERATOR_CHUNK_SIZE
    ):
        """
        Run the query against the database and return the result(s). The
        return value is a single data item if result_type is SINGLE, or an
        iterator over the results if the result_type is MULTI.
    
        result_type is either MULTI (use fetchmany() to retrieve all rows),
        SINGLE (only retrieve a single row), or None. In this last case, the
        cursor is returned if any query is executed, since it's used by
        subclasses such as InsertQuery). It's possible, however, that no query
        is needed, as the filters describe an empty set. In that case, None is
        returned, to avoid any unnecessary database interaction.
        """
        result_type = result_type or NO_RESULTS
        try:
            sql, params = self.as_sql()
            if not sql:
                raise EmptyResultSet
        except EmptyResultSet:
            if result_type == MULTI:
                return iter([])
            else:
                return
        if chunked_fetch:
            cursor = self.connection.chunked_cursor()
        else:
            cursor = self.connection.cursor()
        try:
            cursor.execute(sql, params)
        except Exception:
            # Might fail for server-side cursors (e.g. connection closed)
>           cursor.close()
E           psycopg2.errors.InvalidCursorName: cursor "_django_curs_130019719265152_sync_49" does not exist

/usr/local/lib/python3.12/site-packages/django/db/models/sql/compiler.py:1577: InvalidCursorName
_ ERROR at setup of TestUserNotificationState.test_08_mark_seen_retorna_campos_correctos _

self = <django.db.backends.utils.CursorWrapper object at 0x76408e401580>
sql = 'SELECT "clientes_clientsubsidiary"."id", "clientes_clientsubsidiary"."group_id", "clientes_clientsubsidiary"."alias",...clientes_clientsubsidiary"."updated_at" FROM "clientes_clientsubsidiary" ORDER BY "clientes_clientsubsidiary"."id" ASC'
params = ()
ignored_wrapper_args = (False, {'connection': <DatabaseWrapper vendor='postgresql' alias='default'>, 'cursor': <django.db.backends.utils.CursorWrapper object at 0x76408e401580>})

    def _execute(self, sql, params, *ignored_wrapper_args):
        # Raise a warning during app initialization (stored_app_configs is only
        # ever set during testing).
        if not apps.ready and not apps.stored_app_configs:
            warnings.warn(self.APPS_NOT_READY_WARNING_MSG, category=RuntimeWarning)
        self.db.validate_no_broken_transaction()
        with self.db.wrap_database_errors:
            if params is None:
                # params default might be backend specific.
                return self.cursor.execute(sql)
            else:
>               return self.cursor.execute(sql, params)
E               psycopg2.errors.UndefinedColumn: column clientes_clientsubsidiary.payment_grace_days does not exist
E               LINE 1: ...ss", "clientes_clientsubsidiary"."email_billing", "clientes_...
E                                                                            ^

/usr/local/lib/python3.12/site-packages/django/db/backends/utils.py:105: UndefinedColumn

The above exception was the direct cause of the following exception:

self = <SQLCompiler model=ClientSubsidiary connection=<DatabaseWrapper vendor='postgresql' alias='default'> using='default'>
result_type = 'multi', chunked_fetch = True, chunk_size = 2000

    def execute_sql(
        self, result_type=MULTI, chunked_fetch=False, chunk_size=GET_ITERATOR_CHUNK_SIZE
    ):
        """
        Run the query against the database and return the result(s). The
        return value is a single data item if result_type is SINGLE, or an
        iterator over the results if the result_type is MULTI.
    
        result_type is either MULTI (use fetchmany() to retrieve all rows),
        SINGLE (only retrieve a single row), or None. In this last case, the
        cursor is returned if any query is executed, since it's used by
        subclasses such as InsertQuery). It's possible, however, that no query
        is needed, as the filters describe an empty set. In that case, None is
        returned, to avoid any unnecessary database interaction.
        """
        result_type = result_type or NO_RESULTS
        try:
            sql, params = self.as_sql()
            if not sql:
                raise EmptyResultSet
        except EmptyResultSet:
            if result_type == MULTI:
                return iter([])
            else:
                return
        if chunked_fetch:
            cursor = self.connection.chunked_cursor()
        else:
            cursor = self.connection.cursor()
        try:
>           cursor.execute(sql, params)

/usr/local/lib/python3.12/site-packages/django/db/models/sql/compiler.py:1574: 
_ _ _ _ _ _ _ _ _ _ _ _ _ _ _ _ _ _ _ _ _ _ _ _ _ _ _ _ _ _ _ _ _ _ _ _ _ _ _ _ 
/usr/local/lib/python3.12/site-packages/django/db/backends/utils.py:79: in execute
    return self._execute_with_wrappers(
/usr/local/lib/python3.12/site-packages/django/db/backends/utils.py:92: in _execute_with_wrappers
    return executor(sql, params, many, context)
/usr/local/lib/python3.12/site-packages/django/db/backends/utils.py:100: in _execute
    with self.db.wrap_database_errors:
/usr/local/lib/python3.12/site-packages/django/db/utils.py:91: in __exit__
    raise dj_exc_value.with_traceback(traceback) from exc_value
_ _ _ _ _ _ _ _ _ _ _ _ _ _ _ _ _ _ _ _ _ _ _ _ _ _ _ _ _ _ _ _ _ _ _ _ _ _ _ _ 

self = <django.db.backends.utils.CursorWrapper object at 0x76408e401580>
sql = 'SELECT "clientes_clientsubsidiary"."id", "clientes_clientsubsidiary"."group_id", "clientes_clientsubsidiary"."alias",...clientes_clientsubsidiary"."updated_at" FROM "clientes_clientsubsidiary" ORDER BY "clientes_clientsubsidiary"."id" ASC'
params = ()
ignored_wrapper_args = (False, {'connection': <DatabaseWrapper vendor='postgresql' alias='default'>, 'cursor': <django.db.backends.utils.CursorWrapper object at 0x76408e401580>})

    def _execute(self, sql, params, *ignored_wrapper_args):
        # Raise a warning during app initialization (stored_app_configs is only
        # ever set during testing).
        if not apps.ready and not apps.stored_app_configs:
            warnings.warn(self.APPS_NOT_READY_WARNING_MSG, category=RuntimeWarning)
        self.db.validate_no_broken_transaction()
        with self.db.wrap_database_errors:
            if params is None:
                # params default might be backend specific.
                return self.cursor.execute(sql)
            else:
>               return self.cursor.execute(sql, params)
E               django.db.utils.ProgrammingError: column clientes_clientsubsidiary.payment_grace_days does not exist
E               LINE 1: ...ss", "clientes_clientsubsidiary"."email_billing", "clientes_...
E                                                                            ^

/usr/local/lib/python3.12/site-packages/django/db/backends/utils.py:105: ProgrammingError

During handling of the above exception, another exception occurred:

request = <SubRequest '_django_setup_unittest' for <TestCaseFunction test_07_primera_visita_get_or_create_last_seen_none>>
django_db_blocker = <pytest_django.plugin.DjangoDbBlocker object at 0x7640925f01d0>

    @pytest.fixture(autouse=True, scope="class")
    def _django_setup_unittest(
        request: pytest.FixtureRequest,
        django_db_blocker: DjangoDbBlocker,
    ) -> Generator[None, None, None]:
        """Setup a django unittest, internal to pytest-django."""
        if not django_settings_is_configured() or not is_django_unittest(request):
            yield
            return
    
        # Fix/patch pytest.
        # Before pytest 5.4: https://github.com/pytest-dev/pytest/issues/5991
        # After pytest 5.4: https://github.com/pytest-dev/pytest-django/issues/824
        from _pytest.unittest import TestCaseFunction
    
        original_runtest = TestCaseFunction.runtest
    
        def non_debugging_runtest(self) -> None:
            self._testcase(result=self)
    
        from django.test import SimpleTestCase
    
        assert issubclass(request.cls, SimpleTestCase)  # Guarded by 'is_django_unittest'
        try:
            TestCaseFunction.runtest = non_debugging_runtest  # type: ignore[method-assign]
    
            # Don't set up the DB if the unittest does not require DB.
            # The `databases` propery seems like the best indicator for that.
            if request.cls.databases:
>               request.getfixturevalue("django_db_setup")

/usr/local/lib/python3.12/site-packages/pytest_django/plugin.py:565: 
_ _ _ _ _ _ _ _ _ _ _ _ _ _ _ _ _ _ _ _ _ _ _ _ _ _ _ _ _ _ _ _ _ _ _ _ _ _ _ _ 
/usr/local/lib/python3.12/site-packages/pytest_django/fixtures.py:144: in django_db_setup
    db_cfg = setup_databases(
/usr/local/lib/python3.12/site-packages/django/test/utils.py:206: in setup_databases
    connection.creation.create_test_db(
/usr/local/lib/python3.12/site-packages/django/db/backends/base/creation.py:94: in create_test_db
    self.connection._test_serialized_contents = self.serialize_db_to_string()
/usr/local/lib/python3.12/site-packages/django/db/backends/base/creation.py:145: in serialize_db_to_string
    serializers.serialize("json", get_objects(), indent=None, stream=out)
/usr/local/lib/python3.12/site-packages/django/core/serializers/__init__.py:134: in serialize
    s.serialize(queryset, **options)
/usr/local/lib/python3.12/site-packages/django/core/serializers/base.py:109: in serialize
    for count, obj in enumerate(queryset, start=1):
/usr/local/lib/python3.12/site-packages/django/db/backends/base/creation.py:141: in get_objects
    yield from queryset.iterator(chunk_size=chunk_size)
/usr/local/lib/python3.12/site-packages/django/db/models/query.py:518: in _iterator
    yield from iterable
/usr/local/lib/python3.12/site-packages/django/db/models/query.py:91: in __iter__
    results = compiler.execute_sql(
_ _ _ _ _ _ _ _ _ _ _ _ _ _ _ _ _ _ _ _ _ _ _ _ _ _ _ _ _ _ _ _ _ _ _ _ _ _ _ _ 

self = <SQLCompiler model=ClientSubsidiary connection=<DatabaseWrapper vendor='postgresql' alias='default'> using='default'>
result_type = 'multi', chunked_fetch = True, chunk_size = 2000

    def execute_sql(
        self, result_type=MULTI, chunked_fetch=False, chunk_size=GET_ITERATOR_CHUNK_SIZE
    ):
        """
        Run the query against the database and return the result(s). The
        return value is a single data item if result_type is SINGLE, or an
        iterator over the results if the result_type is MULTI.
    
        result_type is either MULTI (use fetchmany() to retrieve all rows),
        SINGLE (only retrieve a single row), or None. In this last case, the
        cursor is returned if any query is executed, since it's used by
        subclasses such as InsertQuery). It's possible, however, that no query
        is needed, as the filters describe an empty set. In that case, None is
        returned, to avoid any unnecessary database interaction.
        """
        result_type = result_type or NO_RESULTS
        try:
            sql, params = self.as_sql()
            if not sql:
                raise EmptyResultSet
        except EmptyResultSet:
            if result_type == MULTI:
                return iter([])
            else:
                return
        if chunked_fetch:
            cursor = self.connection.chunked_cursor()
        else:
            cursor = self.connection.cursor()
        try:
            cursor.execute(sql, params)
        except Exception:
            # Might fail for server-side cursors (e.g. connection closed)
>           cursor.close()
E           psycopg2.errors.InvalidCursorName: cursor "_django_curs_130019719265152_sync_49" does not exist

/usr/local/lib/python3.12/site-packages/django/db/models/sql/compiler.py:1577: InvalidCursorName
_ ERROR at setup of TestUserNotificationState.test_09_segundo_mark_seen_last_seen_avanza _

self = <django.db.backends.utils.CursorWrapper object at 0x76408e401580>
sql = 'SELECT "clientes_clientsubsidiary"."id", "clientes_clientsubsidiary"."group_id", "clientes_clientsubsidiary"."alias",...clientes_clientsubsidiary"."updated_at" FROM "clientes_clientsubsidiary" ORDER BY "clientes_clientsubsidiary"."id" ASC'
params = ()
ignored_wrapper_args = (False, {'connection': <DatabaseWrapper vendor='postgresql' alias='default'>, 'cursor': <django.db.backends.utils.CursorWrapper object at 0x76408e401580>})

    def _execute(self, sql, params, *ignored_wrapper_args):
        # Raise a warning during app initialization (stored_app_configs is only
        # ever set during testing).
        if not apps.ready and not apps.stored_app_configs:
            warnings.warn(self.APPS_NOT_READY_WARNING_MSG, category=RuntimeWarning)
        self.db.validate_no_broken_transaction()
        with self.db.wrap_database_errors:
            if params is None:
                # params default might be backend specific.
                return self.cursor.execute(sql)
            else:
>               return self.cursor.execute(sql, params)
E               psycopg2.errors.UndefinedColumn: column clientes_clientsubsidiary.payment_grace_days does not exist
E               LINE 1: ...ss", "clientes_clientsubsidiary"."email_billing", "clientes_...
E                                                                            ^

/usr/local/lib/python3.12/site-packages/django/db/backends/utils.py:105: UndefinedColumn

The above exception was the direct cause of the following exception:

self = <SQLCompiler model=ClientSubsidiary connection=<DatabaseWrapper vendor='postgresql' alias='default'> using='default'>
result_type = 'multi', chunked_fetch = True, chunk_size = 2000

    def execute_sql(
        self, result_type=MULTI, chunked_fetch=False, chunk_size=GET_ITERATOR_CHUNK_SIZE
    ):
        """
        Run the query against the database and return the result(s). The
        return value is a single data item if result_type is SINGLE, or an
        iterator over the results if the result_type is MULTI.
    
        result_type is either MULTI (use fetchmany() to retrieve all rows),
        SINGLE (only retrieve a single row), or None. In this last case, the
        cursor is returned if any query is executed, since it's used by
        subclasses such as InsertQuery). It's possible, however, that no query
        is needed, as the filters describe an empty set. In that case, None is
        returned, to avoid any unnecessary database interaction.
        """
        result_type = result_type or NO_RESULTS
        try:
            sql, params = self.as_sql()
            if not sql:
                raise EmptyResultSet
        except EmptyResultSet:
            if result_type == MULTI:
                return iter([])
            else:
                return
        if chunked_fetch:
            cursor = self.connection.chunked_cursor()
        else:
            cursor = self.connection.cursor()
        try:
>           cursor.execute(sql, params)

/usr/local/lib/python3.12/site-packages/django/db/models/sql/compiler.py:1574: 
_ _ _ _ _ _ _ _ _ _ _ _ _ _ _ _ _ _ _ _ _ _ _ _ _ _ _ _ _ _ _ _ _ _ _ _ _ _ _ _ 
/usr/local/lib/python3.12/site-packages/django/db/backends/utils.py:79: in execute
    return self._execute_with_wrappers(
/usr/local/lib/python3.12/site-packages/django/db/backends/utils.py:92: in _execute_with_wrappers
    return executor(sql, params, many, context)
/usr/local/lib/python3.12/site-packages/django/db/backends/utils.py:100: in _execute
    with self.db.wrap_database_errors:
/usr/local/lib/python3.12/site-packages/django/db/utils.py:91: in __exit__
    raise dj_exc_value.with_traceback(traceback) from exc_value
_ _ _ _ _ _ _ _ _ _ _ _ _ _ _ _ _ _ _ _ _ _ _ _ _ _ _ _ _ _ _ _ _ _ _ _ _ _ _ _ 

self = <django.db.backends.utils.CursorWrapper object at 0x76408e401580>
sql = 'SELECT "clientes_clientsubsidiary"."id", "clientes_clientsubsidiary"."group_id", "clientes_clientsubsidiary"."alias",...clientes_clientsubsidiary"."updated_at" FROM "clientes_clientsubsidiary" ORDER BY "clientes_clientsubsidiary"."id" ASC'
params = ()
ignored_wrapper_args = (False, {'connection': <DatabaseWrapper vendor='postgresql' alias='default'>, 'cursor': <django.db.backends.utils.CursorWrapper object at 0x76408e401580>})

    def _execute(self, sql, params, *ignored_wrapper_args):
        # Raise a warning during app initialization (stored_app_configs is only
        # ever set during testing).
        if not apps.ready and not apps.stored_app_configs:
            warnings.warn(self.APPS_NOT_READY_WARNING_MSG, category=RuntimeWarning)
        self.db.validate_no_broken_transaction()
        with self.db.wrap_database_errors:
            if params is None:
                # params default might be backend specific.
                return self.cursor.execute(sql)
            else:
>               return self.cursor.execute(sql, params)
E               django.db.utils.ProgrammingError: column clientes_clientsubsidiary.payment_grace_days does not exist
E               LINE 1: ...ss", "clientes_clientsubsidiary"."email_billing", "clientes_...
E                                                                            ^

/usr/local/lib/python3.12/site-packages/django/db/backends/utils.py:105: ProgrammingError

During handling of the above exception, another exception occurred:

request = <SubRequest '_django_setup_unittest' for <TestCaseFunction test_07_primera_visita_get_or_create_last_seen_none>>
django_db_blocker = <pytest_django.plugin.DjangoDbBlocker object at 0x7640925f01d0>

    @pytest.fixture(autouse=True, scope="class")
    def _django_setup_unittest(
        request: pytest.FixtureRequest,
        django_db_blocker: DjangoDbBlocker,
    ) -> Generator[None, None, None]:
        """Setup a django unittest, internal to pytest-django."""
        if not django_settings_is_configured() or not is_django_unittest(request):
            yield
            return
    
        # Fix/patch pytest.
        # Before pytest 5.4: https://github.com/pytest-dev/pytest/issues/5991
        # After pytest 5.4: https://github.com/pytest-dev/pytest-django/issues/824
        from _pytest.unittest import TestCaseFunction
    
        original_runtest = TestCaseFunction.runtest
    
        def non_debugging_runtest(self) -> None:
            self._testcase(result=self)
    
        from django.test import SimpleTestCase
    
        assert issubclass(request.cls, SimpleTestCase)  # Guarded by 'is_django_unittest'
        try:
            TestCaseFunction.runtest = non_debugging_runtest  # type: ignore[method-assign]
    
            # Don't set up the DB if the unittest does not require DB.
            # The `databases` propery seems like the best indicator for that.
            if request.cls.databases:
>               request.getfixturevalue("django_db_setup")

/usr/local/lib/python3.12/site-packages/pytest_django/plugin.py:565: 
_ _ _ _ _ _ _ _ _ _ _ _ _ _ _ _ _ _ _ _ _ _ _ _ _ _ _ _ _ _ _ _ _ _ _ _ _ _ _ _ 
/usr/local/lib/python3.12/site-packages/pytest_django/fixtures.py:144: in django_db_setup
    db_cfg = setup_databases(
/usr/local/lib/python3.12/site-packages/django/test/utils.py:206: in setup_databases
    connection.creation.create_test_db(
/usr/local/lib/python3.12/site-packages/django/db/backends/base/creation.py:94: in create_test_db
    self.connection._test_serialized_contents = self.serialize_db_to_string()
/usr/local/lib/python3.12/site-packages/django/db/backends/base/creation.py:145: in serialize_db_to_string
    serializers.serialize("json", get_objects(), indent=None, stream=out)
/usr/local/lib/python3.12/site-packages/django/core/serializers/__init__.py:134: in serialize
    s.serialize(queryset, **options)
/usr/local/lib/python3.12/site-packages/django/core/serializers/base.py:109: in serialize
    for count, obj in enumerate(queryset, start=1):
/usr/local/lib/python3.12/site-packages/django/db/backends/base/creation.py:141: in get_objects
    yield from queryset.iterator(chunk_size=chunk_size)
/usr/local/lib/python3.12/site-packages/django/db/models/query.py:518: in _iterator
    yield from iterable
/usr/local/lib/python3.12/site-packages/django/db/models/query.py:91: in __iter__
    results = compiler.execute_sql(
_ _ _ _ _ _ _ _ _ _ _ _ _ _ _ _ _ _ _ _ _ _ _ _ _ _ _ _ _ _ _ _ _ _ _ _ _ _ _ _ 

self = <SQLCompiler model=ClientSubsidiary connection=<DatabaseWrapper vendor='postgresql' alias='default'> using='default'>
result_type = 'multi', chunked_fetch = True, chunk_size = 2000

    def execute_sql(
        self, result_type=MULTI, chunked_fetch=False, chunk_size=GET_ITERATOR_CHUNK_SIZE
    ):
        """
        Run the query against the database and return the result(s). The
        return value is a single data item if result_type is SINGLE, or an
        iterator over the results if the result_type is MULTI.
    
        result_type is either MULTI (use fetchmany() to retrieve all rows),
        SINGLE (only retrieve a single row), or None. In this last case, the
        cursor is returned if any query is executed, since it's used by
        subclasses such as InsertQuery). It's possible, however, that no query
        is needed, as the filters describe an empty set. In that case, None is
        returned, to avoid any unnecessary database interaction.
        """
        result_type = result_type or NO_RESULTS
        try:
            sql, params = self.as_sql()
            if not sql:
                raise EmptyResultSet
        except EmptyResultSet:
            if result_type == MULTI:
                return iter([])
            else:
                return
        if chunked_fetch:
            cursor = self.connection.chunked_cursor()
        else:
            cursor = self.connection.cursor()
        try:
            cursor.execute(sql, params)
        except Exception:
            # Might fail for server-side cursors (e.g. connection closed)
>           cursor.close()
E           psycopg2.errors.InvalidCursorName: cursor "_django_curs_130019719265152_sync_49" does not exist

/usr/local/lib/python3.12/site-packages/django/db/models/sql/compiler.py:1577: InvalidCursorName
_ ERROR at setup of TestActivityFeedEndpoints.test_10_get_feed_sin_filtros_paginado _

self = <django.db.backends.utils.CursorWrapper object at 0x76408e401580>
sql = 'SELECT "clientes_clientsubsidiary"."id", "clientes_clientsubsidiary"."group_id", "clientes_clientsubsidiary"."alias",...clientes_clientsubsidiary"."updated_at" FROM "clientes_clientsubsidiary" ORDER BY "clientes_clientsubsidiary"."id" ASC'
params = ()
ignored_wrapper_args = (False, {'connection': <DatabaseWrapper vendor='postgresql' alias='default'>, 'cursor': <django.db.backends.utils.CursorWrapper object at 0x76408e401580>})

    def _execute(self, sql, params, *ignored_wrapper_args):
        # Raise a warning during app initialization (stored_app_configs is only
        # ever set during testing).
        if not apps.ready and not apps.stored_app_configs:
            warnings.warn(self.APPS_NOT_READY_WARNING_MSG, category=RuntimeWarning)
        self.db.validate_no_broken_transaction()
        with self.db.wrap_database_errors:
            if params is None:
                # params default might be backend specific.
                return self.cursor.execute(sql)
            else:
>               return self.cursor.execute(sql, params)
E               psycopg2.errors.UndefinedColumn: column clientes_clientsubsidiary.payment_grace_days does not exist
E               LINE 1: ...ss", "clientes_clientsubsidiary"."email_billing", "clientes_...
E                                                                            ^

/usr/local/lib/python3.12/site-packages/django/db/backends/utils.py:105: UndefinedColumn

The above exception was the direct cause of the following exception:

self = <SQLCompiler model=ClientSubsidiary connection=<DatabaseWrapper vendor='postgresql' alias='default'> using='default'>
result_type = 'multi', chunked_fetch = True, chunk_size = 2000

    def execute_sql(
        self, result_type=MULTI, chunked_fetch=False, chunk_size=GET_ITERATOR_CHUNK_SIZE
    ):
        """
        Run the query against the database and return the result(s). The
        return value is a single data item if result_type is SINGLE, or an
        iterator over the results if the result_type is MULTI.
    
        result_type is either MULTI (use fetchmany() to retrieve all rows),
        SINGLE (only retrieve a single row), or None. In this last case, the
        cursor is returned if any query is executed, since it's used by
        subclasses such as InsertQuery). It's possible, however, that no query
        is needed, as the filters describe an empty set. In that case, None is
        returned, to avoid any unnecessary database interaction.
        """
        result_type = result_type or NO_RESULTS
        try:
            sql, params = self.as_sql()
            if not sql:
                raise EmptyResultSet
        except EmptyResultSet:
            if result_type == MULTI:
                return iter([])
            else:
                return
        if chunked_fetch:
            cursor = self.connection.chunked_cursor()
        else:
            cursor = self.connection.cursor()
        try:
>           cursor.execute(sql, params)

/usr/local/lib/python3.12/site-packages/django/db/models/sql/compiler.py:1574: 
_ _ _ _ _ _ _ _ _ _ _ _ _ _ _ _ _ _ _ _ _ _ _ _ _ _ _ _ _ _ _ _ _ _ _ _ _ _ _ _ 
/usr/local/lib/python3.12/site-packages/django/db/backends/utils.py:79: in execute
    return self._execute_with_wrappers(
/usr/local/lib/python3.12/site-packages/django/db/backends/utils.py:92: in _execute_with_wrappers
    return executor(sql, params, many, context)
/usr/local/lib/python3.12/site-packages/django/db/backends/utils.py:100: in _execute
    with self.db.wrap_database_errors:
/usr/local/lib/python3.12/site-packages/django/db/utils.py:91: in __exit__
    raise dj_exc_value.with_traceback(traceback) from exc_value
_ _ _ _ _ _ _ _ _ _ _ _ _ _ _ _ _ _ _ _ _ _ _ _ _ _ _ _ _ _ _ _ _ _ _ _ _ _ _ _ 

self = <django.db.backends.utils.CursorWrapper object at 0x76408e401580>
sql = 'SELECT "clientes_clientsubsidiary"."id", "clientes_clientsubsidiary"."group_id", "clientes_clientsubsidiary"."alias",...clientes_clientsubsidiary"."updated_at" FROM "clientes_clientsubsidiary" ORDER BY "clientes_clientsubsidiary"."id" ASC'
params = ()
ignored_wrapper_args = (False, {'connection': <DatabaseWrapper vendor='postgresql' alias='default'>, 'cursor': <django.db.backends.utils.CursorWrapper object at 0x76408e401580>})

    def _execute(self, sql, params, *ignored_wrapper_args):
        # Raise a warning during app initialization (stored_app_configs is only
        # ever set during testing).
        if not apps.ready and not apps.stored_app_configs:
            warnings.warn(self.APPS_NOT_READY_WARNING_MSG, category=RuntimeWarning)
        self.db.validate_no_broken_transaction()
        with self.db.wrap_database_errors:
            if params is None:
                # params default might be backend specific.
                return self.cursor.execute(sql)
            else:
>               return self.cursor.execute(sql, params)
E               django.db.utils.ProgrammingError: column clientes_clientsubsidiary.payment_grace_days does not exist
E               LINE 1: ...ss", "clientes_clientsubsidiary"."email_billing", "clientes_...
E                                                                            ^

/usr/local/lib/python3.12/site-packages/django/db/backends/utils.py:105: ProgrammingError

During handling of the above exception, another exception occurred:

request = <SubRequest '_django_setup_unittest' for <TestCaseFunction test_10_get_feed_sin_filtros_paginado>>
django_db_blocker = <pytest_django.plugin.DjangoDbBlocker object at 0x7640925f01d0>

    @pytest.fixture(autouse=True, scope="class")
    def _django_setup_unittest(
        request: pytest.FixtureRequest,
        django_db_blocker: DjangoDbBlocker,
    ) -> Generator[None, None, None]:
        """Setup a django unittest, internal to pytest-django."""
        if not django_settings_is_configured() or not is_django_unittest(request):
            yield
            return
    
        # Fix/patch pytest.
        # Before pytest 5.4: https://github.com/pytest-dev/pytest/issues/5991
        # After pytest 5.4: https://github.com/pytest-dev/pytest-django/issues/824
        from _pytest.unittest import TestCaseFunction
    
        original_runtest = TestCaseFunction.runtest
    
        def non_debugging_runtest(self) -> None:
            self._testcase(result=self)
    
        from django.test import SimpleTestCase
    
        assert issubclass(request.cls, SimpleTestCase)  # Guarded by 'is_django_unittest'
        try:
            TestCaseFunction.runtest = non_debugging_runtest  # type: ignore[method-assign]
    
            # Don't set up the DB if the unittest does not require DB.
            # The `databases` propery seems like the best indicator for that.
            if request.cls.databases:
>               request.getfixturevalue("django_db_setup")

/usr/local/lib/python3.12/site-packages/pytest_django/plugin.py:565: 
_ _ _ _ _ _ _ _ _ _ _ _ _ _ _ _ _ _ _ _ _ _ _ _ _ _ _ _ _ _ _ _ _ _ _ _ _ _ _ _ 
/usr/local/lib/python3.12/site-packages/pytest_django/fixtures.py:144: in django_db_setup
    db_cfg = setup_databases(
/usr/local/lib/python3.12/site-packages/django/test/utils.py:206: in setup_databases
    connection.creation.create_test_db(
/usr/local/lib/python3.12/site-packages/django/db/backends/base/creation.py:94: in create_test_db
    self.connection._test_serialized_contents = self.serialize_db_to_string()
/usr/local/lib/python3.12/site-packages/django/db/backends/base/creation.py:145: in serialize_db_to_string
    serializers.serialize("json", get_objects(), indent=None, stream=out)
/usr/local/lib/python3.12/site-packages/django/core/serializers/__init__.py:134: in serialize
    s.serialize(queryset, **options)
/usr/local/lib/python3.12/site-packages/django/core/serializers/base.py:109: in serialize
    for count, obj in enumerate(queryset, start=1):
/usr/local/lib/python3.12/site-packages/django/db/backends/base/creation.py:141: in get_objects
    yield from queryset.iterator(chunk_size=chunk_size)
/usr/local/lib/python3.12/site-packages/django/db/models/query.py:518: in _iterator
    yield from iterable
/usr/local/lib/python3.12/site-packages/django/db/models/query.py:91: in __iter__
    results = compiler.execute_sql(
_ _ _ _ _ _ _ _ _ _ _ _ _ _ _ _ _ _ _ _ _ _ _ _ _ _ _ _ _ _ _ _ _ _ _ _ _ _ _ _ 

self = <SQLCompiler model=ClientSubsidiary connection=<DatabaseWrapper vendor='postgresql' alias='default'> using='default'>
result_type = 'multi', chunked_fetch = True, chunk_size = 2000

    def execute_sql(
        self, result_type=MULTI, chunked_fetch=False, chunk_size=GET_ITERATOR_CHUNK_SIZE
    ):
        """
        Run the query against the database and return the result(s). The
        return value is a single data item if result_type is SINGLE, or an
        iterator over the results if the result_type is MULTI.
    
        result_type is either MULTI (use fetchmany() to retrieve all rows),
        SINGLE (only retrieve a single row), or None. In this last case, the
        cursor is returned if any query is executed, since it's used by
        subclasses such as InsertQuery). It's possible, however, that no query
        is needed, as the filters describe an empty set. In that case, None is
        returned, to avoid any unnecessary database interaction.
        """
        result_type = result_type or NO_RESULTS
        try:
            sql, params = self.as_sql()
            if not sql:
                raise EmptyResultSet
        except EmptyResultSet:
            if result_type == MULTI:
                return iter([])
            else:
                return
        if chunked_fetch:
            cursor = self.connection.chunked_cursor()
        else:
            cursor = self.connection.cursor()
        try:
            cursor.execute(sql, params)
        except Exception:
            # Might fail for server-side cursors (e.g. connection closed)
>           cursor.close()
E           psycopg2.errors.InvalidCursorName: cursor "_django_curs_130019719265152_sync_49" does not exist

/usr/local/lib/python3.12/site-packages/django/db/models/sql/compiler.py:1577: InvalidCursorName
_ ERROR at setup of TestActivityFeedEndpoints.test_11_get_feed_filtro_expediente _

self = <django.db.backends.utils.CursorWrapper object at 0x76408e401580>
sql = 'SELECT "clientes_clientsubsidiary"."id", "clientes_clientsubsidiary"."group_id", "clientes_clientsubsidiary"."alias",...clientes_clientsubsidiary"."updated_at" FROM "clientes_clientsubsidiary" ORDER BY "clientes_clientsubsidiary"."id" ASC'
params = ()
ignored_wrapper_args = (False, {'connection': <DatabaseWrapper vendor='postgresql' alias='default'>, 'cursor': <django.db.backends.utils.CursorWrapper object at 0x76408e401580>})

    def _execute(self, sql, params, *ignored_wrapper_args):
        # Raise a warning during app initialization (stored_app_configs is only
        # ever set during testing).
        if not apps.ready and not apps.stored_app_configs:
            warnings.warn(self.APPS_NOT_READY_WARNING_MSG, category=RuntimeWarning)
        self.db.validate_no_broken_transaction()
        with self.db.wrap_database_errors:
            if params is None:
                # params default might be backend specific.
                return self.cursor.execute(sql)
            else:
>               return self.cursor.execute(sql, params)
E               psycopg2.errors.UndefinedColumn: column clientes_clientsubsidiary.payment_grace_days does not exist
E               LINE 1: ...ss", "clientes_clientsubsidiary"."email_billing", "clientes_...
E                                                                            ^

/usr/local/lib/python3.12/site-packages/django/db/backends/utils.py:105: UndefinedColumn

The above exception was the direct cause of the following exception:

self = <SQLCompiler model=ClientSubsidiary connection=<DatabaseWrapper vendor='postgresql' alias='default'> using='default'>
result_type = 'multi', chunked_fetch = True, chunk_size = 2000

    def execute_sql(
        self, result_type=MULTI, chunked_fetch=False, chunk_size=GET_ITERATOR_CHUNK_SIZE
    ):
        """
        Run the query against the database and return the result(s). The
        return value is a single data item if result_type is SINGLE, or an
        iterator over the results if the result_type is MULTI.
    
        result_type is either MULTI (use fetchmany() to retrieve all rows),
        SINGLE (only retrieve a single row), or None. In this last case, the
        cursor is returned if any query is executed, since it's used by
        subclasses such as InsertQuery). It's possible, however, that no query
        is needed, as the filters describe an empty set. In that case, None is
        returned, to avoid any unnecessary database interaction.
        """
        result_type = result_type or NO_RESULTS
        try:
            sql, params = self.as_sql()
            if not sql:
                raise EmptyResultSet
        except EmptyResultSet:
            if result_type == MULTI:
                return iter([])
            else:
                return
        if chunked_fetch:
            cursor = self.connection.chunked_cursor()
        else:
            cursor = self.connection.cursor()
        try:
>           cursor.execute(sql, params)

/usr/local/lib/python3.12/site-packages/django/db/models/sql/compiler.py:1574: 
_ _ _ _ _ _ _ _ _ _ _ _ _ _ _ _ _ _ _ _ _ _ _ _ _ _ _ _ _ _ _ _ _ _ _ _ _ _ _ _ 
/usr/local/lib/python3.12/site-packages/django/db/backends/utils.py:79: in execute
    return self._execute_with_wrappers(
/usr/local/lib/python3.12/site-packages/django/db/backends/utils.py:92: in _execute_with_wrappers
    return executor(sql, params, many, context)
/usr/local/lib/python3.12/site-packages/django/db/backends/utils.py:100: in _execute
    with self.db.wrap_database_errors:
/usr/local/lib/python3.12/site-packages/django/db/utils.py:91: in __exit__
    raise dj_exc_value.with_traceback(traceback) from exc_value
_ _ _ _ _ _ _ _ _ _ _ _ _ _ _ _ _ _ _ _ _ _ _ _ _ _ _ _ _ _ _ _ _ _ _ _ _ _ _ _ 

self = <django.db.backends.utils.CursorWrapper object at 0x76408e401580>
sql = 'SELECT "clientes_clientsubsidiary"."id", "clientes_clientsubsidiary"."group_id", "clientes_clientsubsidiary"."alias",...clientes_clientsubsidiary"."updated_at" FROM "clientes_clientsubsidiary" ORDER BY "clientes_clientsubsidiary"."id" ASC'
params = ()
ignored_wrapper_args = (False, {'connection': <DatabaseWrapper vendor='postgresql' alias='default'>, 'cursor': <django.db.backends.utils.CursorWrapper object at 0x76408e401580>})

    def _execute(self, sql, params, *ignored_wrapper_args):
        # Raise a warning during app initialization (stored_app_configs is only
        # ever set during testing).
        if not apps.ready and not apps.stored_app_configs:
            warnings.warn(self.APPS_NOT_READY_WARNING_MSG, category=RuntimeWarning)
        self.db.validate_no_broken_transaction()
        with self.db.wrap_database_errors:
            if params is None:
                # params default might be backend specific.
                return self.cursor.execute(sql)
            else:
>               return self.cursor.execute(sql, params)
E               django.db.utils.ProgrammingError: column clientes_clientsubsidiary.payment_grace_days does not exist
E               LINE 1: ...ss", "clientes_clientsubsidiary"."email_billing", "clientes_...
E                                                                            ^

/usr/local/lib/python3.12/site-packages/django/db/backends/utils.py:105: ProgrammingError

During handling of the above exception, another exception occurred:

request = <SubRequest '_django_setup_unittest' for <TestCaseFunction test_10_get_feed_sin_filtros_paginado>>
django_db_blocker = <pytest_django.plugin.DjangoDbBlocker object at 0x7640925f01d0>

    @pytest.fixture(autouse=True, scope="class")
    def _django_setup_unittest(
        request: pytest.FixtureRequest,
        django_db_blocker: DjangoDbBlocker,
    ) -> Generator[None, None, None]:
        """Setup a django unittest, internal to pytest-django."""
        if not django_settings_is_configured() or not is_django_unittest(request):
            yield
            return
    
        # Fix/patch pytest.
        # Before pytest 5.4: https://github.com/pytest-dev/pytest/issues/5991
        # After pytest 5.4: https://github.com/pytest-dev/pytest-django/issues/824
        from _pytest.unittest import TestCaseFunction
    
        original_runtest = TestCaseFunction.runtest
    
        def non_debugging_runtest(self) -> None:
            self._testcase(result=self)
    
        from django.test import SimpleTestCase
    
        assert issubclass(request.cls, SimpleTestCase)  # Guarded by 'is_django_unittest'
        try:
            TestCaseFunction.runtest = non_debugging_runtest  # type: ignore[method-assign]
    
            # Don't set up the DB if the unittest does not require DB.
            # The `databases` propery seems like the best indicator for that.
            if request.cls.databases:
>               request.getfixturevalue("django_db_setup")

/usr/local/lib/python3.12/site-packages/pytest_django/plugin.py:565: 
_ _ _ _ _ _ _ _ _ _ _ _ _ _ _ _ _ _ _ _ _ _ _ _ _ _ _ _ _ _ _ _ _ _ _ _ _ _ _ _ 
/usr/local/lib/python3.12/site-packages/pytest_django/fixtures.py:144: in django_db_setup
    db_cfg = setup_databases(
/usr/local/lib/python3.12/site-packages/django/test/utils.py:206: in setup_databases
    connection.creation.create_test_db(
/usr/local/lib/python3.12/site-packages/django/db/backends/base/creation.py:94: in create_test_db
    self.connection._test_serialized_contents = self.serialize_db_to_string()
/usr/local/lib/python3.12/site-packages/django/db/backends/base/creation.py:145: in serialize_db_to_string
    serializers.serialize("json", get_objects(), indent=None, stream=out)
/usr/local/lib/python3.12/site-packages/django/core/serializers/__init__.py:134: in serialize
    s.serialize(queryset, **options)
/usr/local/lib/python3.12/site-packages/django/core/serializers/base.py:109: in serialize
    for count, obj in enumerate(queryset, start=1):
/usr/local/lib/python3.12/site-packages/django/db/backends/base/creation.py:141: in get_objects
    yield from queryset.iterator(chunk_size=chunk_size)
/usr/local/lib/python3.12/site-packages/django/db/models/query.py:518: in _iterator
    yield from iterable
/usr/local/lib/python3.12/site-packages/django/db/models/query.py:91: in __iter__
    results = compiler.execute_sql(
_ _ _ _ _ _ _ _ _ _ _ _ _ _ _ _ _ _ _ _ _ _ _ _ _ _ _ _ _ _ _ _ _ _ _ _ _ _ _ _ 

self = <SQLCompiler model=ClientSubsidiary connection=<DatabaseWrapper vendor='postgresql' alias='default'> using='default'>
result_type = 'multi', chunked_fetch = True, chunk_size = 2000

    def execute_sql(
        self, result_type=MULTI, chunked_fetch=False, chunk_size=GET_ITERATOR_CHUNK_SIZE
    ):
        """
        Run the query against the database and return the result(s). The
        return value is a single data item if result_type is SINGLE, or an
        iterator over the results if the result_type is MULTI.
    
        result_type is either MULTI (use fetchmany() to retrieve all rows),
        SINGLE (only retrieve a single row), or None. In this last case, the
        cursor is returned if any query is executed, since it's used by
        subclasses such as InsertQuery). It's possible, however, that no query
        is needed, as the filters describe an empty set. In that case, None is
        returned, to avoid any unnecessary database interaction.
        """
        result_type = result_type or NO_RESULTS
        try:
            sql, params = self.as_sql()
            if not sql:
                raise EmptyResultSet
        except EmptyResultSet:
            if result_type == MULTI:
                return iter([])
            else:
                return
        if chunked_fetch:
            cursor = self.connection.chunked_cursor()
        else:
            cursor = self.connection.cursor()
        try:
            cursor.execute(sql, params)
        except Exception:
            # Might fail for server-side cursors (e.g. connection closed)
>           cursor.close()
E           psycopg2.errors.InvalidCursorName: cursor "_django_curs_130019719265152_sync_49" does not exist

/usr/local/lib/python3.12/site-packages/django/db/models/sql/compiler.py:1577: InvalidCursorName
_ ERROR at setup of TestActivityFeedEndpoints.test_12_get_feed_filtro_event_type _

self = <django.db.backends.utils.CursorWrapper object at 0x76408e401580>
sql = 'SELECT "clientes_clientsubsidiary"."id", "clientes_clientsubsidiary"."group_id", "clientes_clientsubsidiary"."alias",...clientes_clientsubsidiary"."updated_at" FROM "clientes_clientsubsidiary" ORDER BY "clientes_clientsubsidiary"."id" ASC'
params = ()
ignored_wrapper_args = (False, {'connection': <DatabaseWrapper vendor='postgresql' alias='default'>, 'cursor': <django.db.backends.utils.CursorWrapper object at 0x76408e401580>})

    def _execute(self, sql, params, *ignored_wrapper_args):
        # Raise a warning during app initialization (stored_app_configs is only
        # ever set during testing).
        if not apps.ready and not apps.stored_app_configs:
            warnings.warn(self.APPS_NOT_READY_WARNING_MSG, category=RuntimeWarning)
        self.db.validate_no_broken_transaction()
        with self.db.wrap_database_errors:
            if params is None:
                # params default might be backend specific.
                return self.cursor.execute(sql)
            else:
>               return self.cursor.execute(sql, params)
E               psycopg2.errors.UndefinedColumn: column clientes_clientsubsidiary.payment_grace_days does not exist
E               LINE 1: ...ss", "clientes_clientsubsidiary"."email_billing", "clientes_...
E                                                                            ^

/usr/local/lib/python3.12/site-packages/django/db/backends/utils.py:105: UndefinedColumn

The above exception was the direct cause of the following exception:

self = <SQLCompiler model=ClientSubsidiary connection=<DatabaseWrapper vendor='postgresql' alias='default'> using='default'>
result_type = 'multi', chunked_fetch = True, chunk_size = 2000

    def execute_sql(
        self, result_type=MULTI, chunked_fetch=False, chunk_size=GET_ITERATOR_CHUNK_SIZE
    ):
        """
        Run the query against the database and return the result(s). The
        return value is a single data item if result_type is SINGLE, or an
        iterator over the results if the result_type is MULTI.
    
        result_type is either MULTI (use fetchmany() to retrieve all rows),
        SINGLE (only retrieve a single row), or None. In this last case, the
        cursor is returned if any query is executed, since it's used by
        subclasses such as InsertQuery). It's possible, however, that no query
        is needed, as the filters describe an empty set. In that case, None is
        returned, to avoid any unnecessary database interaction.
        """
        result_type = result_type or NO_RESULTS
        try:
            sql, params = self.as_sql()
            if not sql:
                raise EmptyResultSet
        except EmptyResultSet:
            if result_type == MULTI:
                return iter([])
            else:
                return
        if chunked_fetch:
            cursor = self.connection.chunked_cursor()
        else:
            cursor = self.connection.cursor()
        try:
>           cursor.execute(sql, params)

/usr/local/lib/python3.12/site-packages/django/db/models/sql/compiler.py:1574: 
_ _ _ _ _ _ _ _ _ _ _ _ _ _ _ _ _ _ _ _ _ _ _ _ _ _ _ _ _ _ _ _ _ _ _ _ _ _ _ _ 
/usr/local/lib/python3.12/site-packages/django/db/backends/utils.py:79: in execute
    return self._execute_with_wrappers(
/usr/local/lib/python3.12/site-packages/django/db/backends/utils.py:92: in _execute_with_wrappers
    return executor(sql, params, many, context)
/usr/local/lib/python3.12/site-packages/django/db/backends/utils.py:100: in _execute
    with self.db.wrap_database_errors:
/usr/local/lib/python3.12/site-packages/django/db/utils.py:91: in __exit__
    raise dj_exc_value.with_traceback(traceback) from exc_value
_ _ _ _ _ _ _ _ _ _ _ _ _ _ _ _ _ _ _ _ _ _ _ _ _ _ _ _ _ _ _ _ _ _ _ _ _ _ _ _ 

self = <django.db.backends.utils.CursorWrapper object at 0x76408e401580>
sql = 'SELECT "clientes_clientsubsidiary"."id", "clientes_clientsubsidiary"."group_id", "clientes_clientsubsidiary"."alias",...clientes_clientsubsidiary"."updated_at" FROM "clientes_clientsubsidiary" ORDER BY "clientes_clientsubsidiary"."id" ASC'
params = ()
ignored_wrapper_args = (False, {'connection': <DatabaseWrapper vendor='postgresql' alias='default'>, 'cursor': <django.db.backends.utils.CursorWrapper object at 0x76408e401580>})

    def _execute(self, sql, params, *ignored_wrapper_args):
        # Raise a warning during app initialization (stored_app_configs is only
        # ever set during testing).
        if not apps.ready and not apps.stored_app_configs:
            warnings.warn(self.APPS_NOT_READY_WARNING_MSG, category=RuntimeWarning)
        self.db.validate_no_broken_transaction()
        with self.db.wrap_database_errors:
            if params is None:
                # params default might be backend specific.
                return self.cursor.execute(sql)
            else:
>               return self.cursor.execute(sql, params)
E               django.db.utils.ProgrammingError: column clientes_clientsubsidiary.payment_grace_days does not exist
E               LINE 1: ...ss", "clientes_clientsubsidiary"."email_billing", "clientes_...
E                                                                            ^

/usr/local/lib/python3.12/site-packages/django/db/backends/utils.py:105: ProgrammingError

During handling of the above exception, another exception occurred:

request = <SubRequest '_django_setup_unittest' for <TestCaseFunction test_10_get_feed_sin_filtros_paginado>>
django_db_blocker = <pytest_django.plugin.DjangoDbBlocker object at 0x7640925f01d0>

    @pytest.fixture(autouse=True, scope="class")
    def _django_setup_unittest(
        request: pytest.FixtureRequest,
        django_db_blocker: DjangoDbBlocker,
    ) -> Generator[None, None, None]:
        """Setup a django unittest, internal to pytest-django."""
        if not django_settings_is_configured() or not is_django_unittest(request):
            yield
            return
    
        # Fix/patch pytest.
        # Before pytest 5.4: https://github.com/pytest-dev/pytest/issues/5991
        # After pytest 5.4: https://github.com/pytest-dev/pytest-django/issues/824
        from _pytest.unittest import TestCaseFunction
    
        original_runtest = TestCaseFunction.runtest
    
        def non_debugging_runtest(self) -> None:
            self._testcase(result=self)
    
        from django.test import SimpleTestCase
    
        assert issubclass(request.cls, SimpleTestCase)  # Guarded by 'is_django_unittest'
        try:
            TestCaseFunction.runtest = non_debugging_runtest  # type: ignore[method-assign]
    
            # Don't set up the DB if the unittest does not require DB.
            # The `databases` propery seems like the best indicator for that.
            if request.cls.databases:
>               request.getfixturevalue("django_db_setup")

/usr/local/lib/python3.12/site-packages/pytest_django/plugin.py:565: 
_ _ _ _ _ _ _ _ _ _ _ _ _ _ _ _ _ _ _ _ _ _ _ _ _ _ _ _ _ _ _ _ _ _ _ _ _ _ _ _ 
/usr/local/lib/python3.12/site-packages/pytest_django/fixtures.py:144: in django_db_setup
    db_cfg = setup_databases(
/usr/local/lib/python3.12/site-packages/django/test/utils.py:206: in setup_databases
    connection.creation.create_test_db(
/usr/local/lib/python3.12/site-packages/django/db/backends/base/creation.py:94: in create_test_db
    self.connection._test_serialized_contents = self.serialize_db_to_string()
/usr/local/lib/python3.12/site-packages/django/db/backends/base/creation.py:145: in serialize_db_to_string
    serializers.serialize("json", get_objects(), indent=None, stream=out)
/usr/local/lib/python3.12/site-packages/django/core/serializers/__init__.py:134: in serialize
    s.serialize(queryset, **options)
/usr/local/lib/python3.12/site-packages/django/core/serializers/base.py:109: in serialize
    for count, obj in enumerate(queryset, start=1):
/usr/local/lib/python3.12/site-packages/django/db/backends/base/creation.py:141: in get_objects
    yield from queryset.iterator(chunk_size=chunk_size)
/usr/local/lib/python3.12/site-packages/django/db/models/query.py:518: in _iterator
    yield from iterable
/usr/local/lib/python3.12/site-packages/django/db/models/query.py:91: in __iter__
    results = compiler.execute_sql(
_ _ _ _ _ _ _ _ _ _ _ _ _ _ _ _ _ _ _ _ _ _ _ _ _ _ _ _ _ _ _ _ _ _ _ _ _ _ _ _ 

self = <SQLCompiler model=ClientSubsidiary connection=<DatabaseWrapper vendor='postgresql' alias='default'> using='default'>
result_type = 'multi', chunked_fetch = True, chunk_size = 2000

    def execute_sql(
        self, result_type=MULTI, chunked_fetch=False, chunk_size=GET_ITERATOR_CHUNK_SIZE
    ):
        """
        Run the query against the database and return the result(s). The
        return value is a single data item if result_type is SINGLE, or an
        iterator over the results if the result_type is MULTI.
    
        result_type is either MULTI (use fetchmany() to retrieve all rows),
        SINGLE (only retrieve a single row), or None. In this last case, the
        cursor is returned if any query is executed, since it's used by
        subclasses such as InsertQuery). It's possible, however, that no query
        is needed, as the filters describe an empty set. In that case, None is
        returned, to avoid any unnecessary database interaction.
        """
        result_type = result_type or NO_RESULTS
        try:
            sql, params = self.as_sql()
            if not sql:
                raise EmptyResultSet
        except EmptyResultSet:
            if result_type == MULTI:
                return iter([])
            else:
                return
        if chunked_fetch:
            cursor = self.connection.chunked_cursor()
        else:
            cursor = self.connection.cursor()
        try:
            cursor.execute(sql, params)
        except Exception:
            # Might fail for server-side cursors (e.g. connection closed)
>           cursor.close()
E           psycopg2.errors.InvalidCursorName: cursor "_django_curs_130019719265152_sync_49" does not exist

/usr/local/lib/python3.12/site-packages/django/db/models/sql/compiler.py:1577: InvalidCursorName
___ ERROR at setup of TestActivityFeedEndpoints.test_13_get_feed_unread_only ___

self = <django.db.backends.utils.CursorWrapper object at 0x76408e401580>
sql = 'SELECT "clientes_clientsubsidiary"."id", "clientes_clientsubsidiary"."group_id", "clientes_clientsubsidiary"."alias",...clientes_clientsubsidiary"."updated_at" FROM "clientes_clientsubsidiary" ORDER BY "clientes_clientsubsidiary"."id" ASC'
params = ()
ignored_wrapper_args = (False, {'connection': <DatabaseWrapper vendor='postgresql' alias='default'>, 'cursor': <django.db.backends.utils.CursorWrapper object at 0x76408e401580>})

    def _execute(self, sql, params, *ignored_wrapper_args):
        # Raise a warning during app initialization (stored_app_configs is only
        # ever set during testing).
        if not apps.ready and not apps.stored_app_configs:
            warnings.warn(self.APPS_NOT_READY_WARNING_MSG, category=RuntimeWarning)
        self.db.validate_no_broken_transaction()
        with self.db.wrap_database_errors:
            if params is None:
                # params default might be backend specific.
                return self.cursor.execute(sql)
            else:
>               return self.cursor.execute(sql, params)
E               psycopg2.errors.UndefinedColumn: column clientes_clientsubsidiary.payment_grace_days does not exist
E               LINE 1: ...ss", "clientes_clientsubsidiary"."email_billing", "clientes_...
E                                                                            ^

/usr/local/lib/python3.12/site-packages/django/db/backends/utils.py:105: UndefinedColumn

The above exception was the direct cause of the following exception:

self = <SQLCompiler model=ClientSubsidiary connection=<DatabaseWrapper vendor='postgresql' alias='default'> using='default'>
result_type = 'multi', chunked_fetch = True, chunk_size = 2000

    def execute_sql(
        self, result_type=MULTI, chunked_fetch=False, chunk_size=GET_ITERATOR_CHUNK_SIZE
    ):
        """
        Run the query against the database and return the result(s). The
        return value is a single data item if result_type is SINGLE, or an
        iterator over the results if the result_type is MULTI.
    
        result_type is either MULTI (use fetchmany() to retrieve all rows),
        SINGLE (only retrieve a single row), or None. In this last case, the
        cursor is returned if any query is executed, since it's used by
        subclasses such as InsertQuery). It's possible, however, that no query
        is needed, as the filters describe an empty set. In that case, None is
        returned, to avoid any unnecessary database interaction.
        """
        result_type = result_type or NO_RESULTS
        try:
            sql, params = self.as_sql()
            if not sql:
                raise EmptyResultSet
        except EmptyResultSet:
            if result_type == MULTI:
                return iter([])
            else:
                return
        if chunked_fetch:
            cursor = self.connection.chunked_cursor()
        else:
            cursor = self.connection.cursor()
        try:
>           cursor.execute(sql, params)

/usr/local/lib/python3.12/site-packages/django/db/models/sql/compiler.py:1574: 
_ _ _ _ _ _ _ _ _ _ _ _ _ _ _ _ _ _ _ _ _ _ _ _ _ _ _ _ _ _ _ _ _ _ _ _ _ _ _ _ 
/usr/local/lib/python3.12/site-packages/django/db/backends/utils.py:79: in execute
    return self._execute_with_wrappers(
/usr/local/lib/python3.12/site-packages/django/db/backends/utils.py:92: in _execute_with_wrappers
    return executor(sql, params, many, context)
/usr/local/lib/python3.12/site-packages/django/db/backends/utils.py:100: in _execute
    with self.db.wrap_database_errors:
/usr/local/lib/python3.12/site-packages/django/db/utils.py:91: in __exit__
    raise dj_exc_value.with_traceback(traceback) from exc_value
_ _ _ _ _ _ _ _ _ _ _ _ _ _ _ _ _ _ _ _ _ _ _ _ _ _ _ _ _ _ _ _ _ _ _ _ _ _ _ _ 

self = <django.db.backends.utils.CursorWrapper object at 0x76408e401580>
sql = 'SELECT "clientes_clientsubsidiary"."id", "clientes_clientsubsidiary"."group_id", "clientes_clientsubsidiary"."alias",...clientes_clientsubsidiary"."updated_at" FROM "clientes_clientsubsidiary" ORDER BY "clientes_clientsubsidiary"."id" ASC'
params = ()
ignored_wrapper_args = (False, {'connection': <DatabaseWrapper vendor='postgresql' alias='default'>, 'cursor': <django.db.backends.utils.CursorWrapper object at 0x76408e401580>})

    def _execute(self, sql, params, *ignored_wrapper_args):
        # Raise a warning during app initialization (stored_app_configs is only
        # ever set during testing).
        if not apps.ready and not apps.stored_app_configs:
            warnings.warn(self.APPS_NOT_READY_WARNING_MSG, category=RuntimeWarning)
        self.db.validate_no_broken_transaction()
        with self.db.wrap_database_errors:
            if params is None:
                # params default might be backend specific.
                return self.cursor.execute(sql)
            else:
>               return self.cursor.execute(sql, params)
E               django.db.utils.ProgrammingError: column clientes_clientsubsidiary.payment_grace_days does not exist
E               LINE 1: ...ss", "clientes_clientsubsidiary"."email_billing", "clientes_...
E                                                                            ^

/usr/local/lib/python3.12/site-packages/django/db/backends/utils.py:105: ProgrammingError

During handling of the above exception, another exception occurred:

request = <SubRequest '_django_setup_unittest' for <TestCaseFunction test_10_get_feed_sin_filtros_paginado>>
django_db_blocker = <pytest_django.plugin.DjangoDbBlocker object at 0x7640925f01d0>

    @pytest.fixture(autouse=True, scope="class")
    def _django_setup_unittest(
        request: pytest.FixtureRequest,
        django_db_blocker: DjangoDbBlocker,
    ) -> Generator[None, None, None]:
        """Setup a django unittest, internal to pytest-django."""
        if not django_settings_is_configured() or not is_django_unittest(request):
            yield
            return
    
        # Fix/patch pytest.
        # Before pytest 5.4: https://github.com/pytest-dev/pytest/issues/5991
        # After pytest 5.4: https://github.com/pytest-dev/pytest-django/issues/824
        from _pytest.unittest import TestCaseFunction
    
        original_runtest = TestCaseFunction.runtest
    
        def non_debugging_runtest(self) -> None:
            self._testcase(result=self)
    
        from django.test import SimpleTestCase
    
        assert issubclass(request.cls, SimpleTestCase)  # Guarded by 'is_django_unittest'
        try:
            TestCaseFunction.runtest = non_debugging_runtest  # type: ignore[method-assign]
    
            # Don't set up the DB if the unittest does not require DB.
            # The `databases` propery seems like the best indicator for that.
            if request.cls.databases:
>               request.getfixturevalue("django_db_setup")

/usr/local/lib/python3.12/site-packages/pytest_django/plugin.py:565: 
_ _ _ _ _ _ _ _ _ _ _ _ _ _ _ _ _ _ _ _ _ _ _ _ _ _ _ _ _ _ _ _ _ _ _ _ _ _ _ _ 
/usr/local/lib/python3.12/site-packages/pytest_django/fixtures.py:144: in django_db_setup
    db_cfg = setup_databases(
/usr/local/lib/python3.12/site-packages/django/test/utils.py:206: in setup_databases
    connection.creation.create_test_db(
/usr/local/lib/python3.12/site-packages/django/db/backends/base/creation.py:94: in create_test_db
    self.connection._test_serialized_contents = self.serialize_db_to_string()
/usr/local/lib/python3.12/site-packages/django/db/backends/base/creation.py:145: in serialize_db_to_string
    serializers.serialize("json", get_objects(), indent=None, stream=out)
/usr/local/lib/python3.12/site-packages/django/core/serializers/__init__.py:134: in serialize
    s.serialize(queryset, **options)
/usr/local/lib/python3.12/site-packages/django/core/serializers/base.py:109: in serialize
    for count, obj in enumerate(queryset, start=1):
/usr/local/lib/python3.12/site-packages/django/db/backends/base/creation.py:141: in get_objects
    yield from queryset.iterator(chunk_size=chunk_size)
/usr/local/lib/python3.12/site-packages/django/db/models/query.py:518: in _iterator
    yield from iterable
/usr/local/lib/python3.12/site-packages/django/db/models/query.py:91: in __iter__
    results = compiler.execute_sql(
_ _ _ _ _ _ _ _ _ _ _ _ _ _ _ _ _ _ _ _ _ _ _ _ _ _ _ _ _ _ _ _ _ _ _ _ _ _ _ _ 

self = <SQLCompiler model=ClientSubsidiary connection=<DatabaseWrapper vendor='postgresql' alias='default'> using='default'>
result_type = 'multi', chunked_fetch = True, chunk_size = 2000

    def execute_sql(
        self, result_type=MULTI, chunked_fetch=False, chunk_size=GET_ITERATOR_CHUNK_SIZE
    ):
        """
        Run the query against the database and return the result(s). The
        return value is a single data item if result_type is SINGLE, or an
        iterator over the results if the result_type is MULTI.
    
        result_type is either MULTI (use fetchmany() to retrieve all rows),
        SINGLE (only retrieve a single row), or None. In this last case, the
        cursor is returned if any query is executed, since it's used by
        subclasses such as InsertQuery). It's possible, however, that no query
        is needed, as the filters describe an empty set. In that case, None is
        returned, to avoid any unnecessary database interaction.
        """
        result_type = result_type or NO_RESULTS
        try:
            sql, params = self.as_sql()
            if not sql:
                raise EmptyResultSet
        except EmptyResultSet:
            if result_type == MULTI:
                return iter([])
            else:
                return
        if chunked_fetch:
            cursor = self.connection.chunked_cursor()
        else:
            cursor = self.connection.cursor()
        try:
            cursor.execute(sql, params)
        except Exception:
            # Might fail for server-side cursors (e.g. connection closed)
>           cursor.close()
E           psycopg2.errors.InvalidCursorName: cursor "_django_curs_130019719265152_sync_49" does not exist

/usr/local/lib/python3.12/site-packages/django/db/models/sql/compiler.py:1577: InvalidCursorName
_ ERROR at setup of TestActivityFeedEndpoints.test_14_mark_seen_no_tiene_campo_marked _

self = <django.db.backends.utils.CursorWrapper object at 0x76408e401580>
sql = 'SELECT "clientes_clientsubsidiary"."id", "clientes_clientsubsidiary"."group_id", "clientes_clientsubsidiary"."alias",...clientes_clientsubsidiary"."updated_at" FROM "clientes_clientsubsidiary" ORDER BY "clientes_clientsubsidiary"."id" ASC'
params = ()
ignored_wrapper_args = (False, {'connection': <DatabaseWrapper vendor='postgresql' alias='default'>, 'cursor': <django.db.backends.utils.CursorWrapper object at 0x76408e401580>})

    def _execute(self, sql, params, *ignored_wrapper_args):
        # Raise a warning during app initialization (stored_app_configs is only
        # ever set during testing).
        if not apps.ready and not apps.stored_app_configs:
            warnings.warn(self.APPS_NOT_READY_WARNING_MSG, category=RuntimeWarning)
        self.db.validate_no_broken_transaction()
        with self.db.wrap_database_errors:
            if params is None:
                # params default might be backend specific.
                return self.cursor.execute(sql)
            else:
>               return self.cursor.execute(sql, params)
E               psycopg2.errors.UndefinedColumn: column clientes_clientsubsidiary.payment_grace_days does not exist
E               LINE 1: ...ss", "clientes_clientsubsidiary"."email_billing", "clientes_...
E                                                                            ^

/usr/local/lib/python3.12/site-packages/django/db/backends/utils.py:105: UndefinedColumn

The above exception was the direct cause of the following exception:

self = <SQLCompiler model=ClientSubsidiary connection=<DatabaseWrapper vendor='postgresql' alias='default'> using='default'>
result_type = 'multi', chunked_fetch = True, chunk_size = 2000

    def execute_sql(
        self, result_type=MULTI, chunked_fetch=False, chunk_size=GET_ITERATOR_CHUNK_SIZE
    ):
        """
        Run the query against the database and return the result(s). The
        return value is a single data item if result_type is SINGLE, or an
        iterator over the results if the result_type is MULTI.
    
        result_type is either MULTI (use fetchmany() to retrieve all rows),
        SINGLE (only retrieve a single row), or None. In this last case, the
        cursor is returned if any query is executed, since it's used by
        subclasses such as InsertQuery). It's possible, however, that no query
        is needed, as the filters describe an empty set. In that case, None is
        returned, to avoid any unnecessary database interaction.
        """
        result_type = result_type or NO_RESULTS
        try:
            sql, params = self.as_sql()
            if not sql:
                raise EmptyResultSet
        except EmptyResultSet:
            if result_type == MULTI:
                return iter([])
            else:
                return
        if chunked_fetch:
            cursor = self.connection.chunked_cursor()
        else:
            cursor = self.connection.cursor()
        try:
>           cursor.execute(sql, params)

/usr/local/lib/python3.12/site-packages/django/db/models/sql/compiler.py:1574: 
_ _ _ _ _ _ _ _ _ _ _ _ _ _ _ _ _ _ _ _ _ _ _ _ _ _ _ _ _ _ _ _ _ _ _ _ _ _ _ _ 
/usr/local/lib/python3.12/site-packages/django/db/backends/utils.py:79: in execute
    return self._execute_with_wrappers(
/usr/local/lib/python3.12/site-packages/django/db/backends/utils.py:92: in _execute_with_wrappers
    return executor(sql, params, many, context)
/usr/local/lib/python3.12/site-packages/django/db/backends/utils.py:100: in _execute
    with self.db.wrap_database_errors:
/usr/local/lib/python3.12/site-packages/django/db/utils.py:91: in __exit__
    raise dj_exc_value.with_traceback(traceback) from exc_value
_ _ _ _ _ _ _ _ _ _ _ _ _ _ _ _ _ _ _ _ _ _ _ _ _ _ _ _ _ _ _ _ _ _ _ _ _ _ _ _ 

self = <django.db.backends.utils.CursorWrapper object at 0x76408e401580>
sql = 'SELECT "clientes_clientsubsidiary"."id", "clientes_clientsubsidiary"."group_id", "clientes_clientsubsidiary"."alias",...clientes_clientsubsidiary"."updated_at" FROM "clientes_clientsubsidiary" ORDER BY "clientes_clientsubsidiary"."id" ASC'
params = ()
ignored_wrapper_args = (False, {'connection': <DatabaseWrapper vendor='postgresql' alias='default'>, 'cursor': <django.db.backends.utils.CursorWrapper object at 0x76408e401580>})

    def _execute(self, sql, params, *ignored_wrapper_args):
        # Raise a warning during app initialization (stored_app_configs is only
        # ever set during testing).
        if not apps.ready and not apps.stored_app_configs:
            warnings.warn(self.APPS_NOT_READY_WARNING_MSG, category=RuntimeWarning)
        self.db.validate_no_broken_transaction()
        with self.db.wrap_database_errors:
            if params is None:
                # params default might be backend specific.
                return self.cursor.execute(sql)
            else:
>               return self.cursor.execute(sql, params)
E               django.db.utils.ProgrammingError: column clientes_clientsubsidiary.payment_grace_days does not exist
E               LINE 1: ...ss", "clientes_clientsubsidiary"."email_billing", "clientes_...
E                                                                            ^

/usr/local/lib/python3.12/site-packages/django/db/backends/utils.py:105: ProgrammingError

During handling of the above exception, another exception occurred:

request = <SubRequest '_django_setup_unittest' for <TestCaseFunction test_10_get_feed_sin_filtros_paginado>>
django_db_blocker = <pytest_django.plugin.DjangoDbBlocker object at 0x7640925f01d0>

    @pytest.fixture(autouse=True, scope="class")
    def _django_setup_unittest(
        request: pytest.FixtureRequest,
        django_db_blocker: DjangoDbBlocker,
    ) -> Generator[None, None, None]:
        """Setup a django unittest, internal to pytest-django."""
        if not django_settings_is_configured() or not is_django_unittest(request):
            yield
            return
    
        # Fix/patch pytest.
        # Before pytest 5.4: https://github.com/pytest-dev/pytest/issues/5991
        # After pytest 5.4: https://github.com/pytest-dev/pytest-django/issues/824
        from _pytest.unittest import TestCaseFunction
    
        original_runtest = TestCaseFunction.runtest
    
        def non_debugging_runtest(self) -> None:
            self._testcase(result=self)
    
        from django.test import SimpleTestCase
    
        assert issubclass(request.cls, SimpleTestCase)  # Guarded by 'is_django_unittest'
        try:
            TestCaseFunction.runtest = non_debugging_runtest  # type: ignore[method-assign]
    
            # Don't set up the DB if the unittest does not require DB.
            # The `databases` propery seems like the best indicator for that.
            if request.cls.databases:
>               request.getfixturevalue("django_db_setup")

/usr/local/lib/python3.12/site-packages/pytest_django/plugin.py:565: 
_ _ _ _ _ _ _ _ _ _ _ _ _ _ _ _ _ _ _ _ _ _ _ _ _ _ _ _ _ _ _ _ _ _ _ _ _ _ _ _ 
/usr/local/lib/python3.12/site-packages/pytest_django/fixtures.py:144: in django_db_setup
    db_cfg = setup_databases(
/usr/local/lib/python3.12/site-packages/django/test/utils.py:206: in setup_databases
    connection.creation.create_test_db(
/usr/local/lib/python3.12/site-packages/django/db/backends/base/creation.py:94: in create_test_db
    self.connection._test_serialized_contents = self.serialize_db_to_string()
/usr/local/lib/python3.12/site-packages/django/db/backends/base/creation.py:145: in serialize_db_to_string
    serializers.serialize("json", get_objects(), indent=None, stream=out)
/usr/local/lib/python3.12/site-packages/django/core/serializers/__init__.py:134: in serialize
    s.serialize(queryset, **options)
/usr/local/lib/python3.12/site-packages/django/core/serializers/base.py:109: in serialize
    for count, obj in enumerate(queryset, start=1):
/usr/local/lib/python3.12/site-packages/django/db/backends/base/creation.py:141: in get_objects
    yield from queryset.iterator(chunk_size=chunk_size)
/usr/local/lib/python3.12/site-packages/django/db/models/query.py:518: in _iterator
    yield from iterable
/usr/local/lib/python3.12/site-packages/django/db/models/query.py:91: in __iter__
    results = compiler.execute_sql(
_ _ _ _ _ _ _ _ _ _ _ _ _ _ _ _ _ _ _ _ _ _ _ _ _ _ _ _ _ _ _ _ _ _ _ _ _ _ _ _ 

self = <SQLCompiler model=ClientSubsidiary connection=<DatabaseWrapper vendor='postgresql' alias='default'> using='default'>
result_type = 'multi', chunked_fetch = True, chunk_size = 2000

    def execute_sql(
        self, result_type=MULTI, chunked_fetch=False, chunk_size=GET_ITERATOR_CHUNK_SIZE
    ):
        """
        Run the query against the database and return the result(s). The
        return value is a single data item if result_type is SINGLE, or an
        iterator over the results if the result_type is MULTI.
    
        result_type is either MULTI (use fetchmany() to retrieve all rows),
        SINGLE (only retrieve a single row), or None. In this last case, the
        cursor is returned if any query is executed, since it's used by
        subclasses such as InsertQuery). It's possible, however, that no query
        is needed, as the filters describe an empty set. In that case, None is
        returned, to avoid any unnecessary database interaction.
        """
        result_type = result_type or NO_RESULTS
        try:
            sql, params = self.as_sql()
            if not sql:
                raise EmptyResultSet
        except EmptyResultSet:
            if result_type == MULTI:
                return iter([])
            else:
                return
        if chunked_fetch:
            cursor = self.connection.chunked_cursor()
        else:
            cursor = self.connection.cursor()
        try:
            cursor.execute(sql, params)
        except Exception:
            # Might fail for server-side cursors (e.g. connection closed)
>           cursor.close()
E           psycopg2.errors.InvalidCursorName: cursor "_django_curs_130019719265152_sync_49" does not exist

/usr/local/lib/python3.12/site-packages/django/db/models/sql/compiler.py:1577: InvalidCursorName
_ ERROR at setup of TestActivityFeedEndpoints.test_15_mark_seen_avanza_al_max_visible _

self = <django.db.backends.utils.CursorWrapper object at 0x76408e401580>
sql = 'SELECT "clientes_clientsubsidiary"."id", "clientes_clientsubsidiary"."group_id", "clientes_clientsubsidiary"."alias",...clientes_clientsubsidiary"."updated_at" FROM "clientes_clientsubsidiary" ORDER BY "clientes_clientsubsidiary"."id" ASC'
params = ()
ignored_wrapper_args = (False, {'connection': <DatabaseWrapper vendor='postgresql' alias='default'>, 'cursor': <django.db.backends.utils.CursorWrapper object at 0x76408e401580>})

    def _execute(self, sql, params, *ignored_wrapper_args):
        # Raise a warning during app initialization (stored_app_configs is only
        # ever set during testing).
        if not apps.ready and not apps.stored_app_configs:
            warnings.warn(self.APPS_NOT_READY_WARNING_MSG, category=RuntimeWarning)
        self.db.validate_no_broken_transaction()
        with self.db.wrap_database_errors:
            if params is None:
                # params default might be backend specific.
                return self.cursor.execute(sql)
            else:
>               return self.cursor.execute(sql, params)
E               psycopg2.errors.UndefinedColumn: column clientes_clientsubsidiary.payment_grace_days does not exist
E               LINE 1: ...ss", "clientes_clientsubsidiary"."email_billing", "clientes_...
E                                                                            ^

/usr/local/lib/python3.12/site-packages/django/db/backends/utils.py:105: UndefinedColumn

The above exception was the direct cause of the following exception:

self = <SQLCompiler model=ClientSubsidiary connection=<DatabaseWrapper vendor='postgresql' alias='default'> using='default'>
result_type = 'multi', chunked_fetch = True, chunk_size = 2000

    def execute_sql(
        self, result_type=MULTI, chunked_fetch=False, chunk_size=GET_ITERATOR_CHUNK_SIZE
    ):
        """
        Run the query against the database and return the result(s). The
        return value is a single data item if result_type is SINGLE, or an
        iterator over the results if the result_type is MULTI.
    
        result_type is either MULTI (use fetchmany() to retrieve all rows),
        SINGLE (only retrieve a single row), or None. In this last case, the
        cursor is returned if any query is executed, since it's used by
        subclasses such as InsertQuery). It's possible, however, that no query
        is needed, as the filters describe an empty set. In that case, None is
        returned, to avoid any unnecessary database interaction.
        """
        result_type = result_type or NO_RESULTS
        try:
            sql, params = self.as_sql()
            if not sql:
                raise EmptyResultSet
        except EmptyResultSet:
            if result_type == MULTI:
                return iter([])
            else:
                return
        if chunked_fetch:
            cursor = self.connection.chunked_cursor()
        else:
            cursor = self.connection.cursor()
        try:
>           cursor.execute(sql, params)

/usr/local/lib/python3.12/site-packages/django/db/models/sql/compiler.py:1574: 
_ _ _ _ _ _ _ _ _ _ _ _ _ _ _ _ _ _ _ _ _ _ _ _ _ _ _ _ _ _ _ _ _ _ _ _ _ _ _ _ 
/usr/local/lib/python3.12/site-packages/django/db/backends/utils.py:79: in execute
    return self._execute_with_wrappers(
/usr/local/lib/python3.12/site-packages/django/db/backends/utils.py:92: in _execute_with_wrappers
    return executor(sql, params, many, context)
/usr/local/lib/python3.12/site-packages/django/db/backends/utils.py:100: in _execute
    with self.db.wrap_database_errors:
/usr/local/lib/python3.12/site-packages/django/db/utils.py:91: in __exit__
    raise dj_exc_value.with_traceback(traceback) from exc_value
_ _ _ _ _ _ _ _ _ _ _ _ _ _ _ _ _ _ _ _ _ _ _ _ _ _ _ _ _ _ _ _ _ _ _ _ _ _ _ _ 

self = <django.db.backends.utils.CursorWrapper object at 0x76408e401580>
sql = 'SELECT "clientes_clientsubsidiary"."id", "clientes_clientsubsidiary"."group_id", "clientes_clientsubsidiary"."alias",...clientes_clientsubsidiary"."updated_at" FROM "clientes_clientsubsidiary" ORDER BY "clientes_clientsubsidiary"."id" ASC'
params = ()
ignored_wrapper_args = (False, {'connection': <DatabaseWrapper vendor='postgresql' alias='default'>, 'cursor': <django.db.backends.utils.CursorWrapper object at 0x76408e401580>})

    def _execute(self, sql, params, *ignored_wrapper_args):
        # Raise a warning during app initialization (stored_app_configs is only
        # ever set during testing).
        if not apps.ready and not apps.stored_app_configs:
            warnings.warn(self.APPS_NOT_READY_WARNING_MSG, category=RuntimeWarning)
        self.db.validate_no_broken_transaction()
        with self.db.wrap_database_errors:
            if params is None:
                # params default might be backend specific.
                return self.cursor.execute(sql)
            else:
>               return self.cursor.execute(sql, params)
E               django.db.utils.ProgrammingError: column clientes_clientsubsidiary.payment_grace_days does not exist
E               LINE 1: ...ss", "clientes_clientsubsidiary"."email_billing", "clientes_...
E                                                                            ^

/usr/local/lib/python3.12/site-packages/django/db/backends/utils.py:105: ProgrammingError

During handling of the above exception, another exception occurred:

request = <SubRequest '_django_setup_unittest' for <TestCaseFunction test_10_get_feed_sin_filtros_paginado>>
django_db_blocker = <pytest_django.plugin.DjangoDbBlocker object at 0x7640925f01d0>

    @pytest.fixture(autouse=True, scope="class")
    def _django_setup_unittest(
        request: pytest.FixtureRequest,
        django_db_blocker: DjangoDbBlocker,
    ) -> Generator[None, None, None]:
        """Setup a django unittest, internal to pytest-django."""
        if not django_settings_is_configured() or not is_django_unittest(request):
            yield
            return
    
        # Fix/patch pytest.
        # Before pytest 5.4: https://github.com/pytest-dev/pytest/issues/5991
        # After pytest 5.4: https://github.com/pytest-dev/pytest-django/issues/824
        from _pytest.unittest import TestCaseFunction
    
        original_runtest = TestCaseFunction.runtest
    
        def non_debugging_runtest(self) -> None:
            self._testcase(result=self)
    
        from django.test import SimpleTestCase
    
        assert issubclass(request.cls, SimpleTestCase)  # Guarded by 'is_django_unittest'
        try:
            TestCaseFunction.runtest = non_debugging_runtest  # type: ignore[method-assign]
    
            # Don't set up the DB if the unittest does not require DB.
            # The `databases` propery seems like the best indicator for that.
            if request.cls.databases:
>               request.getfixturevalue("django_db_setup")

/usr/local/lib/python3.12/site-packages/pytest_django/plugin.py:565: 
_ _ _ _ _ _ _ _ _ _ _ _ _ _ _ _ _ _ _ _ _ _ _ _ _ _ _ _ _ _ _ _ _ _ _ _ _ _ _ _ 
/usr/local/lib/python3.12/site-packages/pytest_django/fixtures.py:144: in django_db_setup
    db_cfg = setup_databases(
/usr/local/lib/python3.12/site-packages/django/test/utils.py:206: in setup_databases
    connection.creation.create_test_db(
/usr/local/lib/python3.12/site-packages/django/db/backends/base/creation.py:94: in create_test_db
    self.connection._test_serialized_contents = self.serialize_db_to_string()
/usr/local/lib/python3.12/site-packages/django/db/backends/base/creation.py:145: in serialize_db_to_string
    serializers.serialize("json", get_objects(), indent=None, stream=out)
/usr/local/lib/python3.12/site-packages/django/core/serializers/__init__.py:134: in serialize
    s.serialize(queryset, **options)
/usr/local/lib/python3.12/site-packages/django/core/serializers/base.py:109: in serialize
    for count, obj in enumerate(queryset, start=1):
/usr/local/lib/python3.12/site-packages/django/db/backends/base/creation.py:141: in get_objects
    yield from queryset.iterator(chunk_size=chunk_size)
/usr/local/lib/python3.12/site-packages/django/db/models/query.py:518: in _iterator
    yield from iterable
/usr/local/lib/python3.12/site-packages/django/db/models/query.py:91: in __iter__
    results = compiler.execute_sql(
_ _ _ _ _ _ _ _ _ _ _ _ _ _ _ _ _ _ _ _ _ _ _ _ _ _ _ _ _ _ _ _ _ _ _ _ _ _ _ _ 

self = <SQLCompiler model=ClientSubsidiary connection=<DatabaseWrapper vendor='postgresql' alias='default'> using='default'>
result_type = 'multi', chunked_fetch = True, chunk_size = 2000

    def execute_sql(
        self, result_type=MULTI, chunked_fetch=False, chunk_size=GET_ITERATOR_CHUNK_SIZE
    ):
        """
        Run the query against the database and return the result(s). The
        return value is a single data item if result_type is SINGLE, or an
        iterator over the results if the result_type is MULTI.
    
        result_type is either MULTI (use fetchmany() to retrieve all rows),
        SINGLE (only retrieve a single row), or None. In this last case, the
        cursor is returned if any query is executed, since it's used by
        subclasses such as InsertQuery). It's possible, however, that no query
        is needed, as the filters describe an empty set. In that case, None is
        returned, to avoid any unnecessary database interaction.
        """
        result_type = result_type or NO_RESULTS
        try:
            sql, params = self.as_sql()
            if not sql:
                raise EmptyResultSet
        except EmptyResultSet:
            if result_type == MULTI:
                return iter([])
            else:
                return
        if chunked_fetch:
            cursor = self.connection.chunked_cursor()
        else:
            cursor = self.connection.cursor()
        try:
            cursor.execute(sql, params)
        except Exception:
            # Might fail for server-side cursors (e.g. connection closed)
>           cursor.close()
E           psycopg2.errors.InvalidCursorName: cursor "_django_curs_130019719265152_sync_49" does not exist

/usr/local/lib/python3.12/site-packages/django/db/models/sql/compiler.py:1577: InvalidCursorName
_ ERROR at setup of TestActivityFeedPermisos.test_16_client_solo_ve_su_subsidiaria _

self = <django.db.backends.utils.CursorWrapper object at 0x76408e401580>
sql = 'SELECT "clientes_clientsubsidiary"."id", "clientes_clientsubsidiary"."group_id", "clientes_clientsubsidiary"."alias",...clientes_clientsubsidiary"."updated_at" FROM "clientes_clientsubsidiary" ORDER BY "clientes_clientsubsidiary"."id" ASC'
params = ()
ignored_wrapper_args = (False, {'connection': <DatabaseWrapper vendor='postgresql' alias='default'>, 'cursor': <django.db.backends.utils.CursorWrapper object at 0x76408e401580>})

    def _execute(self, sql, params, *ignored_wrapper_args):
        # Raise a warning during app initialization (stored_app_configs is only
        # ever set during testing).
        if not apps.ready and not apps.stored_app_configs:
            warnings.warn(self.APPS_NOT_READY_WARNING_MSG, category=RuntimeWarning)
        self.db.validate_no_broken_transaction()
        with self.db.wrap_database_errors:
            if params is None:
                # params default might be backend specific.
                return self.cursor.execute(sql)
            else:
>               return self.cursor.execute(sql, params)
E               psycopg2.errors.UndefinedColumn: column clientes_clientsubsidiary.payment_grace_days does not exist
E               LINE 1: ...ss", "clientes_clientsubsidiary"."email_billing", "clientes_...
E                                                                            ^

/usr/local/lib/python3.12/site-packages/django/db/backends/utils.py:105: UndefinedColumn

The above exception was the direct cause of the following exception:

self = <SQLCompiler model=ClientSubsidiary connection=<DatabaseWrapper vendor='postgresql' alias='default'> using='default'>
result_type = 'multi', chunked_fetch = True, chunk_size = 2000

    def execute_sql(
        self, result_type=MULTI, chunked_fetch=False, chunk_size=GET_ITERATOR_CHUNK_SIZE
    ):
        """
        Run the query against the database and return the result(s). The
        return value is a single data item if result_type is SINGLE, or an
        iterator over the results if the result_type is MULTI.
    
        result_type is either MULTI (use fetchmany() to retrieve all rows),
        SINGLE (only retrieve a single row), or None. In this last case, the
        cursor is returned if any query is executed, since it's used by
        subclasses such as InsertQuery). It's possible, however, that no query
        is needed, as the filters describe an empty set. In that case, None is
        returned, to avoid any unnecessary database interaction.
        """
        result_type = result_type or NO_RESULTS
        try:
            sql, params = self.as_sql()
            if not sql:
                raise EmptyResultSet
        except EmptyResultSet:
            if result_type == MULTI:
                return iter([])
            else:
                return
        if chunked_fetch:
            cursor = self.connection.chunked_cursor()
        else:
            cursor = self.connection.cursor()
        try:
>           cursor.execute(sql, params)

/usr/local/lib/python3.12/site-packages/django/db/models/sql/compiler.py:1574: 
_ _ _ _ _ _ _ _ _ _ _ _ _ _ _ _ _ _ _ _ _ _ _ _ _ _ _ _ _ _ _ _ _ _ _ _ _ _ _ _ 
/usr/local/lib/python3.12/site-packages/django/db/backends/utils.py:79: in execute
    return self._execute_with_wrappers(
/usr/local/lib/python3.12/site-packages/django/db/backends/utils.py:92: in _execute_with_wrappers
    return executor(sql, params, many, context)
/usr/local/lib/python3.12/site-packages/django/db/backends/utils.py:100: in _execute
    with self.db.wrap_database_errors:
/usr/local/lib/python3.12/site-packages/django/db/utils.py:91: in __exit__
    raise dj_exc_value.with_traceback(traceback) from exc_value
_ _ _ _ _ _ _ _ _ _ _ _ _ _ _ _ _ _ _ _ _ _ _ _ _ _ _ _ _ _ _ _ _ _ _ _ _ _ _ _ 

self = <django.db.backends.utils.CursorWrapper object at 0x76408e401580>
sql = 'SELECT "clientes_clientsubsidiary"."id", "clientes_clientsubsidiary"."group_id", "clientes_clientsubsidiary"."alias",...clientes_clientsubsidiary"."updated_at" FROM "clientes_clientsubsidiary" ORDER BY "clientes_clientsubsidiary"."id" ASC'
params = ()
ignored_wrapper_args = (False, {'connection': <DatabaseWrapper vendor='postgresql' alias='default'>, 'cursor': <django.db.backends.utils.CursorWrapper object at 0x76408e401580>})

    def _execute(self, sql, params, *ignored_wrapper_args):
        # Raise a warning during app initialization (stored_app_configs is only
        # ever set during testing).
        if not apps.ready and not apps.stored_app_configs:
            warnings.warn(self.APPS_NOT_READY_WARNING_MSG, category=RuntimeWarning)
        self.db.validate_no_broken_transaction()
        with self.db.wrap_database_errors:
            if params is None:
                # params default might be backend specific.
                return self.cursor.execute(sql)
            else:
>               return self.cursor.execute(sql, params)
E               django.db.utils.ProgrammingError: column clientes_clientsubsidiary.payment_grace_days does not exist
E               LINE 1: ...ss", "clientes_clientsubsidiary"."email_billing", "clientes_...
E                                                                            ^

/usr/local/lib/python3.12/site-packages/django/db/backends/utils.py:105: ProgrammingError

During handling of the above exception, another exception occurred:

request = <SubRequest '_django_setup_unittest' for <TestCaseFunction test_16_client_solo_ve_su_subsidiaria>>
django_db_blocker = <pytest_django.plugin.DjangoDbBlocker object at 0x7640925f01d0>

    @pytest.fixture(autouse=True, scope="class")
    def _django_setup_unittest(
        request: pytest.FixtureRequest,
        django_db_blocker: DjangoDbBlocker,
    ) -> Generator[None, None, None]:
        """Setup a django unittest, internal to pytest-django."""
        if not django_settings_is_configured() or not is_django_unittest(request):
            yield
            return
    
        # Fix/patch pytest.
        # Before pytest 5.4: https://github.com/pytest-dev/pytest/issues/5991
        # After pytest 5.4: https://github.com/pytest-dev/pytest-django/issues/824
        from _pytest.unittest import TestCaseFunction
    
        original_runtest = TestCaseFunction.runtest
    
        def non_debugging_runtest(self) -> None:
            self._testcase(result=self)
    
        from django.test import SimpleTestCase
    
        assert issubclass(request.cls, SimpleTestCase)  # Guarded by 'is_django_unittest'
        try:
            TestCaseFunction.runtest = non_debugging_runtest  # type: ignore[method-assign]
    
            # Don't set up the DB if the unittest does not require DB.
            # The `databases` propery seems like the best indicator for that.
            if request.cls.databases:
>               request.getfixturevalue("django_db_setup")

/usr/local/lib/python3.12/site-packages/pytest_django/plugin.py:565: 
_ _ _ _ _ _ _ _ _ _ _ _ _ _ _ _ _ _ _ _ _ _ _ _ _ _ _ _ _ _ _ _ _ _ _ _ _ _ _ _ 
/usr/local/lib/python3.12/site-packages/pytest_django/fixtures.py:144: in django_db_setup
    db_cfg = setup_databases(
/usr/local/lib/python3.12/site-packages/django/test/utils.py:206: in setup_databases
    connection.creation.create_test_db(
/usr/local/lib/python3.12/site-packages/django/db/backends/base/creation.py:94: in create_test_db
    self.connection._test_serialized_contents = self.serialize_db_to_string()
/usr/local/lib/python3.12/site-packages/django/db/backends/base/creation.py:145: in serialize_db_to_string
    serializers.serialize("json", get_objects(), indent=None, stream=out)
/usr/local/lib/python3.12/site-packages/django/core/serializers/__init__.py:134: in serialize
    s.serialize(queryset, **options)
/usr/local/lib/python3.12/site-packages/django/core/serializers/base.py:109: in serialize
    for count, obj in enumerate(queryset, start=1):
/usr/local/lib/python3.12/site-packages/django/db/backends/base/creation.py:141: in get_objects
    yield from queryset.iterator(chunk_size=chunk_size)
/usr/local/lib/python3.12/site-packages/django/db/models/query.py:518: in _iterator
    yield from iterable
/usr/local/lib/python3.12/site-packages/django/db/models/query.py:91: in __iter__
    results = compiler.execute_sql(
_ _ _ _ _ _ _ _ _ _ _ _ _ _ _ _ _ _ _ _ _ _ _ _ _ _ _ _ _ _ _ _ _ _ _ _ _ _ _ _ 

self = <SQLCompiler model=ClientSubsidiary connection=<DatabaseWrapper vendor='postgresql' alias='default'> using='default'>
result_type = 'multi', chunked_fetch = True, chunk_size = 2000

    def execute_sql(
        self, result_type=MULTI, chunked_fetch=False, chunk_size=GET_ITERATOR_CHUNK_SIZE
    ):
        """
        Run the query against the database and return the result(s). The
        return value is a single data item if result_type is SINGLE, or an
        iterator over the results if the result_type is MULTI.
    
        result_type is either MULTI (use fetchmany() to retrieve all rows),
        SINGLE (only retrieve a single row), or None. In this last case, the
        cursor is returned if any query is executed, since it's used by
        subclasses such as InsertQuery). It's possible, however, that no query
        is needed, as the filters describe an empty set. In that case, None is
        returned, to avoid any unnecessary database interaction.
        """
        result_type = result_type or NO_RESULTS
        try:
            sql, params = self.as_sql()
            if not sql:
                raise EmptyResultSet
        except EmptyResultSet:
            if result_type == MULTI:
                return iter([])
            else:
                return
        if chunked_fetch:
            cursor = self.connection.chunked_cursor()
        else:
            cursor = self.connection.cursor()
        try:
            cursor.execute(sql, params)
        except Exception:
            # Might fail for server-side cursors (e.g. connection closed)
>           cursor.close()
E           psycopg2.errors.InvalidCursorName: cursor "_django_curs_130019719265152_sync_49" does not exist

/usr/local/lib/python3.12/site-packages/django/db/models/sql/compiler.py:1577: InvalidCursorName
_ ERROR at setup of TestActivityFeedPermisos.test_17_client_no_ve_cost_registered _

self = <django.db.backends.utils.CursorWrapper object at 0x76408e401580>
sql = 'SELECT "clientes_clientsubsidiary"."id", "clientes_clientsubsidiary"."group_id", "clientes_clientsubsidiary"."alias",...clientes_clientsubsidiary"."updated_at" FROM "clientes_clientsubsidiary" ORDER BY "clientes_clientsubsidiary"."id" ASC'
params = ()
ignored_wrapper_args = (False, {'connection': <DatabaseWrapper vendor='postgresql' alias='default'>, 'cursor': <django.db.backends.utils.CursorWrapper object at 0x76408e401580>})

    def _execute(self, sql, params, *ignored_wrapper_args):
        # Raise a warning during app initialization (stored_app_configs is only
        # ever set during testing).
        if not apps.ready and not apps.stored_app_configs:
            warnings.warn(self.APPS_NOT_READY_WARNING_MSG, category=RuntimeWarning)
        self.db.validate_no_broken_transaction()
        with self.db.wrap_database_errors:
            if params is None:
                # params default might be backend specific.
                return self.cursor.execute(sql)
            else:
>               return self.cursor.execute(sql, params)
E               psycopg2.errors.UndefinedColumn: column clientes_clientsubsidiary.payment_grace_days does not exist
E               LINE 1: ...ss", "clientes_clientsubsidiary"."email_billing", "clientes_...
E                                                                            ^

/usr/local/lib/python3.12/site-packages/django/db/backends/utils.py:105: UndefinedColumn

The above exception was the direct cause of the following exception:

self = <SQLCompiler model=ClientSubsidiary connection=<DatabaseWrapper vendor='postgresql' alias='default'> using='default'>
result_type = 'multi', chunked_fetch = True, chunk_size = 2000

    def execute_sql(
        self, result_type=MULTI, chunked_fetch=False, chunk_size=GET_ITERATOR_CHUNK_SIZE
    ):
        """
        Run the query against the database and return the result(s). The
        return value is a single data item if result_type is SINGLE, or an
        iterator over the results if the result_type is MULTI.
    
        result_type is either MULTI (use fetchmany() to retrieve all rows),
        SINGLE (only retrieve a single row), or None. In this last case, the
        cursor is returned if any query is executed, since it's used by
        subclasses such as InsertQuery). It's possible, however, that no query
        is needed, as the filters describe an empty set. In that case, None is
        returned, to avoid any unnecessary database interaction.
        """
        result_type = result_type or NO_RESULTS
        try:
            sql, params = self.as_sql()
            if not sql:
                raise EmptyResultSet
        except EmptyResultSet:
            if result_type == MULTI:
                return iter([])
            else:
                return
        if chunked_fetch:
            cursor = self.connection.chunked_cursor()
        else:
            cursor = self.connection.cursor()
        try:
>           cursor.execute(sql, params)

/usr/local/lib/python3.12/site-packages/django/db/models/sql/compiler.py:1574: 
_ _ _ _ _ _ _ _ _ _ _ _ _ _ _ _ _ _ _ _ _ _ _ _ _ _ _ _ _ _ _ _ _ _ _ _ _ _ _ _ 
/usr/local/lib/python3.12/site-packages/django/db/backends/utils.py:79: in execute
    return self._execute_with_wrappers(
/usr/local/lib/python3.12/site-packages/django/db/backends/utils.py:92: in _execute_with_wrappers
    return executor(sql, params, many, context)
/usr/local/lib/python3.12/site-packages/django/db/backends/utils.py:100: in _execute
    with self.db.wrap_database_errors:
/usr/local/lib/python3.12/site-packages/django/db/utils.py:91: in __exit__
    raise dj_exc_value.with_traceback(traceback) from exc_value
_ _ _ _ _ _ _ _ _ _ _ _ _ _ _ _ _ _ _ _ _ _ _ _ _ _ _ _ _ _ _ _ _ _ _ _ _ _ _ _ 

self = <django.db.backends.utils.CursorWrapper object at 0x76408e401580>
sql = 'SELECT "clientes_clientsubsidiary"."id", "clientes_clientsubsidiary"."group_id", "clientes_clientsubsidiary"."alias",...clientes_clientsubsidiary"."updated_at" FROM "clientes_clientsubsidiary" ORDER BY "clientes_clientsubsidiary"."id" ASC'
params = ()
ignored_wrapper_args = (False, {'connection': <DatabaseWrapper vendor='postgresql' alias='default'>, 'cursor': <django.db.backends.utils.CursorWrapper object at 0x76408e401580>})

    def _execute(self, sql, params, *ignored_wrapper_args):
        # Raise a warning during app initialization (stored_app_configs is only
        # ever set during testing).
        if not apps.ready and not apps.stored_app_configs:
            warnings.warn(self.APPS_NOT_READY_WARNING_MSG, category=RuntimeWarning)
        self.db.validate_no_broken_transaction()
        with self.db.wrap_database_errors:
            if params is None:
                # params default might be backend specific.
                return self.cursor.execute(sql)
            else:
>               return self.cursor.execute(sql, params)
E               django.db.utils.ProgrammingError: column clientes_clientsubsidiary.payment_grace_days does not exist
E               LINE 1: ...ss", "clientes_clientsubsidiary"."email_billing", "clientes_...
E                                                                            ^

/usr/local/lib/python3.12/site-packages/django/db/backends/utils.py:105: ProgrammingError

During handling of the above exception, another exception occurred:

request = <SubRequest '_django_setup_unittest' for <TestCaseFunction test_16_client_solo_ve_su_subsidiaria>>
django_db_blocker = <pytest_django.plugin.DjangoDbBlocker object at 0x7640925f01d0>

    @pytest.fixture(autouse=True, scope="class")
    def _django_setup_unittest(
        request: pytest.FixtureRequest,
        django_db_blocker: DjangoDbBlocker,
    ) -> Generator[None, None, None]:
        """Setup a django unittest, internal to pytest-django."""
        if not django_settings_is_configured() or not is_django_unittest(request):
            yield
            return
    
        # Fix/patch pytest.
        # Before pytest 5.4: https://github.com/pytest-dev/pytest/issues/5991
        # After pytest 5.4: https://github.com/pytest-dev/pytest-django/issues/824
        from _pytest.unittest import TestCaseFunction
    
        original_runtest = TestCaseFunction.runtest
    
        def non_debugging_runtest(self) -> None:
            self._testcase(result=self)
    
        from django.test import SimpleTestCase
    
        assert issubclass(request.cls, SimpleTestCase)  # Guarded by 'is_django_unittest'
        try:
            TestCaseFunction.runtest = non_debugging_runtest  # type: ignore[method-assign]
    
            # Don't set up the DB if the unittest does not require DB.
            # The `databases` propery seems like the best indicator for that.
            if request.cls.databases:
>               request.getfixturevalue("django_db_setup")

/usr/local/lib/python3.12/site-packages/pytest_django/plugin.py:565: 
_ _ _ _ _ _ _ _ _ _ _ _ _ _ _ _ _ _ _ _ _ _ _ _ _ _ _ _ _ _ _ _ _ _ _ _ _ _ _ _ 
/usr/local/lib/python3.12/site-packages/pytest_django/fixtures.py:144: in django_db_setup
    db_cfg = setup_databases(
/usr/local/lib/python3.12/site-packages/django/test/utils.py:206: in setup_databases
    connection.creation.create_test_db(
/usr/local/lib/python3.12/site-packages/django/db/backends/base/creation.py:94: in create_test_db
    self.connection._test_serialized_contents = self.serialize_db_to_string()
/usr/local/lib/python3.12/site-packages/django/db/backends/base/creation.py:145: in serialize_db_to_string
    serializers.serialize("json", get_objects(), indent=None, stream=out)
/usr/local/lib/python3.12/site-packages/django/core/serializers/__init__.py:134: in serialize
    s.serialize(queryset, **options)
/usr/local/lib/python3.12/site-packages/django/core/serializers/base.py:109: in serialize
    for count, obj in enumerate(queryset, start=1):
/usr/local/lib/python3.12/site-packages/django/db/backends/base/creation.py:141: in get_objects
    yield from queryset.iterator(chunk_size=chunk_size)
/usr/local/lib/python3.12/site-packages/django/db/models/query.py:518: in _iterator
    yield from iterable
/usr/local/lib/python3.12/site-packages/django/db/models/query.py:91: in __iter__
    results = compiler.execute_sql(
_ _ _ _ _ _ _ _ _ _ _ _ _ _ _ _ _ _ _ _ _ _ _ _ _ _ _ _ _ _ _ _ _ _ _ _ _ _ _ _ 

self = <SQLCompiler model=ClientSubsidiary connection=<DatabaseWrapper vendor='postgresql' alias='default'> using='default'>
result_type = 'multi', chunked_fetch = True, chunk_size = 2000

    def execute_sql(
        self, result_type=MULTI, chunked_fetch=False, chunk_size=GET_ITERATOR_CHUNK_SIZE
    ):
        """
        Run the query against the database and return the result(s). The
        return value is a single data item if result_type is SINGLE, or an
        iterator over the results if the result_type is MULTI.
    
        result_type is either MULTI (use fetchmany() to retrieve all rows),
        SINGLE (only retrieve a single row), or None. In this last case, the
        cursor is returned if any query is executed, since it's used by
        subclasses such as InsertQuery). It's possible, however, that no query
        is needed, as the filters describe an empty set. In that case, None is
        returned, to avoid any unnecessary database interaction.
        """
        result_type = result_type or NO_RESULTS
        try:
            sql, params = self.as_sql()
            if not sql:
                raise EmptyResultSet
        except EmptyResultSet:
            if result_type == MULTI:
                return iter([])
            else:
                return
        if chunked_fetch:
            cursor = self.connection.chunked_cursor()
        else:
            cursor = self.connection.cursor()
        try:
            cursor.execute(sql, params)
        except Exception:
            # Might fail for server-side cursors (e.g. connection closed)
>           cursor.close()
E           psycopg2.errors.InvalidCursorName: cursor "_django_curs_130019719265152_sync_49" does not exist

/usr/local/lib/python3.12/site-packages/django/db/models/sql/compiler.py:1577: InvalidCursorName
_ ERROR at setup of TestActivityFeedPermisos.test_18_agent_solo_expedientes_que_opero _

self = <django.db.backends.utils.CursorWrapper object at 0x76408e401580>
sql = 'SELECT "clientes_clientsubsidiary"."id", "clientes_clientsubsidiary"."group_id", "clientes_clientsubsidiary"."alias",...clientes_clientsubsidiary"."updated_at" FROM "clientes_clientsubsidiary" ORDER BY "clientes_clientsubsidiary"."id" ASC'
params = ()
ignored_wrapper_args = (False, {'connection': <DatabaseWrapper vendor='postgresql' alias='default'>, 'cursor': <django.db.backends.utils.CursorWrapper object at 0x76408e401580>})

    def _execute(self, sql, params, *ignored_wrapper_args):
        # Raise a warning during app initialization (stored_app_configs is only
        # ever set during testing).
        if not apps.ready and not apps.stored_app_configs:
            warnings.warn(self.APPS_NOT_READY_WARNING_MSG, category=RuntimeWarning)
        self.db.validate_no_broken_transaction()
        with self.db.wrap_database_errors:
            if params is None:
                # params default might be backend specific.
                return self.cursor.execute(sql)
            else:
>               return self.cursor.execute(sql, params)
E               psycopg2.errors.UndefinedColumn: column clientes_clientsubsidiary.payment_grace_days does not exist
E               LINE 1: ...ss", "clientes_clientsubsidiary"."email_billing", "clientes_...
E                                                                            ^

/usr/local/lib/python3.12/site-packages/django/db/backends/utils.py:105: UndefinedColumn

The above exception was the direct cause of the following exception:

self = <SQLCompiler model=ClientSubsidiary connection=<DatabaseWrapper vendor='postgresql' alias='default'> using='default'>
result_type = 'multi', chunked_fetch = True, chunk_size = 2000

    def execute_sql(
        self, result_type=MULTI, chunked_fetch=False, chunk_size=GET_ITERATOR_CHUNK_SIZE
    ):
        """
        Run the query against the database and return the result(s). The
        return value is a single data item if result_type is SINGLE, or an
        iterator over the results if the result_type is MULTI.
    
        result_type is either MULTI (use fetchmany() to retrieve all rows),
        SINGLE (only retrieve a single row), or None. In this last case, the
        cursor is returned if any query is executed, since it's used by
        subclasses such as InsertQuery). It's possible, however, that no query
        is needed, as the filters describe an empty set. In that case, None is
        returned, to avoid any unnecessary database interaction.
        """
        result_type = result_type or NO_RESULTS
        try:
            sql, params = self.as_sql()
            if not sql:
                raise EmptyResultSet
        except EmptyResultSet:
            if result_type == MULTI:
                return iter([])
            else:
                return
        if chunked_fetch:
            cursor = self.connection.chunked_cursor()
        else:
            cursor = self.connection.cursor()
        try:
>           cursor.execute(sql, params)

/usr/local/lib/python3.12/site-packages/django/db/models/sql/compiler.py:1574: 
_ _ _ _ _ _ _ _ _ _ _ _ _ _ _ _ _ _ _ _ _ _ _ _ _ _ _ _ _ _ _ _ _ _ _ _ _ _ _ _ 
/usr/local/lib/python3.12/site-packages/django/db/backends/utils.py:79: in execute
    return self._execute_with_wrappers(
/usr/local/lib/python3.12/site-packages/django/db/backends/utils.py:92: in _execute_with_wrappers
    return executor(sql, params, many, context)
/usr/local/lib/python3.12/site-packages/django/db/backends/utils.py:100: in _execute
    with self.db.wrap_database_errors:
/usr/local/lib/python3.12/site-packages/django/db/utils.py:91: in __exit__
    raise dj_exc_value.with_traceback(traceback) from exc_value
_ _ _ _ _ _ _ _ _ _ _ _ _ _ _ _ _ _ _ _ _ _ _ _ _ _ _ _ _ _ _ _ _ _ _ _ _ _ _ _ 

self = <django.db.backends.utils.CursorWrapper object at 0x76408e401580>
sql = 'SELECT "clientes_clientsubsidiary"."id", "clientes_clientsubsidiary"."group_id", "clientes_clientsubsidiary"."alias",...clientes_clientsubsidiary"."updated_at" FROM "clientes_clientsubsidiary" ORDER BY "clientes_clientsubsidiary"."id" ASC'
params = ()
ignored_wrapper_args = (False, {'connection': <DatabaseWrapper vendor='postgresql' alias='default'>, 'cursor': <django.db.backends.utils.CursorWrapper object at 0x76408e401580>})

    def _execute(self, sql, params, *ignored_wrapper_args):
        # Raise a warning during app initialization (stored_app_configs is only
        # ever set during testing).
        if not apps.ready and not apps.stored_app_configs:
            warnings.warn(self.APPS_NOT_READY_WARNING_MSG, category=RuntimeWarning)
        self.db.validate_no_broken_transaction()
        with self.db.wrap_database_errors:
            if params is None:
                # params default might be backend specific.
                return self.cursor.execute(sql)
            else:
>               return self.cursor.execute(sql, params)
E               django.db.utils.ProgrammingError: column clientes_clientsubsidiary.payment_grace_days does not exist
E               LINE 1: ...ss", "clientes_clientsubsidiary"."email_billing", "clientes_...
E                                                                            ^

/usr/local/lib/python3.12/site-packages/django/db/backends/utils.py:105: ProgrammingError

During handling of the above exception, another exception occurred:

request = <SubRequest '_django_setup_unittest' for <TestCaseFunction test_16_client_solo_ve_su_subsidiaria>>
django_db_blocker = <pytest_django.plugin.DjangoDbBlocker object at 0x7640925f01d0>

    @pytest.fixture(autouse=True, scope="class")
    def _django_setup_unittest(
        request: pytest.FixtureRequest,
        django_db_blocker: DjangoDbBlocker,
    ) -> Generator[None, None, None]:
        """Setup a django unittest, internal to pytest-django."""
        if not django_settings_is_configured() or not is_django_unittest(request):
            yield
            return
    
        # Fix/patch pytest.
        # Before pytest 5.4: https://github.com/pytest-dev/pytest/issues/5991
        # After pytest 5.4: https://github.com/pytest-dev/pytest-django/issues/824
        from _pytest.unittest import TestCaseFunction
    
        original_runtest = TestCaseFunction.runtest
    
        def non_debugging_runtest(self) -> None:
            self._testcase(result=self)
    
        from django.test import SimpleTestCase
    
        assert issubclass(request.cls, SimpleTestCase)  # Guarded by 'is_django_unittest'
        try:
            TestCaseFunction.runtest = non_debugging_runtest  # type: ignore[method-assign]
    
            # Don't set up the DB if the unittest does not require DB.
            # The `databases` propery seems like the best indicator for that.
            if request.cls.databases:
>               request.getfixturevalue("django_db_setup")

/usr/local/lib/python3.12/site-packages/pytest_django/plugin.py:565: 
_ _ _ _ _ _ _ _ _ _ _ _ _ _ _ _ _ _ _ _ _ _ _ _ _ _ _ _ _ _ _ _ _ _ _ _ _ _ _ _ 
/usr/local/lib/python3.12/site-packages/pytest_django/fixtures.py:144: in django_db_setup
    db_cfg = setup_databases(
/usr/local/lib/python3.12/site-packages/django/test/utils.py:206: in setup_databases
    connection.creation.create_test_db(
/usr/local/lib/python3.12/site-packages/django/db/backends/base/creation.py:94: in create_test_db
    self.connection._test_serialized_contents = self.serialize_db_to_string()
/usr/local/lib/python3.12/site-packages/django/db/backends/base/creation.py:145: in serialize_db_to_string
    serializers.serialize("json", get_objects(), indent=None, stream=out)
/usr/local/lib/python3.12/site-packages/django/core/serializers/__init__.py:134: in serialize
    s.serialize(queryset, **options)
/usr/local/lib/python3.12/site-packages/django/core/serializers/base.py:109: in serialize
    for count, obj in enumerate(queryset, start=1):
/usr/local/lib/python3.12/site-packages/django/db/backends/base/creation.py:141: in get_objects
    yield from queryset.iterator(chunk_size=chunk_size)
/usr/local/lib/python3.12/site-packages/django/db/models/query.py:518: in _iterator
    yield from iterable
/usr/local/lib/python3.12/site-packages/django/db/models/query.py:91: in __iter__
    results = compiler.execute_sql(
_ _ _ _ _ _ _ _ _ _ _ _ _ _ _ _ _ _ _ _ _ _ _ _ _ _ _ _ _ _ _ _ _ _ _ _ _ _ _ _ 

self = <SQLCompiler model=ClientSubsidiary connection=<DatabaseWrapper vendor='postgresql' alias='default'> using='default'>
result_type = 'multi', chunked_fetch = True, chunk_size = 2000

    def execute_sql(
        self, result_type=MULTI, chunked_fetch=False, chunk_size=GET_ITERATOR_CHUNK_SIZE
    ):
        """
        Run the query against the database and return the result(s). The
        return value is a single data item if result_type is SINGLE, or an
        iterator over the results if the result_type is MULTI.
    
        result_type is either MULTI (use fetchmany() to retrieve all rows),
        SINGLE (only retrieve a single row), or None. In this last case, the
        cursor is returned if any query is executed, since it's used by
        subclasses such as InsertQuery). It's possible, however, that no query
        is needed, as the filters describe an empty set. In that case, None is
        returned, to avoid any unnecessary database interaction.
        """
        result_type = result_type or NO_RESULTS
        try:
            sql, params = self.as_sql()
            if not sql:
                raise EmptyResultSet
        except EmptyResultSet:
            if result_type == MULTI:
                return iter([])
            else:
                return
        if chunked_fetch:
            cursor = self.connection.chunked_cursor()
        else:
            cursor = self.connection.cursor()
        try:
            cursor.execute(sql, params)
        except Exception:
            # Might fail for server-side cursors (e.g. connection closed)
>           cursor.close()
E           psycopg2.errors.InvalidCursorName: cursor "_django_curs_130019719265152_sync_49" does not exist

/usr/local/lib/python3.12/site-packages/django/db/models/sql/compiler.py:1577: InvalidCursorName
________ ERROR at setup of TestActivityFeedPermisos.test_19_ceo_ve_todo ________

self = <django.db.backends.utils.CursorWrapper object at 0x76408e401580>
sql = 'SELECT "clientes_clientsubsidiary"."id", "clientes_clientsubsidiary"."group_id", "clientes_clientsubsidiary"."alias",...clientes_clientsubsidiary"."updated_at" FROM "clientes_clientsubsidiary" ORDER BY "clientes_clientsubsidiary"."id" ASC'
params = ()
ignored_wrapper_args = (False, {'connection': <DatabaseWrapper vendor='postgresql' alias='default'>, 'cursor': <django.db.backends.utils.CursorWrapper object at 0x76408e401580>})

    def _execute(self, sql, params, *ignored_wrapper_args):
        # Raise a warning during app initialization (stored_app_configs is only
        # ever set during testing).
        if not apps.ready and not apps.stored_app_configs:
            warnings.warn(self.APPS_NOT_READY_WARNING_MSG, category=RuntimeWarning)
        self.db.validate_no_broken_transaction()
        with self.db.wrap_database_errors:
            if params is None:
                # params default might be backend specific.
                return self.cursor.execute(sql)
            else:
>               return self.cursor.execute(sql, params)
E               psycopg2.errors.UndefinedColumn: column clientes_clientsubsidiary.payment_grace_days does not exist
E               LINE 1: ...ss", "clientes_clientsubsidiary"."email_billing", "clientes_...
E                                                                            ^

/usr/local/lib/python3.12/site-packages/django/db/backends/utils.py:105: UndefinedColumn

The above exception was the direct cause of the following exception:

self = <SQLCompiler model=ClientSubsidiary connection=<DatabaseWrapper vendor='postgresql' alias='default'> using='default'>
result_type = 'multi', chunked_fetch = True, chunk_size = 2000

    def execute_sql(
        self, result_type=MULTI, chunked_fetch=False, chunk_size=GET_ITERATOR_CHUNK_SIZE
    ):
        """
        Run the query against the database and return the result(s). The
        return value is a single data item if result_type is SINGLE, or an
        iterator over the results if the result_type is MULTI.
    
        result_type is either MULTI (use fetchmany() to retrieve all rows),
        SINGLE (only retrieve a single row), or None. In this last case, the
        cursor is returned if any query is executed, since it's used by
        subclasses such as InsertQuery). It's possible, however, that no query
        is needed, as the filters describe an empty set. In that case, None is
        returned, to avoid any unnecessary database interaction.
        """
        result_type = result_type or NO_RESULTS
        try:
            sql, params = self.as_sql()
            if not sql:
                raise EmptyResultSet
        except EmptyResultSet:
            if result_type == MULTI:
                return iter([])
            else:
                return
        if chunked_fetch:
            cursor = self.connection.chunked_cursor()
        else:
            cursor = self.connection.cursor()
        try:
>           cursor.execute(sql, params)

/usr/local/lib/python3.12/site-packages/django/db/models/sql/compiler.py:1574: 
_ _ _ _ _ _ _ _ _ _ _ _ _ _ _ _ _ _ _ _ _ _ _ _ _ _ _ _ _ _ _ _ _ _ _ _ _ _ _ _ 
/usr/local/lib/python3.12/site-packages/django/db/backends/utils.py:79: in execute
    return self._execute_with_wrappers(
/usr/local/lib/python3.12/site-packages/django/db/backends/utils.py:92: in _execute_with_wrappers
    return executor(sql, params, many, context)
/usr/local/lib/python3.12/site-packages/django/db/backends/utils.py:100: in _execute
    with self.db.wrap_database_errors:
/usr/local/lib/python3.12/site-packages/django/db/utils.py:91: in __exit__
    raise dj_exc_value.with_traceback(traceback) from exc_value
_ _ _ _ _ _ _ _ _ _ _ _ _ _ _ _ _ _ _ _ _ _ _ _ _ _ _ _ _ _ _ _ _ _ _ _ _ _ _ _ 

self = <django.db.backends.utils.CursorWrapper object at 0x76408e401580>
sql = 'SELECT "clientes_clientsubsidiary"."id", "clientes_clientsubsidiary"."group_id", "clientes_clientsubsidiary"."alias",...clientes_clientsubsidiary"."updated_at" FROM "clientes_clientsubsidiary" ORDER BY "clientes_clientsubsidiary"."id" ASC'
params = ()
ignored_wrapper_args = (False, {'connection': <DatabaseWrapper vendor='postgresql' alias='default'>, 'cursor': <django.db.backends.utils.CursorWrapper object at 0x76408e401580>})

    def _execute(self, sql, params, *ignored_wrapper_args):
        # Raise a warning during app initialization (stored_app_configs is only
        # ever set during testing).
        if not apps.ready and not apps.stored_app_configs:
            warnings.warn(self.APPS_NOT_READY_WARNING_MSG, category=RuntimeWarning)
        self.db.validate_no_broken_transaction()
        with self.db.wrap_database_errors:
            if params is None:
                # params default might be backend specific.
                return self.cursor.execute(sql)
            else:
>               return self.cursor.execute(sql, params)
E               django.db.utils.ProgrammingError: column clientes_clientsubsidiary.payment_grace_days does not exist
E               LINE 1: ...ss", "clientes_clientsubsidiary"."email_billing", "clientes_...
E                                                                            ^

/usr/local/lib/python3.12/site-packages/django/db/backends/utils.py:105: ProgrammingError

During handling of the above exception, another exception occurred:

request = <SubRequest '_django_setup_unittest' for <TestCaseFunction test_16_client_solo_ve_su_subsidiaria>>
django_db_blocker = <pytest_django.plugin.DjangoDbBlocker object at 0x7640925f01d0>

    @pytest.fixture(autouse=True, scope="class")
    def _django_setup_unittest(
        request: pytest.FixtureRequest,
        django_db_blocker: DjangoDbBlocker,
    ) -> Generator[None, None, None]:
        """Setup a django unittest, internal to pytest-django."""
        if not django_settings_is_configured() or not is_django_unittest(request):
            yield
            return
    
        # Fix/patch pytest.
        # Before pytest 5.4: https://github.com/pytest-dev/pytest/issues/5991
        # After pytest 5.4: https://github.com/pytest-dev/pytest-django/issues/824
        from _pytest.unittest import TestCaseFunction
    
        original_runtest = TestCaseFunction.runtest
    
        def non_debugging_runtest(self) -> None:
            self._testcase(result=self)
    
        from django.test import SimpleTestCase
    
        assert issubclass(request.cls, SimpleTestCase)  # Guarded by 'is_django_unittest'
        try:
            TestCaseFunction.runtest = non_debugging_runtest  # type: ignore[method-assign]
    
            # Don't set up the DB if the unittest does not require DB.
            # The `databases` propery seems like the best indicator for that.
            if request.cls.databases:
>               request.getfixturevalue("django_db_setup")

/usr/local/lib/python3.12/site-packages/pytest_django/plugin.py:565: 
_ _ _ _ _ _ _ _ _ _ _ _ _ _ _ _ _ _ _ _ _ _ _ _ _ _ _ _ _ _ _ _ _ _ _ _ _ _ _ _ 
/usr/local/lib/python3.12/site-packages/pytest_django/fixtures.py:144: in django_db_setup
    db_cfg = setup_databases(
/usr/local/lib/python3.12/site-packages/django/test/utils.py:206: in setup_databases
    connection.creation.create_test_db(
/usr/local/lib/python3.12/site-packages/django/db/backends/base/creation.py:94: in create_test_db
    self.connection._test_serialized_contents = self.serialize_db_to_string()
/usr/local/lib/python3.12/site-packages/django/db/backends/base/creation.py:145: in serialize_db_to_string
    serializers.serialize("json", get_objects(), indent=None, stream=out)
/usr/local/lib/python3.12/site-packages/django/core/serializers/__init__.py:134: in serialize
    s.serialize(queryset, **options)
/usr/local/lib/python3.12/site-packages/django/core/serializers/base.py:109: in serialize
    for count, obj in enumerate(queryset, start=1):
/usr/local/lib/python3.12/site-packages/django/db/backends/base/creation.py:141: in get_objects
    yield from queryset.iterator(chunk_size=chunk_size)
/usr/local/lib/python3.12/site-packages/django/db/models/query.py:518: in _iterator
    yield from iterable
/usr/local/lib/python3.12/site-packages/django/db/models/query.py:91: in __iter__
    results = compiler.execute_sql(
_ _ _ _ _ _ _ _ _ _ _ _ _ _ _ _ _ _ _ _ _ _ _ _ _ _ _ _ _ _ _ _ _ _ _ _ _ _ _ _ 

self = <SQLCompiler model=ClientSubsidiary connection=<DatabaseWrapper vendor='postgresql' alias='default'> using='default'>
result_type = 'multi', chunked_fetch = True, chunk_size = 2000

    def execute_sql(
        self, result_type=MULTI, chunked_fetch=False, chunk_size=GET_ITERATOR_CHUNK_SIZE
    ):
        """
        Run the query against the database and return the result(s). The
        return value is a single data item if result_type is SINGLE, or an
        iterator over the results if the result_type is MULTI.
    
        result_type is either MULTI (use fetchmany() to retrieve all rows),
        SINGLE (only retrieve a single row), or None. In this last case, the
        cursor is returned if any query is executed, since it's used by
        subclasses such as InsertQuery). It's possible, however, that no query
        is needed, as the filters describe an empty set. In that case, None is
        returned, to avoid any unnecessary database interaction.
        """
        result_type = result_type or NO_RESULTS
        try:
            sql, params = self.as_sql()
            if not sql:
                raise EmptyResultSet
        except EmptyResultSet:
            if result_type == MULTI:
                return iter([])
            else:
                return
        if chunked_fetch:
            cursor = self.connection.chunked_cursor()
        else:
            cursor = self.connection.cursor()
        try:
            cursor.execute(sql, params)
        except Exception:
            # Might fail for server-side cursors (e.g. connection closed)
>           cursor.close()
E           psycopg2.errors.InvalidCursorName: cursor "_django_curs_130019719265152_sync_49" does not exist

/usr/local/lib/python3.12/site-packages/django/db/models/sql/compiler.py:1577: InvalidCursorName
______ ERROR at setup of TestActivityFeedAuth.test_20_no_autenticado_401 _______

self = <django.db.backends.utils.CursorWrapper object at 0x76408e401580>
sql = 'SELECT "clientes_clientsubsidiary"."id", "clientes_clientsubsidiary"."group_id", "clientes_clientsubsidiary"."alias",...clientes_clientsubsidiary"."updated_at" FROM "clientes_clientsubsidiary" ORDER BY "clientes_clientsubsidiary"."id" ASC'
params = ()
ignored_wrapper_args = (False, {'connection': <DatabaseWrapper vendor='postgresql' alias='default'>, 'cursor': <django.db.backends.utils.CursorWrapper object at 0x76408e401580>})

    def _execute(self, sql, params, *ignored_wrapper_args):
        # Raise a warning during app initialization (stored_app_configs is only
        # ever set during testing).
        if not apps.ready and not apps.stored_app_configs:
            warnings.warn(self.APPS_NOT_READY_WARNING_MSG, category=RuntimeWarning)
        self.db.validate_no_broken_transaction()
        with self.db.wrap_database_errors:
            if params is None:
                # params default might be backend specific.
                return self.cursor.execute(sql)
            else:
>               return self.cursor.execute(sql, params)
E               psycopg2.errors.UndefinedColumn: column clientes_clientsubsidiary.payment_grace_days does not exist
E               LINE 1: ...ss", "clientes_clientsubsidiary"."email_billing", "clientes_...
E                                                                            ^

/usr/local/lib/python3.12/site-packages/django/db/backends/utils.py:105: UndefinedColumn

The above exception was the direct cause of the following exception:

self = <SQLCompiler model=ClientSubsidiary connection=<DatabaseWrapper vendor='postgresql' alias='default'> using='default'>
result_type = 'multi', chunked_fetch = True, chunk_size = 2000

    def execute_sql(
        self, result_type=MULTI, chunked_fetch=False, chunk_size=GET_ITERATOR_CHUNK_SIZE
    ):
        """
        Run the query against the database and return the result(s). The
        return value is a single data item if result_type is SINGLE, or an
        iterator over the results if the result_type is MULTI.
    
        result_type is either MULTI (use fetchmany() to retrieve all rows),
        SINGLE (only retrieve a single row), or None. In this last case, the
        cursor is returned if any query is executed, since it's used by
        subclasses such as InsertQuery). It's possible, however, that no query
        is needed, as the filters describe an empty set. In that case, None is
        returned, to avoid any unnecessary database interaction.
        """
        result_type = result_type or NO_RESULTS
        try:
            sql, params = self.as_sql()
            if not sql:
                raise EmptyResultSet
        except EmptyResultSet:
            if result_type == MULTI:
                return iter([])
            else:
                return
        if chunked_fetch:
            cursor = self.connection.chunked_cursor()
        else:
            cursor = self.connection.cursor()
        try:
>           cursor.execute(sql, params)

/usr/local/lib/python3.12/site-packages/django/db/models/sql/compiler.py:1574: 
_ _ _ _ _ _ _ _ _ _ _ _ _ _ _ _ _ _ _ _ _ _ _ _ _ _ _ _ _ _ _ _ _ _ _ _ _ _ _ _ 
/usr/local/lib/python3.12/site-packages/django/db/backends/utils.py:79: in execute
    return self._execute_with_wrappers(
/usr/local/lib/python3.12/site-packages/django/db/backends/utils.py:92: in _execute_with_wrappers
    return executor(sql, params, many, context)
/usr/local/lib/python3.12/site-packages/django/db/backends/utils.py:100: in _execute
    with self.db.wrap_database_errors:
/usr/local/lib/python3.12/site-packages/django/db/utils.py:91: in __exit__
    raise dj_exc_value.with_traceback(traceback) from exc_value
_ _ _ _ _ _ _ _ _ _ _ _ _ _ _ _ _ _ _ _ _ _ _ _ _ _ _ _ _ _ _ _ _ _ _ _ _ _ _ _ 

self = <django.db.backends.utils.CursorWrapper object at 0x76408e401580>
sql = 'SELECT "clientes_clientsubsidiary"."id", "clientes_clientsubsidiary"."group_id", "clientes_clientsubsidiary"."alias",...clientes_clientsubsidiary"."updated_at" FROM "clientes_clientsubsidiary" ORDER BY "clientes_clientsubsidiary"."id" ASC'
params = ()
ignored_wrapper_args = (False, {'connection': <DatabaseWrapper vendor='postgresql' alias='default'>, 'cursor': <django.db.backends.utils.CursorWrapper object at 0x76408e401580>})

    def _execute(self, sql, params, *ignored_wrapper_args):
        # Raise a warning during app initialization (stored_app_configs is only
        # ever set during testing).
        if not apps.ready and not apps.stored_app_configs:
            warnings.warn(self.APPS_NOT_READY_WARNING_MSG, category=RuntimeWarning)
        self.db.validate_no_broken_transaction()
        with self.db.wrap_database_errors:
            if params is None:
                # params default might be backend specific.
                return self.cursor.execute(sql)
            else:
>               return self.cursor.execute(sql, params)
E               django.db.utils.ProgrammingError: column clientes_clientsubsidiary.payment_grace_days does not exist
E               LINE 1: ...ss", "clientes_clientsubsidiary"."email_billing", "clientes_...
E                                                                            ^

/usr/local/lib/python3.12/site-packages/django/db/backends/utils.py:105: ProgrammingError

During handling of the above exception, another exception occurred:

request = <SubRequest '_django_setup_unittest' for <TestCaseFunction test_20_no_autenticado_401>>
django_db_blocker = <pytest_django.plugin.DjangoDbBlocker object at 0x7640925f01d0>

    @pytest.fixture(autouse=True, scope="class")
    def _django_setup_unittest(
        request: pytest.FixtureRequest,
        django_db_blocker: DjangoDbBlocker,
    ) -> Generator[None, None, None]:
        """Setup a django unittest, internal to pytest-django."""
        if not django_settings_is_configured() or not is_django_unittest(request):
            yield
            return
    
        # Fix/patch pytest.
        # Before pytest 5.4: https://github.com/pytest-dev/pytest/issues/5991
        # After pytest 5.4: https://github.com/pytest-dev/pytest-django/issues/824
        from _pytest.unittest import TestCaseFunction
    
        original_runtest = TestCaseFunction.runtest
    
        def non_debugging_runtest(self) -> None:
            self._testcase(result=self)
    
        from django.test import SimpleTestCase
    
        assert issubclass(request.cls, SimpleTestCase)  # Guarded by 'is_django_unittest'
        try:
            TestCaseFunction.runtest = non_debugging_runtest  # type: ignore[method-assign]
    
            # Don't set up the DB if the unittest does not require DB.
            # The `databases` propery seems like the best indicator for that.
            if request.cls.databases:
>               request.getfixturevalue("django_db_setup")

/usr/local/lib/python3.12/site-packages/pytest_django/plugin.py:565: 
_ _ _ _ _ _ _ _ _ _ _ _ _ _ _ _ _ _ _ _ _ _ _ _ _ _ _ _ _ _ _ _ _ _ _ _ _ _ _ _ 
/usr/local/lib/python3.12/site-packages/pytest_django/fixtures.py:144: in django_db_setup
    db_cfg = setup_databases(
/usr/local/lib/python3.12/site-packages/django/test/utils.py:206: in setup_databases
    connection.creation.create_test_db(
/usr/local/lib/python3.12/site-packages/django/db/backends/base/creation.py:94: in create_test_db
    self.connection._test_serialized_contents = self.serialize_db_to_string()
/usr/local/lib/python3.12/site-packages/django/db/backends/base/creation.py:145: in serialize_db_to_string
    serializers.serialize("json", get_objects(), indent=None, stream=out)
/usr/local/lib/python3.12/site-packages/django/core/serializers/__init__.py:134: in serialize
    s.serialize(queryset, **options)
/usr/local/lib/python3.12/site-packages/django/core/serializers/base.py:109: in serialize
    for count, obj in enumerate(queryset, start=1):
/usr/local/lib/python3.12/site-packages/django/db/backends/base/creation.py:141: in get_objects
    yield from queryset.iterator(chunk_size=chunk_size)
/usr/local/lib/python3.12/site-packages/django/db/models/query.py:518: in _iterator
    yield from iterable
/usr/local/lib/python3.12/site-packages/django/db/models/query.py:91: in __iter__
    results = compiler.execute_sql(
_ _ _ _ _ _ _ _ _ _ _ _ _ _ _ _ _ _ _ _ _ _ _ _ _ _ _ _ _ _ _ _ _ _ _ _ _ _ _ _ 

self = <SQLCompiler model=ClientSubsidiary connection=<DatabaseWrapper vendor='postgresql' alias='default'> using='default'>
result_type = 'multi', chunked_fetch = True, chunk_size = 2000

    def execute_sql(
        self, result_type=MULTI, chunked_fetch=False, chunk_size=GET_ITERATOR_CHUNK_SIZE
    ):
        """
        Run the query against the database and return the result(s). The
        return value is a single data item if result_type is SINGLE, or an
        iterator over the results if the result_type is MULTI.
    
        result_type is either MULTI (use fetchmany() to retrieve all rows),
        SINGLE (only retrieve a single row), or None. In this last case, the
        cursor is returned if any query is executed, since it's used by
        subclasses such as InsertQuery). It's possible, however, that no query
        is needed, as the filters describe an empty set. In that case, None is
        returned, to avoid any unnecessary database interaction.
        """
        result_type = result_type or NO_RESULTS
        try:
            sql, params = self.as_sql()
            if not sql:
                raise EmptyResultSet
        except EmptyResultSet:
            if result_type == MULTI:
                return iter([])
            else:
                return
        if chunked_fetch:
            cursor = self.connection.chunked_cursor()
        else:
            cursor = self.connection.cursor()
        try:
            cursor.execute(sql, params)
        except Exception:
            # Might fail for server-side cursors (e.g. connection closed)
>           cursor.close()
E           psycopg2.errors.InvalidCursorName: cursor "_django_curs_130019719265152_sync_49" does not exist

/usr/local/lib/python3.12/site-packages/django/db/models/sql/compiler.py:1577: InvalidCursorName
____ ERROR at setup of TestActivityFeedCount.test_21_count_unread_correcto _____

self = <django.db.backends.utils.CursorWrapper object at 0x76408e401580>
sql = 'SELECT "clientes_clientsubsidiary"."id", "clientes_clientsubsidiary"."group_id", "clientes_clientsubsidiary"."alias",...clientes_clientsubsidiary"."updated_at" FROM "clientes_clientsubsidiary" ORDER BY "clientes_clientsubsidiary"."id" ASC'
params = ()
ignored_wrapper_args = (False, {'connection': <DatabaseWrapper vendor='postgresql' alias='default'>, 'cursor': <django.db.backends.utils.CursorWrapper object at 0x76408e401580>})

    def _execute(self, sql, params, *ignored_wrapper_args):
        # Raise a warning during app initialization (stored_app_configs is only
        # ever set during testing).
        if not apps.ready and not apps.stored_app_configs:
            warnings.warn(self.APPS_NOT_READY_WARNING_MSG, category=RuntimeWarning)
        self.db.validate_no_broken_transaction()
        with self.db.wrap_database_errors:
            if params is None:
                # params default might be backend specific.
                return self.cursor.execute(sql)
            else:
>               return self.cursor.execute(sql, params)
E               psycopg2.errors.UndefinedColumn: column clientes_clientsubsidiary.payment_grace_days does not exist
E               LINE 1: ...ss", "clientes_clientsubsidiary"."email_billing", "clientes_...
E                                                                            ^

/usr/local/lib/python3.12/site-packages/django/db/backends/utils.py:105: UndefinedColumn

The above exception was the direct cause of the following exception:

self = <SQLCompiler model=ClientSubsidiary connection=<DatabaseWrapper vendor='postgresql' alias='default'> using='default'>
result_type = 'multi', chunked_fetch = True, chunk_size = 2000

    def execute_sql(
        self, result_type=MULTI, chunked_fetch=False, chunk_size=GET_ITERATOR_CHUNK_SIZE
    ):
        """
        Run the query against the database and return the result(s). The
        return value is a single data item if result_type is SINGLE, or an
        iterator over the results if the result_type is MULTI.
    
        result_type is either MULTI (use fetchmany() to retrieve all rows),
        SINGLE (only retrieve a single row), or None. In this last case, the
        cursor is returned if any query is executed, since it's used by
        subclasses such as InsertQuery). It's possible, however, that no query
        is needed, as the filters describe an empty set. In that case, None is
        returned, to avoid any unnecessary database interaction.
        """
        result_type = result_type or NO_RESULTS
        try:
            sql, params = self.as_sql()
            if not sql:
                raise EmptyResultSet
        except EmptyResultSet:
            if result_type == MULTI:
                return iter([])
            else:
                return
        if chunked_fetch:
            cursor = self.connection.chunked_cursor()
        else:
            cursor = self.connection.cursor()
        try:
>           cursor.execute(sql, params)

/usr/local/lib/python3.12/site-packages/django/db/models/sql/compiler.py:1574: 
_ _ _ _ _ _ _ _ _ _ _ _ _ _ _ _ _ _ _ _ _ _ _ _ _ _ _ _ _ _ _ _ _ _ _ _ _ _ _ _ 
/usr/local/lib/python3.12/site-packages/django/db/backends/utils.py:79: in execute
    return self._execute_with_wrappers(
/usr/local/lib/python3.12/site-packages/django/db/backends/utils.py:92: in _execute_with_wrappers
    return executor(sql, params, many, context)
/usr/local/lib/python3.12/site-packages/django/db/backends/utils.py:100: in _execute
    with self.db.wrap_database_errors:
/usr/local/lib/python3.12/site-packages/django/db/utils.py:91: in __exit__
    raise dj_exc_value.with_traceback(traceback) from exc_value
_ _ _ _ _ _ _ _ _ _ _ _ _ _ _ _ _ _ _ _ _ _ _ _ _ _ _ _ _ _ _ _ _ _ _ _ _ _ _ _ 

self = <django.db.backends.utils.CursorWrapper object at 0x76408e401580>
sql = 'SELECT "clientes_clientsubsidiary"."id", "clientes_clientsubsidiary"."group_id", "clientes_clientsubsidiary"."alias",...clientes_clientsubsidiary"."updated_at" FROM "clientes_clientsubsidiary" ORDER BY "clientes_clientsubsidiary"."id" ASC'
params = ()
ignored_wrapper_args = (False, {'connection': <DatabaseWrapper vendor='postgresql' alias='default'>, 'cursor': <django.db.backends.utils.CursorWrapper object at 0x76408e401580>})

    def _execute(self, sql, params, *ignored_wrapper_args):
        # Raise a warning during app initialization (stored_app_configs is only
        # ever set during testing).
        if not apps.ready and not apps.stored_app_configs:
            warnings.warn(self.APPS_NOT_READY_WARNING_MSG, category=RuntimeWarning)
        self.db.validate_no_broken_transaction()
        with self.db.wrap_database_errors:
            if params is None:
                # params default might be backend specific.
                return self.cursor.execute(sql)
            else:
>               return self.cursor.execute(sql, params)
E               django.db.utils.ProgrammingError: column clientes_clientsubsidiary.payment_grace_days does not exist
E               LINE 1: ...ss", "clientes_clientsubsidiary"."email_billing", "clientes_...
E                                                                            ^

/usr/local/lib/python3.12/site-packages/django/db/backends/utils.py:105: ProgrammingError

During handling of the above exception, another exception occurred:

request = <SubRequest '_django_setup_unittest' for <TestCaseFunction test_21_count_unread_correcto>>
django_db_blocker = <pytest_django.plugin.DjangoDbBlocker object at 0x7640925f01d0>

    @pytest.fixture(autouse=True, scope="class")
    def _django_setup_unittest(
        request: pytest.FixtureRequest,
        django_db_blocker: DjangoDbBlocker,
    ) -> Generator[None, None, None]:
        """Setup a django unittest, internal to pytest-django."""
        if not django_settings_is_configured() or not is_django_unittest(request):
            yield
            return
    
        # Fix/patch pytest.
        # Before pytest 5.4: https://github.com/pytest-dev/pytest/issues/5991
        # After pytest 5.4: https://github.com/pytest-dev/pytest-django/issues/824
        from _pytest.unittest import TestCaseFunction
    
        original_runtest = TestCaseFunction.runtest
    
        def non_debugging_runtest(self) -> None:
            self._testcase(result=self)
    
        from django.test import SimpleTestCase
    
        assert issubclass(request.cls, SimpleTestCase)  # Guarded by 'is_django_unittest'
        try:
            TestCaseFunction.runtest = non_debugging_runtest  # type: ignore[method-assign]
    
            # Don't set up the DB if the unittest does not require DB.
            # The `databases` propery seems like the best indicator for that.
            if request.cls.databases:
>               request.getfixturevalue("django_db_setup")

/usr/local/lib/python3.12/site-packages/pytest_django/plugin.py:565: 
_ _ _ _ _ _ _ _ _ _ _ _ _ _ _ _ _ _ _ _ _ _ _ _ _ _ _ _ _ _ _ _ _ _ _ _ _ _ _ _ 
/usr/local/lib/python3.12/site-packages/pytest_django/fixtures.py:144: in django_db_setup
    db_cfg = setup_databases(
/usr/local/lib/python3.12/site-packages/django/test/utils.py:206: in setup_databases
    connection.creation.create_test_db(
/usr/local/lib/python3.12/site-packages/django/db/backends/base/creation.py:94: in create_test_db
    self.connection._test_serialized_contents = self.serialize_db_to_string()
/usr/local/lib/python3.12/site-packages/django/db/backends/base/creation.py:145: in serialize_db_to_string
    serializers.serialize("json", get_objects(), indent=None, stream=out)
/usr/local/lib/python3.12/site-packages/django/core/serializers/__init__.py:134: in serialize
    s.serialize(queryset, **options)
/usr/local/lib/python3.12/site-packages/django/core/serializers/base.py:109: in serialize
    for count, obj in enumerate(queryset, start=1):
/usr/local/lib/python3.12/site-packages/django/db/backends/base/creation.py:141: in get_objects
    yield from queryset.iterator(chunk_size=chunk_size)
/usr/local/lib/python3.12/site-packages/django/db/models/query.py:518: in _iterator
    yield from iterable
/usr/local/lib/python3.12/site-packages/django/db/models/query.py:91: in __iter__
    results = compiler.execute_sql(
_ _ _ _ _ _ _ _ _ _ _ _ _ _ _ _ _ _ _ _ _ _ _ _ _ _ _ _ _ _ _ _ _ _ _ _ _ _ _ _ 

self = <SQLCompiler model=ClientSubsidiary connection=<DatabaseWrapper vendor='postgresql' alias='default'> using='default'>
result_type = 'multi', chunked_fetch = True, chunk_size = 2000

    def execute_sql(
        self, result_type=MULTI, chunked_fetch=False, chunk_size=GET_ITERATOR_CHUNK_SIZE
    ):
        """
        Run the query against the database and return the result(s). The
        return value is a single data item if result_type is SINGLE, or an
        iterator over the results if the result_type is MULTI.
    
        result_type is either MULTI (use fetchmany() to retrieve all rows),
        SINGLE (only retrieve a single row), or None. In this last case, the
        cursor is returned if any query is executed, since it's used by
        subclasses such as InsertQuery). It's possible, however, that no query
        is needed, as the filters describe an empty set. In that case, None is
        returned, to avoid any unnecessary database interaction.
        """
        result_type = result_type or NO_RESULTS
        try:
            sql, params = self.as_sql()
            if not sql:
                raise EmptyResultSet
        except EmptyResultSet:
            if result_type == MULTI:
                return iter([])
            else:
                return
        if chunked_fetch:
            cursor = self.connection.chunked_cursor()
        else:
            cursor = self.connection.cursor()
        try:
            cursor.execute(sql, params)
        except Exception:
            # Might fail for server-side cursors (e.g. connection closed)
>           cursor.close()
E           psycopg2.errors.InvalidCursorName: cursor "_django_curs_130019719265152_sync_49" does not exist

/usr/local/lib/python3.12/site-packages/django/db/models/sql/compiler.py:1577: InvalidCursorName
___ ERROR at setup of TestActivityFeedCount.test_22_count_150_eventos_cap_99 ___

self = <django.db.backends.utils.CursorWrapper object at 0x76408e401580>
sql = 'SELECT "clientes_clientsubsidiary"."id", "clientes_clientsubsidiary"."group_id", "clientes_clientsubsidiary"."alias",...clientes_clientsubsidiary"."updated_at" FROM "clientes_clientsubsidiary" ORDER BY "clientes_clientsubsidiary"."id" ASC'
params = ()
ignored_wrapper_args = (False, {'connection': <DatabaseWrapper vendor='postgresql' alias='default'>, 'cursor': <django.db.backends.utils.CursorWrapper object at 0x76408e401580>})

    def _execute(self, sql, params, *ignored_wrapper_args):
        # Raise a warning during app initialization (stored_app_configs is only
        # ever set during testing).
        if not apps.ready and not apps.stored_app_configs:
            warnings.warn(self.APPS_NOT_READY_WARNING_MSG, category=RuntimeWarning)
        self.db.validate_no_broken_transaction()
        with self.db.wrap_database_errors:
            if params is None:
                # params default might be backend specific.
                return self.cursor.execute(sql)
            else:
>               return self.cursor.execute(sql, params)
E               psycopg2.errors.UndefinedColumn: column clientes_clientsubsidiary.payment_grace_days does not exist
E               LINE 1: ...ss", "clientes_clientsubsidiary"."email_billing", "clientes_...
E                                                                            ^

/usr/local/lib/python3.12/site-packages/django/db/backends/utils.py:105: UndefinedColumn

The above exception was the direct cause of the following exception:

self = <SQLCompiler model=ClientSubsidiary connection=<DatabaseWrapper vendor='postgresql' alias='default'> using='default'>
result_type = 'multi', chunked_fetch = True, chunk_size = 2000

    def execute_sql(
        self, result_type=MULTI, chunked_fetch=False, chunk_size=GET_ITERATOR_CHUNK_SIZE
    ):
        """
        Run the query against the database and return the result(s). The
        return value is a single data item if result_type is SINGLE, or an
        iterator over the results if the result_type is MULTI.
    
        result_type is either MULTI (use fetchmany() to retrieve all rows),
        SINGLE (only retrieve a single row), or None. In this last case, the
        cursor is returned if any query is executed, since it's used by
        subclasses such as InsertQuery). It's possible, however, that no query
        is needed, as the filters describe an empty set. In that case, None is
        returned, to avoid any unnecessary database interaction.
        """
        result_type = result_type or NO_RESULTS
        try:
            sql, params = self.as_sql()
            if not sql:
                raise EmptyResultSet
        except EmptyResultSet:
            if result_type == MULTI:
                return iter([])
            else:
                return
        if chunked_fetch:
            cursor = self.connection.chunked_cursor()
        else:
            cursor = self.connection.cursor()
        try:
>           cursor.execute(sql, params)

/usr/local/lib/python3.12/site-packages/django/db/models/sql/compiler.py:1574: 
_ _ _ _ _ _ _ _ _ _ _ _ _ _ _ _ _ _ _ _ _ _ _ _ _ _ _ _ _ _ _ _ _ _ _ _ _ _ _ _ 
/usr/local/lib/python3.12/site-packages/django/db/backends/utils.py:79: in execute
    return self._execute_with_wrappers(
/usr/local/lib/python3.12/site-packages/django/db/backends/utils.py:92: in _execute_with_wrappers
    return executor(sql, params, many, context)
/usr/local/lib/python3.12/site-packages/django/db/backends/utils.py:100: in _execute
    with self.db.wrap_database_errors:
/usr/local/lib/python3.12/site-packages/django/db/utils.py:91: in __exit__
    raise dj_exc_value.with_traceback(traceback) from exc_value
_ _ _ _ _ _ _ _ _ _ _ _ _ _ _ _ _ _ _ _ _ _ _ _ _ _ _ _ _ _ _ _ _ _ _ _ _ _ _ _ 

self = <django.db.backends.utils.CursorWrapper object at 0x76408e401580>
sql = 'SELECT "clientes_clientsubsidiary"."id", "clientes_clientsubsidiary"."group_id", "clientes_clientsubsidiary"."alias",...clientes_clientsubsidiary"."updated_at" FROM "clientes_clientsubsidiary" ORDER BY "clientes_clientsubsidiary"."id" ASC'
params = ()
ignored_wrapper_args = (False, {'connection': <DatabaseWrapper vendor='postgresql' alias='default'>, 'cursor': <django.db.backends.utils.CursorWrapper object at 0x76408e401580>})

    def _execute(self, sql, params, *ignored_wrapper_args):
        # Raise a warning during app initialization (stored_app_configs is only
        # ever set during testing).
        if not apps.ready and not apps.stored_app_configs:
            warnings.warn(self.APPS_NOT_READY_WARNING_MSG, category=RuntimeWarning)
        self.db.validate_no_broken_transaction()
        with self.db.wrap_database_errors:
            if params is None:
                # params default might be backend specific.
                return self.cursor.execute(sql)
            else:
>               return self.cursor.execute(sql, params)
E               django.db.utils.ProgrammingError: column clientes_clientsubsidiary.payment_grace_days does not exist
E               LINE 1: ...ss", "clientes_clientsubsidiary"."email_billing", "clientes_...
E                                                                            ^

/usr/local/lib/python3.12/site-packages/django/db/backends/utils.py:105: ProgrammingError

During handling of the above exception, another exception occurred:

request = <SubRequest '_django_setup_unittest' for <TestCaseFunction test_21_count_unread_correcto>>
django_db_blocker = <pytest_django.plugin.DjangoDbBlocker object at 0x7640925f01d0>

    @pytest.fixture(autouse=True, scope="class")
    def _django_setup_unittest(
        request: pytest.FixtureRequest,
        django_db_blocker: DjangoDbBlocker,
    ) -> Generator[None, None, None]:
        """Setup a django unittest, internal to pytest-django."""
        if not django_settings_is_configured() or not is_django_unittest(request):
            yield
            return
    
        # Fix/patch pytest.
        # Before pytest 5.4: https://github.com/pytest-dev/pytest/issues/5991
        # After pytest 5.4: https://github.com/pytest-dev/pytest-django/issues/824
        from _pytest.unittest import TestCaseFunction
    
        original_runtest = TestCaseFunction.runtest
    
        def non_debugging_runtest(self) -> None:
            self._testcase(result=self)
    
        from django.test import SimpleTestCase
    
        assert issubclass(request.cls, SimpleTestCase)  # Guarded by 'is_django_unittest'
        try:
            TestCaseFunction.runtest = non_debugging_runtest  # type: ignore[method-assign]
    
            # Don't set up the DB if the unittest does not require DB.
            # The `databases` propery seems like the best indicator for that.
            if request.cls.databases:
>               request.getfixturevalue("django_db_setup")

/usr/local/lib/python3.12/site-packages/pytest_django/plugin.py:565: 
_ _ _ _ _ _ _ _ _ _ _ _ _ _ _ _ _ _ _ _ _ _ _ _ _ _ _ _ _ _ _ _ _ _ _ _ _ _ _ _ 
/usr/local/lib/python3.12/site-packages/pytest_django/fixtures.py:144: in django_db_setup
    db_cfg = setup_databases(
/usr/local/lib/python3.12/site-packages/django/test/utils.py:206: in setup_databases
    connection.creation.create_test_db(
/usr/local/lib/python3.12/site-packages/django/db/backends/base/creation.py:94: in create_test_db
    self.connection._test_serialized_contents = self.serialize_db_to_string()
/usr/local/lib/python3.12/site-packages/django/db/backends/base/creation.py:145: in serialize_db_to_string
    serializers.serialize("json", get_objects(), indent=None, stream=out)
/usr/local/lib/python3.12/site-packages/django/core/serializers/__init__.py:134: in serialize
    s.serialize(queryset, **options)
/usr/local/lib/python3.12/site-packages/django/core/serializers/base.py:109: in serialize
    for count, obj in enumerate(queryset, start=1):
/usr/local/lib/python3.12/site-packages/django/db/backends/base/creation.py:141: in get_objects
    yield from queryset.iterator(chunk_size=chunk_size)
/usr/local/lib/python3.12/site-packages/django/db/models/query.py:518: in _iterator
    yield from iterable
/usr/local/lib/python3.12/site-packages/django/db/models/query.py:91: in __iter__
    results = compiler.execute_sql(
_ _ _ _ _ _ _ _ _ _ _ _ _ _ _ _ _ _ _ _ _ _ _ _ _ _ _ _ _ _ _ _ _ _ _ _ _ _ _ _ 

self = <SQLCompiler model=ClientSubsidiary connection=<DatabaseWrapper vendor='postgresql' alias='default'> using='default'>
result_type = 'multi', chunked_fetch = True, chunk_size = 2000

    def execute_sql(
        self, result_type=MULTI, chunked_fetch=False, chunk_size=GET_ITERATOR_CHUNK_SIZE
    ):
        """
        Run the query against the database and return the result(s). The
        return value is a single data item if result_type is SINGLE, or an
        iterator over the results if the result_type is MULTI.
    
        result_type is either MULTI (use fetchmany() to retrieve all rows),
        SINGLE (only retrieve a single row), or None. In this last case, the
        cursor is returned if any query is executed, since it's used by
        subclasses such as InsertQuery). It's possible, however, that no query
        is needed, as the filters describe an empty set. In that case, None is
        returned, to avoid any unnecessary database interaction.
        """
        result_type = result_type or NO_RESULTS
        try:
            sql, params = self.as_sql()
            if not sql:
                raise EmptyResultSet
        except EmptyResultSet:
            if result_type == MULTI:
                return iter([])
            else:
                return
        if chunked_fetch:
            cursor = self.connection.chunked_cursor()
        else:
            cursor = self.connection.cursor()
        try:
            cursor.execute(sql, params)
        except Exception:
            # Might fail for server-side cursors (e.g. connection closed)
>           cursor.close()
E           psycopg2.errors.InvalidCursorName: cursor "_django_curs_130019719265152_sync_49" does not exist

/usr/local/lib/python3.12/site-packages/django/db/models/sql/compiler.py:1577: InvalidCursorName
___ ERROR at setup of TestActivityFeedCount.test_23_count_cero_sin_has_more ____

self = <django.db.backends.utils.CursorWrapper object at 0x76408e401580>
sql = 'SELECT "clientes_clientsubsidiary"."id", "clientes_clientsubsidiary"."group_id", "clientes_clientsubsidiary"."alias",...clientes_clientsubsidiary"."updated_at" FROM "clientes_clientsubsidiary" ORDER BY "clientes_clientsubsidiary"."id" ASC'
params = ()
ignored_wrapper_args = (False, {'connection': <DatabaseWrapper vendor='postgresql' alias='default'>, 'cursor': <django.db.backends.utils.CursorWrapper object at 0x76408e401580>})

    def _execute(self, sql, params, *ignored_wrapper_args):
        # Raise a warning during app initialization (stored_app_configs is only
        # ever set during testing).
        if not apps.ready and not apps.stored_app_configs:
            warnings.warn(self.APPS_NOT_READY_WARNING_MSG, category=RuntimeWarning)
        self.db.validate_no_broken_transaction()
        with self.db.wrap_database_errors:
            if params is None:
                # params default might be backend specific.
                return self.cursor.execute(sql)
            else:
>               return self.cursor.execute(sql, params)
E               psycopg2.errors.UndefinedColumn: column clientes_clientsubsidiary.payment_grace_days does not exist
E               LINE 1: ...ss", "clientes_clientsubsidiary"."email_billing", "clientes_...
E                                                                            ^

/usr/local/lib/python3.12/site-packages/django/db/backends/utils.py:105: UndefinedColumn

The above exception was the direct cause of the following exception:

self = <SQLCompiler model=ClientSubsidiary connection=<DatabaseWrapper vendor='postgresql' alias='default'> using='default'>
result_type = 'multi', chunked_fetch = True, chunk_size = 2000

    def execute_sql(
        self, result_type=MULTI, chunked_fetch=False, chunk_size=GET_ITERATOR_CHUNK_SIZE
    ):
        """
        Run the query against the database and return the result(s). The
        return value is a single data item if result_type is SINGLE, or an
        iterator over the results if the result_type is MULTI.
    
        result_type is either MULTI (use fetchmany() to retrieve all rows),
        SINGLE (only retrieve a single row), or None. In this last case, the
        cursor is returned if any query is executed, since it's used by
        subclasses such as InsertQuery). It's possible, however, that no query
        is needed, as the filters describe an empty set. In that case, None is
        returned, to avoid any unnecessary database interaction.
        """
        result_type = result_type or NO_RESULTS
        try:
            sql, params = self.as_sql()
            if not sql:
                raise EmptyResultSet
        except EmptyResultSet:
            if result_type == MULTI:
                return iter([])
            else:
                return
        if chunked_fetch:
            cursor = self.connection.chunked_cursor()
        else:
            cursor = self.connection.cursor()
        try:
>           cursor.execute(sql, params)

/usr/local/lib/python3.12/site-packages/django/db/models/sql/compiler.py:1574: 
_ _ _ _ _ _ _ _ _ _ _ _ _ _ _ _ _ _ _ _ _ _ _ _ _ _ _ _ _ _ _ _ _ _ _ _ _ _ _ _ 
/usr/local/lib/python3.12/site-packages/django/db/backends/utils.py:79: in execute
    return self._execute_with_wrappers(
/usr/local/lib/python3.12/site-packages/django/db/backends/utils.py:92: in _execute_with_wrappers
    return executor(sql, params, many, context)
/usr/local/lib/python3.12/site-packages/django/db/backends/utils.py:100: in _execute
    with self.db.wrap_database_errors:
/usr/local/lib/python3.12/site-packages/django/db/utils.py:91: in __exit__
    raise dj_exc_value.with_traceback(traceback) from exc_value
_ _ _ _ _ _ _ _ _ _ _ _ _ _ _ _ _ _ _ _ _ _ _ _ _ _ _ _ _ _ _ _ _ _ _ _ _ _ _ _ 

self = <django.db.backends.utils.CursorWrapper object at 0x76408e401580>
sql = 'SELECT "clientes_clientsubsidiary"."id", "clientes_clientsubsidiary"."group_id", "clientes_clientsubsidiary"."alias",...clientes_clientsubsidiary"."updated_at" FROM "clientes_clientsubsidiary" ORDER BY "clientes_clientsubsidiary"."id" ASC'
params = ()
ignored_wrapper_args = (False, {'connection': <DatabaseWrapper vendor='postgresql' alias='default'>, 'cursor': <django.db.backends.utils.CursorWrapper object at 0x76408e401580>})

    def _execute(self, sql, params, *ignored_wrapper_args):
        # Raise a warning during app initialization (stored_app_configs is only
        # ever set during testing).
        if not apps.ready and not apps.stored_app_configs:
            warnings.warn(self.APPS_NOT_READY_WARNING_MSG, category=RuntimeWarning)
        self.db.validate_no_broken_transaction()
        with self.db.wrap_database_errors:
            if params is None:
                # params default might be backend specific.
                return self.cursor.execute(sql)
            else:
>               return self.cursor.execute(sql, params)
E               django.db.utils.ProgrammingError: column clientes_clientsubsidiary.payment_grace_days does not exist
E               LINE 1: ...ss", "clientes_clientsubsidiary"."email_billing", "clientes_...
E                                                                            ^

/usr/local/lib/python3.12/site-packages/django/db/backends/utils.py:105: ProgrammingError

During handling of the above exception, another exception occurred:

request = <SubRequest '_django_setup_unittest' for <TestCaseFunction test_21_count_unread_correcto>>
django_db_blocker = <pytest_django.plugin.DjangoDbBlocker object at 0x7640925f01d0>

    @pytest.fixture(autouse=True, scope="class")
    def _django_setup_unittest(
        request: pytest.FixtureRequest,
        django_db_blocker: DjangoDbBlocker,
    ) -> Generator[None, None, None]:
        """Setup a django unittest, internal to pytest-django."""
        if not django_settings_is_configured() or not is_django_unittest(request):
            yield
            return
    
        # Fix/patch pytest.
        # Before pytest 5.4: https://github.com/pytest-dev/pytest/issues/5991
        # After pytest 5.4: https://github.com/pytest-dev/pytest-django/issues/824
        from _pytest.unittest import TestCaseFunction
    
        original_runtest = TestCaseFunction.runtest
    
        def non_debugging_runtest(self) -> None:
            self._testcase(result=self)
    
        from django.test import SimpleTestCase
    
        assert issubclass(request.cls, SimpleTestCase)  # Guarded by 'is_django_unittest'
        try:
            TestCaseFunction.runtest = non_debugging_runtest  # type: ignore[method-assign]
    
            # Don't set up the DB if the unittest does not require DB.
            # The `databases` propery seems like the best indicator for that.
            if request.cls.databases:
>               request.getfixturevalue("django_db_setup")

/usr/local/lib/python3.12/site-packages/pytest_django/plugin.py:565: 
_ _ _ _ _ _ _ _ _ _ _ _ _ _ _ _ _ _ _ _ _ _ _ _ _ _ _ _ _ _ _ _ _ _ _ _ _ _ _ _ 
/usr/local/lib/python3.12/site-packages/pytest_django/fixtures.py:144: in django_db_setup
    db_cfg = setup_databases(
/usr/local/lib/python3.12/site-packages/django/test/utils.py:206: in setup_databases
    connection.creation.create_test_db(
/usr/local/lib/python3.12/site-packages/django/db/backends/base/creation.py:94: in create_test_db
    self.connection._test_serialized_contents = self.serialize_db_to_string()
/usr/local/lib/python3.12/site-packages/django/db/backends/base/creation.py:145: in serialize_db_to_string
    serializers.serialize("json", get_objects(), indent=None, stream=out)
/usr/local/lib/python3.12/site-packages/django/core/serializers/__init__.py:134: in serialize
    s.serialize(queryset, **options)
/usr/local/lib/python3.12/site-packages/django/core/serializers/base.py:109: in serialize
    for count, obj in enumerate(queryset, start=1):
/usr/local/lib/python3.12/site-packages/django/db/backends/base/creation.py:141: in get_objects
    yield from queryset.iterator(chunk_size=chunk_size)
/usr/local/lib/python3.12/site-packages/django/db/models/query.py:518: in _iterator
    yield from iterable
/usr/local/lib/python3.12/site-packages/django/db/models/query.py:91: in __iter__
    results = compiler.execute_sql(
_ _ _ _ _ _ _ _ _ _ _ _ _ _ _ _ _ _ _ _ _ _ _ _ _ _ _ _ _ _ _ _ _ _ _ _ _ _ _ _ 

self = <SQLCompiler model=ClientSubsidiary connection=<DatabaseWrapper vendor='postgresql' alias='default'> using='default'>
result_type = 'multi', chunked_fetch = True, chunk_size = 2000

    def execute_sql(
        self, result_type=MULTI, chunked_fetch=False, chunk_size=GET_ITERATOR_CHUNK_SIZE
    ):
        """
        Run the query against the database and return the result(s). The
        return value is a single data item if result_type is SINGLE, or an
        iterator over the results if the result_type is MULTI.
    
        result_type is either MULTI (use fetchmany() to retrieve all rows),
        SINGLE (only retrieve a single row), or None. In this last case, the
        cursor is returned if any query is executed, since it's used by
        subclasses such as InsertQuery). It's possible, however, that no query
        is needed, as the filters describe an empty set. In that case, None is
        returned, to avoid any unnecessary database interaction.
        """
        result_type = result_type or NO_RESULTS
        try:
            sql, params = self.as_sql()
            if not sql:
                raise EmptyResultSet
        except EmptyResultSet:
            if result_type == MULTI:
                return iter([])
            else:
                return
        if chunked_fetch:
            cursor = self.connection.chunked_cursor()
        else:
            cursor = self.connection.cursor()
        try:
            cursor.execute(sql, params)
        except Exception:
            # Might fail for server-side cursors (e.g. connection closed)
>           cursor.close()
E           psycopg2.errors.InvalidCursorName: cursor "_django_curs_130019719265152_sync_49" does not exist

/usr/local/lib/python3.12/site-packages/django/db/models/sql/compiler.py:1577: InvalidCursorName
_ ERROR at setup of TestBackwardCompat.test_24_eventlog_create_sin_campos_s21_no_explota _

self = <django.db.backends.utils.CursorWrapper object at 0x76408e401580>
sql = 'SELECT "clientes_clientsubsidiary"."id", "clientes_clientsubsidiary"."group_id", "clientes_clientsubsidiary"."alias",...clientes_clientsubsidiary"."updated_at" FROM "clientes_clientsubsidiary" ORDER BY "clientes_clientsubsidiary"."id" ASC'
params = ()
ignored_wrapper_args = (False, {'connection': <DatabaseWrapper vendor='postgresql' alias='default'>, 'cursor': <django.db.backends.utils.CursorWrapper object at 0x76408e401580>})

    def _execute(self, sql, params, *ignored_wrapper_args):
        # Raise a warning during app initialization (stored_app_configs is only
        # ever set during testing).
        if not apps.ready and not apps.stored_app_configs:
            warnings.warn(self.APPS_NOT_READY_WARNING_MSG, category=RuntimeWarning)
        self.db.validate_no_broken_transaction()
        with self.db.wrap_database_errors:
            if params is None:
                # params default might be backend specific.
                return self.cursor.execute(sql)
            else:
>               return self.cursor.execute(sql, params)
E               psycopg2.errors.UndefinedColumn: column clientes_clientsubsidiary.payment_grace_days does not exist
E               LINE 1: ...ss", "clientes_clientsubsidiary"."email_billing", "clientes_...
E                                                                            ^

/usr/local/lib/python3.12/site-packages/django/db/backends/utils.py:105: UndefinedColumn

The above exception was the direct cause of the following exception:

self = <SQLCompiler model=ClientSubsidiary connection=<DatabaseWrapper vendor='postgresql' alias='default'> using='default'>
result_type = 'multi', chunked_fetch = True, chunk_size = 2000

    def execute_sql(
        self, result_type=MULTI, chunked_fetch=False, chunk_size=GET_ITERATOR_CHUNK_SIZE
    ):
        """
        Run the query against the database and return the result(s). The
        return value is a single data item if result_type is SINGLE, or an
        iterator over the results if the result_type is MULTI.
    
        result_type is either MULTI (use fetchmany() to retrieve all rows),
        SINGLE (only retrieve a single row), or None. In this last case, the
        cursor is returned if any query is executed, since it's used by
        subclasses such as InsertQuery). It's possible, however, that no query
        is needed, as the filters describe an empty set. In that case, None is
        returned, to avoid any unnecessary database interaction.
        """
        result_type = result_type or NO_RESULTS
        try:
            sql, params = self.as_sql()
            if not sql:
                raise EmptyResultSet
        except EmptyResultSet:
            if result_type == MULTI:
                return iter([])
            else:
                return
        if chunked_fetch:
            cursor = self.connection.chunked_cursor()
        else:
            cursor = self.connection.cursor()
        try:
>           cursor.execute(sql, params)

/usr/local/lib/python3.12/site-packages/django/db/models/sql/compiler.py:1574: 
_ _ _ _ _ _ _ _ _ _ _ _ _ _ _ _ _ _ _ _ _ _ _ _ _ _ _ _ _ _ _ _ _ _ _ _ _ _ _ _ 
/usr/local/lib/python3.12/site-packages/django/db/backends/utils.py:79: in execute
    return self._execute_with_wrappers(
/usr/local/lib/python3.12/site-packages/django/db/backends/utils.py:92: in _execute_with_wrappers
    return executor(sql, params, many, context)
/usr/local/lib/python3.12/site-packages/django/db/backends/utils.py:100: in _execute
    with self.db.wrap_database_errors:
/usr/local/lib/python3.12/site-packages/django/db/utils.py:91: in __exit__
    raise dj_exc_value.with_traceback(traceback) from exc_value
_ _ _ _ _ _ _ _ _ _ _ _ _ _ _ _ _ _ _ _ _ _ _ _ _ _ _ _ _ _ _ _ _ _ _ _ _ _ _ _ 

self = <django.db.backends.utils.CursorWrapper object at 0x76408e401580>
sql = 'SELECT "clientes_clientsubsidiary"."id", "clientes_clientsubsidiary"."group_id", "clientes_clientsubsidiary"."alias",...clientes_clientsubsidiary"."updated_at" FROM "clientes_clientsubsidiary" ORDER BY "clientes_clientsubsidiary"."id" ASC'
params = ()
ignored_wrapper_args = (False, {'connection': <DatabaseWrapper vendor='postgresql' alias='default'>, 'cursor': <django.db.backends.utils.CursorWrapper object at 0x76408e401580>})

    def _execute(self, sql, params, *ignored_wrapper_args):
        # Raise a warning during app initialization (stored_app_configs is only
        # ever set during testing).
        if not apps.ready and not apps.stored_app_configs:
            warnings.warn(self.APPS_NOT_READY_WARNING_MSG, category=RuntimeWarning)
        self.db.validate_no_broken_transaction()
        with self.db.wrap_database_errors:
            if params is None:
                # params default might be backend specific.
                return self.cursor.execute(sql)
            else:
>               return self.cursor.execute(sql, params)
E               django.db.utils.ProgrammingError: column clientes_clientsubsidiary.payment_grace_days does not exist
E               LINE 1: ...ss", "clientes_clientsubsidiary"."email_billing", "clientes_...
E                                                                            ^

/usr/local/lib/python3.12/site-packages/django/db/backends/utils.py:105: ProgrammingError

During handling of the above exception, another exception occurred:

request = <SubRequest '_django_setup_unittest' for <TestCaseFunction test_24_eventlog_create_sin_campos_s21_no_explota>>
django_db_blocker = <pytest_django.plugin.DjangoDbBlocker object at 0x7640925f01d0>

    @pytest.fixture(autouse=True, scope="class")
    def _django_setup_unittest(
        request: pytest.FixtureRequest,
        django_db_blocker: DjangoDbBlocker,
    ) -> Generator[None, None, None]:
        """Setup a django unittest, internal to pytest-django."""
        if not django_settings_is_configured() or not is_django_unittest(request):
            yield
            return
    
        # Fix/patch pytest.
        # Before pytest 5.4: https://github.com/pytest-dev/pytest/issues/5991
        # After pytest 5.4: https://github.com/pytest-dev/pytest-django/issues/824
        from _pytest.unittest import TestCaseFunction
    
        original_runtest = TestCaseFunction.runtest
    
        def non_debugging_runtest(self) -> None:
            self._testcase(result=self)
    
        from django.test import SimpleTestCase
    
        assert issubclass(request.cls, SimpleTestCase)  # Guarded by 'is_django_unittest'
        try:
            TestCaseFunction.runtest = non_debugging_runtest  # type: ignore[method-assign]
    
            # Don't set up the DB if the unittest does not require DB.
            # The `databases` propery seems like the best indicator for that.
            if request.cls.databases:
>               request.getfixturevalue("django_db_setup")

/usr/local/lib/python3.12/site-packages/pytest_django/plugin.py:565: 
_ _ _ _ _ _ _ _ _ _ _ _ _ _ _ _ _ _ _ _ _ _ _ _ _ _ _ _ _ _ _ _ _ _ _ _ _ _ _ _ 
/usr/local/lib/python3.12/site-packages/pytest_django/fixtures.py:144: in django_db_setup
    db_cfg = setup_databases(
/usr/local/lib/python3.12/site-packages/django/test/utils.py:206: in setup_databases
    connection.creation.create_test_db(
/usr/local/lib/python3.12/site-packages/django/db/backends/base/creation.py:94: in create_test_db
    self.connection._test_serialized_contents = self.serialize_db_to_string()
/usr/local/lib/python3.12/site-packages/django/db/backends/base/creation.py:145: in serialize_db_to_string
    serializers.serialize("json", get_objects(), indent=None, stream=out)
/usr/local/lib/python3.12/site-packages/django/core/serializers/__init__.py:134: in serialize
    s.serialize(queryset, **options)
/usr/local/lib/python3.12/site-packages/django/core/serializers/base.py:109: in serialize
    for count, obj in enumerate(queryset, start=1):
/usr/local/lib/python3.12/site-packages/django/db/backends/base/creation.py:141: in get_objects
    yield from queryset.iterator(chunk_size=chunk_size)
/usr/local/lib/python3.12/site-packages/django/db/models/query.py:518: in _iterator
    yield from iterable
/usr/local/lib/python3.12/site-packages/django/db/models/query.py:91: in __iter__
    results = compiler.execute_sql(
_ _ _ _ _ _ _ _ _ _ _ _ _ _ _ _ _ _ _ _ _ _ _ _ _ _ _ _ _ _ _ _ _ _ _ _ _ _ _ _ 

self = <SQLCompiler model=ClientSubsidiary connection=<DatabaseWrapper vendor='postgresql' alias='default'> using='default'>
result_type = 'multi', chunked_fetch = True, chunk_size = 2000

    def execute_sql(
        self, result_type=MULTI, chunked_fetch=False, chunk_size=GET_ITERATOR_CHUNK_SIZE
    ):
        """
        Run the query against the database and return the result(s). The
        return value is a single data item if result_type is SINGLE, or an
        iterator over the results if the result_type is MULTI.
    
        result_type is either MULTI (use fetchmany() to retrieve all rows),
        SINGLE (only retrieve a single row), or None. In this last case, the
        cursor is returned if any query is executed, since it's used by
        subclasses such as InsertQuery). It's possible, however, that no query
        is needed, as the filters describe an empty set. In that case, None is
        returned, to avoid any unnecessary database interaction.
        """
        result_type = result_type or NO_RESULTS
        try:
            sql, params = self.as_sql()
            if not sql:
                raise EmptyResultSet
        except EmptyResultSet:
            if result_type == MULTI:
                return iter([])
            else:
                return
        if chunked_fetch:
            cursor = self.connection.chunked_cursor()
        else:
            cursor = self.connection.cursor()
        try:
            cursor.execute(sql, params)
        except Exception:
            # Might fail for server-side cursors (e.g. connection closed)
>           cursor.close()
E           psycopg2.errors.InvalidCursorName: cursor "_django_curs_130019719265152_sync_49" does not exist

/usr/local/lib/python3.12/site-packages/django/db/models/sql/compiler.py:1577: InvalidCursorName
=========================== short test summary info ============================
ERROR apps/expedientes/tests/test_activity_feed.py::TestEventLogCamposS21::test_01_command_c1_event_tiene_user_y_action_source - psycopg2.errors.InvalidCursorName: cursor "_django_curs_130019719265152_sync_49" does not exist
ERROR apps/expedientes/tests/test_activity_feed.py::TestEventLogCamposS21::test_02_command_c5_tiene_status_transition - psycopg2.errors.InvalidCursorName: cursor "_django_curs_130019719265152_sync_49" does not exist
ERROR apps/expedientes/tests/test_activity_feed.py::TestEventLogCamposS21::test_03_create_proforma_tiene_proforma_fk - psycopg2.errors.InvalidCursorName: cursor "_django_curs_130019719265152_sync_49" does not exist
ERROR apps/expedientes/tests/test_activity_feed.py::TestEventLogCamposS21::test_04_change_mode_action_source - psycopg2.errors.InvalidCursorName: cursor "_django_curs_130019719265152_sync_49" does not exist
ERROR apps/expedientes/tests/test_activity_feed.py::TestEventLogCamposS21::test_05_celery_credit_clock_user_null - psycopg2.errors.InvalidCursorName: cursor "_django_curs_130019719265152_sync_49" does not exist
ERROR apps/expedientes/tests/test_activity_feed.py::TestEventLogCamposS21::test_06_eventlog_pre_s21_campos_nuevos_null - psycopg2.errors.InvalidCursorName: cursor "_django_curs_130019719265152_sync_49" does not exist
ERROR apps/expedientes/tests/test_activity_feed.py::TestUserNotificationState::test_07_primera_visita_get_or_create_last_seen_none - psycopg2.errors.InvalidCursorName: cursor "_django_curs_130019719265152_sync_49" does not exist
ERROR apps/expedientes/tests/test_activity_feed.py::TestUserNotificationState::test_08_mark_seen_retorna_campos_correctos - psycopg2.errors.InvalidCursorName: cursor "_django_curs_130019719265152_sync_49" does not exist
ERROR apps/expedientes/tests/test_activity_feed.py::TestUserNotificationState::test_09_segundo_mark_seen_last_seen_avanza - psycopg2.errors.InvalidCursorName: cursor "_django_curs_130019719265152_sync_49" does not exist
ERROR apps/expedientes/tests/test_activity_feed.py::TestActivityFeedEndpoints::test_10_get_feed_sin_filtros_paginado - psycopg2.errors.InvalidCursorName: cursor "_django_curs_130019719265152_sync_49" does not exist
ERROR apps/expedientes/tests/test_activity_feed.py::TestActivityFeedEndpoints::test_11_get_feed_filtro_expediente - psycopg2.errors.InvalidCursorName: cursor "_django_curs_130019719265152_sync_49" does not exist
ERROR apps/expedientes/tests/test_activity_feed.py::TestActivityFeedEndpoints::test_12_get_feed_filtro_event_type - psycopg2.errors.InvalidCursorName: cursor "_django_curs_130019719265152_sync_49" does not exist
ERROR apps/expedientes/tests/test_activity_feed.py::TestActivityFeedEndpoints::test_13_get_feed_unread_only - psycopg2.errors.InvalidCursorName: cursor "_django_curs_130019719265152_sync_49" does not exist
ERROR apps/expedientes/tests/test_activity_feed.py::TestActivityFeedEndpoints::test_14_mark_seen_no_tiene_campo_marked - psycopg2.errors.InvalidCursorName: cursor "_django_curs_130019719265152_sync_49" does not exist
ERROR apps/expedientes/tests/test_activity_feed.py::TestActivityFeedEndpoints::test_15_mark_seen_avanza_al_max_visible - psycopg2.errors.InvalidCursorName: cursor "_django_curs_130019719265152_sync_49" does not exist
ERROR apps/expedientes/tests/test_activity_feed.py::TestActivityFeedPermisos::test_16_client_solo_ve_su_subsidiaria - psycopg2.errors.InvalidCursorName: cursor "_django_curs_130019719265152_sync_49" does not exist
ERROR apps/expedientes/tests/test_activity_feed.py::TestActivityFeedPermisos::test_17_client_no_ve_cost_registered - psycopg2.errors.InvalidCursorName: cursor "_django_curs_130019719265152_sync_49" does not exist
ERROR apps/expedientes/tests/test_activity_feed.py::TestActivityFeedPermisos::test_18_agent_solo_expedientes_que_opero - psycopg2.errors.InvalidCursorName: cursor "_django_curs_130019719265152_sync_49" does not exist
ERROR apps/expedientes/tests/test_activity_feed.py::TestActivityFeedPermisos::test_19_ceo_ve_todo - psycopg2.errors.InvalidCursorName: cursor "_django_curs_130019719265152_sync_49" does not exist
ERROR apps/expedientes/tests/test_activity_feed.py::TestActivityFeedAuth::test_20_no_autenticado_401 - psycopg2.errors.InvalidCursorName: cursor "_django_curs_130019719265152_sync_49" does not exist
ERROR apps/expedientes/tests/test_activity_feed.py::TestActivityFeedCount::test_21_count_unread_correcto - psycopg2.errors.InvalidCursorName: cursor "_django_curs_130019719265152_sync_49" does not exist
ERROR apps/expedientes/tests/test_activity_feed.py::TestActivityFeedCount::test_22_count_150_eventos_cap_99 - psycopg2.errors.InvalidCursorName: cursor "_django_curs_130019719265152_sync_49" does not exist
ERROR apps/expedientes/tests/test_activity_feed.py::TestActivityFeedCount::test_23_count_cero_sin_has_more - psycopg2.errors.InvalidCursorName: cursor "_django_curs_130019719265152_sync_49" does not exist
ERROR apps/expedientes/tests/test_activity_feed.py::TestBackwardCompat::test_24_eventlog_create_sin_campos_s21_no_explota - psycopg2.errors.InvalidCursorName: cursor "_django_curs_130019719265152_sync_49" does not exist
============================== 24 errors in 4.70s ==============================
